Archive member included to satisfy reference by file (symbol)

.\CortexM3\ARM_GCC_541\Debug\Design01.a(CyLib.o)
                              .\CortexM3\ARM_GCC_541\Debug\Cm3Start.o (CyHalt)
.\CortexM3\ARM_GCC_541\Debug\Design01.a(cyPm.o)
                              .\CortexM3\ARM_GCC_541\Debug\Design01.a(CyLib.o) (CyPmReadStatus)
.\CortexM3\ARM_GCC_541\Debug\Design01.a(Control_Reg_1.o)
                              .\CortexM3\ARM_GCC_541\Debug\main.o (Control_Reg_1_Write)
.\CortexM3\ARM_GCC_541\Debug\Design01.a(LED.o)
                              .\CortexM3\ARM_GCC_541\Debug\movement.o (LED_Write)
.\CortexM3\ARM_GCC_541\Debug\Design01.a(Pin_2.o)
                              .\CortexM3\ARM_GCC_541\Debug\colorsensor.o (Pin_2_Write)
.\CortexM3\ARM_GCC_541\Debug\Design01.a(Pin_1.o)
                              .\CortexM3\ARM_GCC_541\Debug\colorsensor.o (Pin_1_Write)
.\CortexM3\ARM_GCC_541\Debug\Design01.a(Pin_3.o)
                              .\CortexM3\ARM_GCC_541\Debug\colorsensor.o (Pin_3_Write)
.\CortexM3\ARM_GCC_541\Debug\Design01.a(UART_1.o)
                              .\CortexM3\ARM_GCC_541\Debug\main.o (UART_1_Start)
.\CortexM3\ARM_GCC_541\Debug\Design01.a(UART_1_IntClock.o)
                              .\CortexM3\ARM_GCC_541\Debug\Design01.a(UART_1.o) (UART_1_IntClock_Start)
.\CortexM3\ARM_GCC_541\Debug\Design01.a(Control_Reg_3.o)
                              .\CortexM3\ARM_GCC_541\Debug\main.o (Control_Reg_3_Write)
.\CortexM3\ARM_GCC_541\Debug\Design01.a(Control_Reg_2.o)
                              .\CortexM3\ARM_GCC_541\Debug\main.o (Control_Reg_2_Write)
.\CortexM3\ARM_GCC_541\Debug\Design01.a(isr_1.o)
                              .\CortexM3\ARM_GCC_541\Debug\main.o (isr_1_StartEx)
.\CortexM3\ARM_GCC_541\Debug\Design01.a(Timer_1.o)
                              .\CortexM3\ARM_GCC_541\Debug\ultrasonic.o (Timer_1_ReadStatusRegister)
.\CortexM3\ARM_GCC_541\Debug\Design01.a(PWM_rw.o)
                              .\CortexM3\ARM_GCC_541\Debug\main.o (PWM_rw_Start)
.\CortexM3\ARM_GCC_541\Debug\Design01.a(PWM_lw.o)
                              .\CortexM3\ARM_GCC_541\Debug\main.o (PWM_lw_Start)
.\CortexM3\ARM_GCC_541\Debug\Design01.a(dir_lw.o)
                              .\CortexM3\ARM_GCC_541\Debug\movement.o (dir_lw_Write)
.\CortexM3\ARM_GCC_541\Debug\Design01.a(dir_rw.o)
                              .\CortexM3\ARM_GCC_541\Debug\movement.o (dir_rw_Write)
.\CortexM3\ARM_GCC_541\Debug\Design01.a(Counter_right.o)
                              .\CortexM3\ARM_GCC_541\Debug\movement.o (Counter_right_ReadCounter)
.\CortexM3\ARM_GCC_541\Debug\Design01.a(Counter_left.o)
                              .\CortexM3\ARM_GCC_541\Debug\movement.o (Counter_left_ReadCounter)
.\CortexM3\ARM_GCC_541\Debug\Design01.a(Trigger_r.o)
                              .\CortexM3\ARM_GCC_541\Debug\ultrasonic.o (Trigger_r_Write)
.\CortexM3\ARM_GCC_541\Debug\Design01.a(ADC_DelSig_1.o)
                              .\CortexM3\ARM_GCC_541\Debug\main.o (ADC_DelSig_1_Start)
.\CortexM3\ARM_GCC_541\Debug\Design01.a(ADC_DelSig_1_INT.o)
                              .\CortexM3\ARM_GCC_541\Debug\Design01.a(ADC_DelSig_1.o) (ADC_DelSig_1_ISR1)
.\CortexM3\ARM_GCC_541\Debug\Design01.a(TIA_1.o)
                              .\CortexM3\ARM_GCC_541\Debug\main.o (TIA_1_Start)
.\CortexM3\ARM_GCC_541\Debug\Design01.a(IDAC8_1.o)
                              .\CortexM3\ARM_GCC_541\Debug\colorsensor.o (IDAC8_1_SetValue)
.\CortexM3\ARM_GCC_541\Debug\Design01.a(VDAC8_1.o)
                              .\CortexM3\ARM_GCC_541\Debug\main.o (VDAC8_1_Start)
.\CortexM3\ARM_GCC_541\Debug\Design01.a(ADC_DelSig_1_Ext_CP_Clk.o)
                              .\CortexM3\ARM_GCC_541\Debug\Design01.a(ADC_DelSig_1.o) (ADC_DelSig_1_Ext_CP_Clk_SetModeRegister)
.\CortexM3\ARM_GCC_541\Debug\Design01.a(ADC_DelSig_1_theACLK.o)
                              .\CortexM3\ARM_GCC_541\Debug\Design01.a(ADC_DelSig_1.o) (ADC_DelSig_1_theACLK_SetModeRegister)
.\CortexM3\ARM_GCC_541\Debug\Design01.a(Trigger_fl.o)
                              .\CortexM3\ARM_GCC_541\Debug\ultrasonic.o (Trigger_fl_Write)
.\CortexM3\ARM_GCC_541\Debug\Design01.a(Trigger_l.o)
                              .\CortexM3\ARM_GCC_541\Debug\ultrasonic.o (Trigger_l_Write)
.\CortexM3\ARM_GCC_541\Debug\Design01.a(Trigger_fr.o)
                              .\CortexM3\ARM_GCC_541\Debug\ultrasonic.o (Trigger_fr_Write)
.\CortexM3\ARM_GCC_541\Debug\Design01.a(dir_lift.o)
                              .\CortexM3\ARM_GCC_541\Debug\lifting.o (dir_lift_Write)
.\CortexM3\ARM_GCC_541\Debug\Design01.a(PWM_lift.o)
                              .\CortexM3\ARM_GCC_541\Debug\main.o (PWM_lift_Start)
.\CortexM3\ARM_GCC_541\Debug\Design01.a(Counter_lift.o)
                              .\CortexM3\ARM_GCC_541\Debug\lifting.o (Counter_lift_ReadCounter)
.\CortexM3\ARM_GCC_541\Debug\Design01.a(PWM_1.o)
                              .\CortexM3\ARM_GCC_541\Debug\gripper.o (PWM_1_WriteCompare)
[...]
Memory Configuration

Name             Origin             Length             Attributes
rom              0x00000000         0x00040000         xr
ram              0x1fff8000         0x00010000         xrw
*default*        0x00000000         0xffffffff

Linker script and memory map

LOAD c:/program files (x86)/cypress/psoc creator/4.2/psoc creator/import/gnu/arm/5.4.1/bin/../lib/gcc/arm-none-eabi/5.4.1/armv7-m/crti.o
LOAD c:/program files (x86)/cypress/psoc creator/4.2/psoc creator/import/gnu/arm/5.4.1/bin/../lib/gcc/arm-none-eabi/5.4.1/armv7-m/crtbegin.o
LOAD c:/program files (x86)/cypress/psoc creator/4.2/psoc creator/import/gnu/arm/5.4.1/bin/../lib/gcc/arm-none-eabi/5.4.1/../../../../arm-none-eabi/lib/armv7-m/crt0.o
START GROUP
LOAD .\CortexM3\ARM_GCC_541\Debug\main.o
LOAD .\CortexM3\ARM_GCC_541\Debug\colorsensor.o
LOAD .\CortexM3\ARM_GCC_541\Debug\movement.o
LOAD .\CortexM3\ARM_GCC_541\Debug\temp.o
LOAD .\CortexM3\ARM_GCC_541\Debug\temp_ultrasonic.o
LOAD .\CortexM3\ARM_GCC_541\Debug\ultrasonic.o
LOAD .\CortexM3\ARM_GCC_541\Debug\lifting.o
LOAD .\CortexM3\ARM_GCC_541\Debug\gripper.o
LOAD .\CortexM3\ARM_GCC_541\Debug\cyfitter_cfg.o
LOAD .\CortexM3\ARM_GCC_541\Debug\cymetadata.o
LOAD .\CortexM3\ARM_GCC_541\Debug\Cm3Start.o
LOAD .\CortexM3\ARM_GCC_541\Debug\Design01.a
LOAD C:\Program Files (x86)\Cypress\PSoC Creator\4.2\PSoC Creator\psoc\content\cycomponentlibrary\CyComponentLibrary.cylib\CortexM3\ARM_GCC_541\Debug\CyComponentLibrary.a
LOAD c:/program files (x86)/cypress/psoc creator/4.2/psoc creator/import/gnu/arm/5.4.1/bin/../lib/gcc/arm-none-eabi/5.4.1/../../../../arm-none-eabi/lib/armv7-m\libm.a
END GROUP
START GROUP
LOAD c:/program files (x86)/cypress/psoc creator/4.2/psoc creator/import/gnu/arm/5.4.1/bin/../lib/gcc/arm-none-eabi/5.4.1/armv7-m\libgcc.a
LOAD c:/program files (x86)/cypress/psoc creator/4.2/psoc creator/import/gnu/arm/5.4.1/bin/../lib/gcc/arm-none-eabi/5.4.1/../../../../arm-none-eabi/lib/armv7-m\libg_nano.a
LOAD c:/program files (x86)/cypress/psoc creator/4.2/psoc creator/import/gnu/arm/5.4.1/bin/../lib/gcc/arm-none-eabi/5.4.1/../../../../arm-none-eabi/lib/armv7-m\libc_nano.a
END GROUP
START GROUP
LOAD c:/program files (x86)/cypress/psoc creator/4.2/psoc creator/import/gnu/arm/5.4.1/bin/../lib/gcc/arm-none-eabi/5.4.1/armv7-m\libgcc.a
LOAD c:/program files (x86)/cypress/psoc creator/4.2/psoc creator/import/gnu/arm/5.4.1/bin/../lib/gcc/arm-none-eabi/5.4.1/../../../../arm-none-eabi/lib/armv7-m\libc_nano.a
END GROUP
LOAD c:/program files (x86)/cypress/psoc creator/4.2/psoc creator/import/gnu/arm/5.4.1/bin/../lib/gcc/arm-none-eabi/5.4.1/armv7-m/crtend.o
LOAD c:/program files (x86)/cypress/psoc creator/4.2/psoc creator/import/gnu/arm/5.4.1/bin/../lib/gcc/arm-none-eabi/5.4.1/armv7-m/crtn.o
START GROUP
LOAD c:/program files (x86)/cypress/psoc creator/4.2/psoc creator/import/gnu/arm/5.4.1/bin/../lib/gcc/arm-none-eabi/5.4.1/armv7-m\libgcc.a
LOAD c:/program files (x86)/cypress/psoc creator/4.2/psoc creator/import/gnu/arm/5.4.1/bin/../lib/gcc/arm-none-eabi/5.4.1/../../../../arm-none-eabi/lib/armv7-m\libc.a
LOAD c:/program files (x86)/cypress/psoc creator/4.2/psoc creator/import/gnu/arm/5.4.1/bin/../lib/gcc/arm-none-eabi/5.4.1/../../../../arm-none-eabi/lib/armv7-m\libnosys.a
END GROUP
                0x00000000                CY_APPL_ORIGIN = 0x0
                0x00000100                CY_FLASH_ROW_SIZE = 0x100
                0x00000020                CY_ECC_ROW_SIZE = 0x20
                0x00000000                CY_EE_IN_BTLDR = 0x0
                0x00000000                CY_APPL_LOADABLE = 0x0
                0x00000800                CY_EE_SIZE = 0x800
                0x00000001                CY_APPL_NUM = 0x1
                0x00000001                CY_APPL_MAX = 0x1
                0x00000040                CY_METADATA_SIZE = 0x40
                0x00000000                CY_APPL_LOADABLE = 0x0
                0x00000000                CY_CHECKSUM_EXCLUDE_SIZE = ALIGN (0x0, CY_FLASH_ROW_SIZE)
                [!provide]                PROVIDE (__cy_heap_start, _end)
                0x00000001                PROVIDE (__cy_region_num, ((__cy_regions_end - __cy_regions) / 0x10))
                0x20008000                PROVIDE (__cy_stack, (ORIGIN (ram) + LENGTH (ram)))
                [!provide]                PROVIDE (__cy_heap_end, (__cy_stack - 0x800))

.cybootloader   0x00000000        0x0
 *(.cybootloader)
                0x00000000                appl1_start = CY_APPL_ORIGIN?CY_APPL_ORIGIN:ALIGN (CY_FLASH_ROW_SIZE)
                0x0001ff00                appl2_start = (appl1_start + ALIGN ((((LENGTH (rom) - appl1_start) - (0x2 * CY_FLASH_ROW_SIZE)) / 0x2), CY_FLASH_ROW_SIZE))
                0x00000000                appl_start = (CY_APPL_NUM == 0x1)?appl1_start:appl2_start
                0x00000000                ecc_offset = ((appl_start / CY_FLASH_ROW_SIZE) * CY_ECC_ROW_SIZE)
                0x00000000                ee_offset = (CY_APPL_LOADABLE && ! (CY_EE_IN_BTLDR))?((CY_EE_SIZE / CY_APPL_MAX) * (CY_APPL_NUM - 0x1)):0x0
                0x00000800                ee_size = (CY_APPL_LOADABLE && ! (CY_EE_IN_BTLDR))?(CY_EE_SIZE / CY_APPL_MAX):CY_EE_SIZE
                [!provide]                PROVIDE (CY_ECC_OFFSET, ecc_offset)

.text           0x00000000     0x480c
 CREATE_OBJECT_SYMBOLS
                0x00000000                PROVIDE (__cy_interrupt_vector, RomVectors)
 *(.romvectors)
 .romvectors    0x00000000       0x10 .\CortexM3\ARM_GCC_541\Debug\Cm3Start.o
                0x00000000                RomVectors
                0x00000001                ASSERT ((. != __cy_interrupt_vector), No interrupt vector)
                0x00000001                ASSERT (CY_APPL_ORIGIN?(SIZEOF (.cybootloader) <= CY_APPL_ORIGIN):0x1, Wrong image location)
                0x00000010                PROVIDE (__cy_reset, Reset)
 *(.text.Reset)
 .text.Reset    0x00000010       0x18 .\CortexM3\ARM_GCC_541\Debug\Cm3Start.o
                0x00000010                Reset
                0x00000001                ASSERT ((. != __cy_reset), No reset code)
 *(.dma_init)
                0x00000001                ASSERT ((((appl_start + .) <= 0x10000) || 0x1), DMA Init must be within the first 64k of flash)
 *(.text .text.* .gnu.linkonce.t.*)
 .text          0x00000028       0x5c c:/program files (x86)/cypress/psoc creator/4.2/psoc creator/import/gnu/arm/5.4.1/bin/../lib/gcc/arm-none-eabi/5.4.1/armv7-m/crtbegin.o
 .text.Key_ISR_Handler
                0x00000084       0x38 .\CortexM3\ARM_GCC_541\Debug\main.o
                0x00000084                Key_ISR_Handler
 .text.main     0x000000bc       0x90 .\CortexM3\ARM_GCC_541\Debug\main.o
                0x000000bc                main
 *fill*         0x0000014c        0x4 
 .text.Timer_1_ISR_Handler
                0x00000150       0x94 .\CortexM3\ARM_GCC_541\Debug\ultrasonic.o
                0x00000150                Timer_1_ISR_Handler
 .text.Sense1   0x000001e4       0xe0 .\CortexM3\ARM_GCC_541\Debug\ultrasonic.o
                0x000001e4                Sense1
 .text.CyClockStartupError
                0x000002c4        0x4 .\CortexM3\ARM_GCC_541\Debug\cyfitter_cfg.o
 .text.cfg_write_bytes32
                0x000002c8       0x34 .\CortexM3\ARM_GCC_541\Debug\cyfitter_cfg.o
 .text.AnalogSetDefault
                0x000002fc       0x64 .\CortexM3\ARM_GCC_541\Debug\cyfitter_cfg.o
 .text.CYMEMZERO
                0x00000360        0xc .\CortexM3\ARM_GCC_541\Debug\cyfitter_cfg.o
 .text.CYCONFIGCPY
                0x0000036c        0x8 .\CortexM3\ARM_GCC_541\Debug\cyfitter_cfg.o
 .text.ClockSetup
                0x00000374      0x12c .\CortexM3\ARM_GCC_541\Debug\cyfitter_cfg.o
 .text.cyfitter_cfg
                0x000004a0      0x14c .\CortexM3\ARM_GCC_541\Debug\cyfitter_cfg.o
                0x000004a0                cyfitter_cfg
 .text.IntDefaultHandler
                0x000005ec       0x10 .\CortexM3\ARM_GCC_541\Debug\Cm3Start.o
                0x000005ec                IntDefaultHandler
 .text._sbrk    0x000005fc       0x30 .\CortexM3\ARM_GCC_541\Debug\Cm3Start.o
                0x000005fc                _sbrk
 .text.Start_c  0x0000062c       0x4c .\CortexM3\ARM_GCC_541\Debug\Cm3Start.o
                0x0000062c                Start_c
 .text.initialize_psoc
                0x00000678       0x68 .\CortexM3\ARM_GCC_541\Debug\Cm3Start.o
                0x00000678                initialize_psoc
 .text.CyHalt   0x000006e0        0x4 .\CortexM3\ARM_GCC_541\Debug\Design01.a(CyLib.o)
                0x000006e0                CyHalt
 .text.CyDelay  0x000006e4       0x2c .\CortexM3\ARM_GCC_541\Debug\Design01.a(CyLib.o)
                0x000006e4                CyDelay
 .text.CyDelayUs
                0x00000710       0x14 .\CortexM3\ARM_GCC_541\Debug\Design01.a(CyLib.o)
                0x00000710                CyDelayUs
 .text.CyIntSetVector
                0x00000724       0x28 .\CortexM3\ARM_GCC_541\Debug\Design01.a(CyLib.o)
                0x00000724                CyIntSetVector
 .text.CyIntSetPriority
                0x0000074c       0x30 .\CortexM3\ARM_GCC_541\Debug\Design01.a(CyLib.o)
                0x0000074c                CyIntSetPriority
 .text.Control_Reg_1_Write
                0x0000077c        0xc .\CortexM3\ARM_GCC_541\Debug\Design01.a(Control_Reg_1.o)
                0x0000077c                Control_Reg_1_Write
 .text.UART_1_Init
                0x00000788       0x24 .\CortexM3\ARM_GCC_541\Debug\Design01.a(UART_1.o)
                0x00000788                UART_1_Init
 .text.UART_1_Enable
                0x000007ac       0x38 .\CortexM3\ARM_GCC_541\Debug\Design01.a(UART_1.o)
                0x000007ac                UART_1_Enable
 .text.UART_1_Start
                0x000007e4       0x1c .\CortexM3\ARM_GCC_541\Debug\Design01.a(UART_1.o)
                0x000007e4                UART_1_Start
 .text.UART_1_PutChar
                0x00000800       0x18 .\CortexM3\ARM_GCC_541\Debug\Design01.a(UART_1.o)
                0x00000800                UART_1_PutChar
 .text.UART_1_PutString
                0x00000818       0x24 .\CortexM3\ARM_GCC_541\Debug\Design01.a(UART_1.o)
                0x00000818                UART_1_PutString
 .text.UART_1_IntClock_Start
                0x0000083c       0x1c .\CortexM3\ARM_GCC_541\Debug\Design01.a(UART_1_IntClock.o)
                0x0000083c                UART_1_IntClock_Start
 .text.Control_Reg_3_Write
                0x00000858        0xc .\CortexM3\ARM_GCC_541\Debug\Design01.a(Control_Reg_3.o)
                0x00000858                Control_Reg_3_Write
 .text.Control_Reg_2_Write
                0x00000864        0xc .\CortexM3\ARM_GCC_541\Debug\Design01.a(Control_Reg_2.o)
                0x00000864                Control_Reg_2_Write
 .text.isr_1_SetVector
                0x00000870        0xc .\CortexM3\ARM_GCC_541\Debug\Design01.a(isr_1.o)
                0x00000870                isr_1_SetVector
 .text.isr_1_SetPriority
                0x0000087c       0x10 .\CortexM3\ARM_GCC_541\Debug\Design01.a(isr_1.o)
                0x0000087c                isr_1_SetPriority
 .text.isr_1_Enable
                0x0000088c        0xc .\CortexM3\ARM_GCC_541\Debug\Design01.a(isr_1.o)
                0x0000088c                isr_1_Enable
 .text.isr_1_Disable
                0x00000898        0xc .\CortexM3\ARM_GCC_541\Debug\Design01.a(isr_1.o)
                0x00000898                isr_1_Disable
 .text.isr_1_StartEx
                0x000008a4       0x1c .\CortexM3\ARM_GCC_541\Debug\Design01.a(isr_1.o)
                0x000008a4                isr_1_StartEx
 .text.isr_1_ClearPending
                0x000008c0        0xc .\CortexM3\ARM_GCC_541\Debug\Design01.a(isr_1.o)
                0x000008c0                isr_1_ClearPending
 .text.Timer_1_Enable
                0x000008cc       0x10 .\CortexM3\ARM_GCC_541\Debug\Design01.a(Timer_1.o)
                0x000008cc                Timer_1_Enable
 .text.Timer_1_SetInterruptMode
                0x000008dc        0xc .\CortexM3\ARM_GCC_541\Debug\Design01.a(Timer_1.o)
                0x000008dc                Timer_1_SetInterruptMode
 .text.Timer_1_ReadStatusRegister
                0x000008e8        0xc .\CortexM3\ARM_GCC_541\Debug\Design01.a(Timer_1.o)
                0x000008e8                Timer_1_ReadStatusRegister
 .text.Timer_1_WritePeriod
                0x000008f4        0xc .\CortexM3\ARM_GCC_541\Debug\Design01.a(Timer_1.o)
                0x000008f4                Timer_1_WritePeriod
 .text.Timer_1_ReadCapture
                0x00000900        0xc .\CortexM3\ARM_GCC_541\Debug\Design01.a(Timer_1.o)
                0x00000900                Timer_1_ReadCapture
 .text.Timer_1_WriteCounter
                0x0000090c        0xc .\CortexM3\ARM_GCC_541\Debug\Design01.a(Timer_1.o)
                0x0000090c                Timer_1_WriteCounter
 .text.Timer_1_ReadCounter
                0x00000918       0x14 .\CortexM3\ARM_GCC_541\Debug\Design01.a(Timer_1.o)
                0x00000918                Timer_1_ReadCounter
 .text.Timer_1_SetInterruptCount
                0x0000092c       0x1c .\CortexM3\ARM_GCC_541\Debug\Design01.a(Timer_1.o)
                0x0000092c                Timer_1_SetInterruptCount
 .text.Timer_1_ClearFIFO
                0x00000948       0x14 .\CortexM3\ARM_GCC_541\Debug\Design01.a(Timer_1.o)
                0x00000948                Timer_1_ClearFIFO
 .text.Timer_1_Init
                0x0000095c       0x3c .\CortexM3\ARM_GCC_541\Debug\Design01.a(Timer_1.o)
                0x0000095c                Timer_1_Init
 .text.Timer_1_Start
                0x00000998       0x1c .\CortexM3\ARM_GCC_541\Debug\Design01.a(Timer_1.o)
                0x00000998                Timer_1_Start
 .text.PWM_rw_Enable
                0x000009b4       0x10 .\CortexM3\ARM_GCC_541\Debug\Design01.a(PWM_rw.o)
                0x000009b4                PWM_rw_Enable
 .text.PWM_rw_WriteCounter
                0x000009c4        0xc .\CortexM3\ARM_GCC_541\Debug\Design01.a(PWM_rw.o)
                0x000009c4                PWM_rw_WriteCounter
 .text.PWM_rw_WritePeriod
                0x000009d0        0xc .\CortexM3\ARM_GCC_541\Debug\Design01.a(PWM_rw.o)
                0x000009d0                PWM_rw_WritePeriod
 .text.PWM_rw_WriteCompare
                0x000009dc        0xc .\CortexM3\ARM_GCC_541\Debug\Design01.a(PWM_rw.o)
                0x000009dc                PWM_rw_WriteCompare
 .text.PWM_rw_SetInterruptMode
                0x000009e8        0xc .\CortexM3\ARM_GCC_541\Debug\Design01.a(PWM_rw.o)
                0x000009e8                PWM_rw_SetInterruptMode
 .text.PWM_rw_ReadStatusRegister
                0x000009f4        0xc .\CortexM3\ARM_GCC_541\Debug\Design01.a(PWM_rw.o)
                0x000009f4                PWM_rw_ReadStatusRegister
 .text.PWM_rw_ReadCapture
                0x00000a00        0xc .\CortexM3\ARM_GCC_541\Debug\Design01.a(PWM_rw.o)
                0x00000a00                PWM_rw_ReadCapture
 .text.PWM_rw_ClearFIFO
                0x00000a0c       0x14 .\CortexM3\ARM_GCC_541\Debug\Design01.a(PWM_rw.o)
                0x00000a0c                PWM_rw_ClearFIFO
 .text.PWM_rw_Init
                0x00000a20       0x50 .\CortexM3\ARM_GCC_541\Debug\Design01.a(PWM_rw.o)
                0x00000a20                PWM_rw_Init
 .text.PWM_rw_Start
                0x00000a70       0x1c .\CortexM3\ARM_GCC_541\Debug\Design01.a(PWM_rw.o)
                0x00000a70                PWM_rw_Start
 .text.PWM_lw_Enable
                0x00000a8c       0x10 .\CortexM3\ARM_GCC_541\Debug\Design01.a(PWM_lw.o)
                0x00000a8c                PWM_lw_Enable
 .text.PWM_lw_WriteCounter
                0x00000a9c        0xc .\CortexM3\ARM_GCC_541\Debug\Design01.a(PWM_lw.o)
                0x00000a9c                PWM_lw_WriteCounter
 .text.PWM_lw_WritePeriod
                0x00000aa8        0xc .\CortexM3\ARM_GCC_541\Debug\Design01.a(PWM_lw.o)
                0x00000aa8                PWM_lw_WritePeriod
 .text.PWM_lw_WriteCompare
                0x00000ab4        0xc .\CortexM3\ARM_GCC_541\Debug\Design01.a(PWM_lw.o)
                0x00000ab4                PWM_lw_WriteCompare
 .text.PWM_lw_SetInterruptMode
                0x00000ac0        0xc .\CortexM3\ARM_GCC_541\Debug\Design01.a(PWM_lw.o)
                0x00000ac0                PWM_lw_SetInterruptMode
 .text.PWM_lw_ReadStatusRegister
                0x00000acc        0xc .\CortexM3\ARM_GCC_541\Debug\Design01.a(PWM_lw.o)
                0x00000acc                PWM_lw_ReadStatusRegister
 .text.PWM_lw_ReadCapture
                0x00000ad8        0xc .\CortexM3\ARM_GCC_541\Debug\Design01.a(PWM_lw.o)
                0x00000ad8                PWM_lw_ReadCapture
 .text.PWM_lw_ClearFIFO
                0x00000ae4       0x14 .\CortexM3\ARM_GCC_541\Debug\Design01.a(PWM_lw.o)
                0x00000ae4                PWM_lw_ClearFIFO
 .text.PWM_lw_Init
                0x00000af8       0x54 .\CortexM3\ARM_GCC_541\Debug\Design01.a(PWM_lw.o)
                0x00000af8                PWM_lw_Init
 .text.PWM_lw_Start
                0x00000b4c       0x1c .\CortexM3\ARM_GCC_541\Debug\Design01.a(PWM_lw.o)
                0x00000b4c                PWM_lw_Start
 .text.Counter_right_Enable
                0x00000b68       0x10 .\CortexM3\ARM_GCC_541\Debug\Design01.a(Counter_right.o)
                0x00000b68                Counter_right_Enable
 .text.Counter_right_SetInterruptMode
                0x00000b78        0xc .\CortexM3\ARM_GCC_541\Debug\Design01.a(Counter_right.o)
                0x00000b78                Counter_right_SetInterruptMode
 .text.Counter_right_ReadStatusRegister
                0x00000b84        0xc .\CortexM3\ARM_GCC_541\Debug\Design01.a(Counter_right.o)
                0x00000b84                Counter_right_ReadStatusRegister
 .text.Counter_right_WriteCounter
                0x00000b90        0xc .\CortexM3\ARM_GCC_541\Debug\Design01.a(Counter_right.o)
                0x00000b90                Counter_right_WriteCounter
 .text.Counter_right_ReadCapture
                0x00000b9c        0xc .\CortexM3\ARM_GCC_541\Debug\Design01.a(Counter_right.o)
                0x00000b9c                Counter_right_ReadCapture
 .text.Counter_right_WritePeriod
                0x00000ba8        0xc .\CortexM3\ARM_GCC_541\Debug\Design01.a(Counter_right.o)
                0x00000ba8                Counter_right_WritePeriod
 .text.Counter_right_WriteCompare
                0x00000bb4        0xc .\CortexM3\ARM_GCC_541\Debug\Design01.a(Counter_right.o)
                0x00000bb4                Counter_right_WriteCompare
 .text.Counter_right_ClearFIFO
                0x00000bc0       0x14 .\CortexM3\ARM_GCC_541\Debug\Design01.a(Counter_right.o)
                0x00000bc0                Counter_right_ClearFIFO
 .text.Counter_right_Init
                0x00000bd4       0x58 .\CortexM3\ARM_GCC_541\Debug\Design01.a(Counter_right.o)
                0x00000bd4                Counter_right_Init
 .text.Counter_right_Start
                0x00000c2c       0x1c .\CortexM3\ARM_GCC_541\Debug\Design01.a(Counter_right.o)
                0x00000c2c                Counter_right_Start
 .text.Counter_left_Enable
                0x00000c48       0x10 .\CortexM3\ARM_GCC_541\Debug\Design01.a(Counter_left.o)
                0x00000c48                Counter_left_Enable
 .text.Counter_left_SetInterruptMode
                0x00000c58        0xc .\CortexM3\ARM_GCC_541\Debug\Design01.a(Counter_left.o)
                0x00000c58                Counter_left_SetInterruptMode
 .text.Counter_left_ReadStatusRegister
                0x00000c64        0xc .\CortexM3\ARM_GCC_541\Debug\Design01.a(Counter_left.o)
                0x00000c64                Counter_left_ReadStatusRegister
 .text.Counter_left_WriteCounter
                0x00000c70        0xc .\CortexM3\ARM_GCC_541\Debug\Design01.a(Counter_left.o)
                0x00000c70                Counter_left_WriteCounter
 .text.Counter_left_ReadCapture
                0x00000c7c        0xc .\CortexM3\ARM_GCC_541\Debug\Design01.a(Counter_left.o)
                0x00000c7c                Counter_left_ReadCapture
 .text.Counter_left_WritePeriod
                0x00000c88        0xc .\CortexM3\ARM_GCC_541\Debug\Design01.a(Counter_left.o)
                0x00000c88                Counter_left_WritePeriod
 .text.Counter_left_WriteCompare
                0x00000c94        0xc .\CortexM3\ARM_GCC_541\Debug\Design01.a(Counter_left.o)
                0x00000c94                Counter_left_WriteCompare
 .text.Counter_left_ClearFIFO
                0x00000ca0       0x14 .\CortexM3\ARM_GCC_541\Debug\Design01.a(Counter_left.o)
                0x00000ca0                Counter_left_ClearFIFO
 .text.Counter_left_Init
                0x00000cb4       0x58 .\CortexM3\ARM_GCC_541\Debug\Design01.a(Counter_left.o)
                0x00000cb4                Counter_left_Init
 .text.Counter_left_Start
                0x00000d0c       0x1c .\CortexM3\ARM_GCC_541\Debug\Design01.a(Counter_left.o)
                0x00000d0c                Counter_left_Start
 .text.Trigger_r_Write
                0x00000d28       0x18 .\CortexM3\ARM_GCC_541\Debug\Design01.a(Trigger_r.o)
                0x00000d28                Trigger_r_Write
 .text.ADC_DelSig_1_GainCompensation
                0x00000d40       0xe0 .\CortexM3\ARM_GCC_541\Debug\Design01.a(ADC_DelSig_1.o)
 .text.ADC_DelSig_1_SetDSMRef0Reg
                0x00000e20       0x4c .\CortexM3\ARM_GCC_541\Debug\Design01.a(ADC_DelSig_1.o)
 .text.ADC_DelSig_1_InitConfig
                0x00000e6c      0x328 .\CortexM3\ARM_GCC_541\Debug\Design01.a(ADC_DelSig_1.o)
 .text.ADC_DelSig_1_Init
                0x00001194      0x108 .\CortexM3\ARM_GCC_541\Debug\Design01.a(ADC_DelSig_1.o)
                0x00001194                ADC_DelSig_1_Init
 .text.ADC_DelSig_1_Enable
                0x0000129c       0xd8 .\CortexM3\ARM_GCC_541\Debug\Design01.a(ADC_DelSig_1.o)
                0x0000129c                ADC_DelSig_1_Enable
 .text.ADC_DelSig_1_Start
                0x00001374       0x28 .\CortexM3\ARM_GCC_541\Debug\Design01.a(ADC_DelSig_1.o)
                0x00001374                ADC_DelSig_1_Start
 .text.ADC_DelSig_1_StopConvert
                0x0000139c       0x10 .\CortexM3\ARM_GCC_541\Debug\Design01.a(ADC_DelSig_1.o)
                0x0000139c                ADC_DelSig_1_StopConvert
 .text.ADC_DelSig_1_ISR1
                0x000013ac       0x14 .\CortexM3\ARM_GCC_541\Debug\Design01.a(ADC_DelSig_1_INT.o)
                0x000013ac                ADC_DelSig_1_ISR1
 .text.ADC_DelSig_1_ISR2
                0x000013c0        0x4 .\CortexM3\ARM_GCC_541\Debug\Design01.a(ADC_DelSig_1_INT.o)
                0x000013c0                ADC_DelSig_1_ISR2
 .text.ADC_DelSig_1_ISR3
                0x000013c4        0x4 .\CortexM3\ARM_GCC_541\Debug\Design01.a(ADC_DelSig_1_INT.o)
                0x000013c4                ADC_DelSig_1_ISR3
 .text.ADC_DelSig_1_ISR4
                0x000013c8        0x4 .\CortexM3\ARM_GCC_541\Debug\Design01.a(ADC_DelSig_1_INT.o)
                0x000013c8                ADC_DelSig_1_ISR4
 .text.TIA_1_Enable
                0x000013cc       0x28 .\CortexM3\ARM_GCC_541\Debug\Design01.a(TIA_1.o)
                0x000013cc                TIA_1_Enable
 .text.TIA_1_SetPower
                0x000013f4       0x18 .\CortexM3\ARM_GCC_541\Debug\Design01.a(TIA_1.o)
                0x000013f4                TIA_1_SetPower
 .text.TIA_1_SetResFB
                0x0000140c       0x20 .\CortexM3\ARM_GCC_541\Debug\Design01.a(TIA_1.o)
                0x0000140c                TIA_1_SetResFB
 .text.TIA_1_SetCapFB
                0x0000142c       0x20 .\CortexM3\ARM_GCC_541\Debug\Design01.a(TIA_1.o)
                0x0000142c                TIA_1_SetCapFB
 .text.TIA_1_Init
                0x0000144c       0x2c .\CortexM3\ARM_GCC_541\Debug\Design01.a(TIA_1.o)
                0x0000144c                TIA_1_Init
 .text.TIA_1_Start
                0x00001478       0x1c .\CortexM3\ARM_GCC_541\Debug\Design01.a(TIA_1.o)
                0x00001478                TIA_1_Start
 .text.IDAC8_1_Enable
                0x00001494       0x1c .\CortexM3\ARM_GCC_541\Debug\Design01.a(IDAC8_1.o)
                0x00001494                IDAC8_1_Enable
 .text.IDAC8_1_SetSpeed
                0x000014b0       0x1c .\CortexM3\ARM_GCC_541\Debug\Design01.a(IDAC8_1.o)
                0x000014b0                IDAC8_1_SetSpeed
 .text.IDAC8_1_SetValue
                0x000014cc        0xc .\CortexM3\ARM_GCC_541\Debug\Design01.a(IDAC8_1.o)
                0x000014cc                IDAC8_1_SetValue
 .text.IDAC8_1_DacTrim
                0x000014d8       0x34 .\CortexM3\ARM_GCC_541\Debug\Design01.a(IDAC8_1.o)
                0x000014d8                IDAC8_1_DacTrim
 .text.IDAC8_1_Init
                0x0000150c       0x28 .\CortexM3\ARM_GCC_541\Debug\Design01.a(IDAC8_1.o)
                0x0000150c                IDAC8_1_Init
 .text.IDAC8_1_Start
                0x00001534       0x24 .\CortexM3\ARM_GCC_541\Debug\Design01.a(IDAC8_1.o)
                0x00001534                IDAC8_1_Start
 .text.VDAC8_1_Enable
                0x00001558       0x1c .\CortexM3\ARM_GCC_541\Debug\Design01.a(VDAC8_1.o)
                0x00001558                VDAC8_1_Enable
 .text.VDAC8_1_SetSpeed
                0x00001574       0x1c .\CortexM3\ARM_GCC_541\Debug\Design01.a(VDAC8_1.o)
                0x00001574                VDAC8_1_SetSpeed
 .text.VDAC8_1_SetValue
                0x00001590        0xc .\CortexM3\ARM_GCC_541\Debug\Design01.a(VDAC8_1.o)
                0x00001590                VDAC8_1_SetValue
 .text.VDAC8_1_DacTrim
                0x0000159c       0x24 .\CortexM3\ARM_GCC_541\Debug\Design01.a(VDAC8_1.o)
                0x0000159c                VDAC8_1_DacTrim
 .text.VDAC8_1_SetRange
                0x000015c0       0x20 .\CortexM3\ARM_GCC_541\Debug\Design01.a(VDAC8_1.o)
                0x000015c0                VDAC8_1_SetRange
 .text.VDAC8_1_Init
                0x000015e0       0x20 .\CortexM3\ARM_GCC_541\Debug\Design01.a(VDAC8_1.o)
                0x000015e0                VDAC8_1_Init
 .text.VDAC8_1_Start
                0x00001600       0x24 .\CortexM3\ARM_GCC_541\Debug\Design01.a(VDAC8_1.o)
                0x00001600                VDAC8_1_Start
 .text.ADC_DelSig_1_Ext_CP_Clk_GetDividerRegister
                0x00001624        0xc .\CortexM3\ARM_GCC_541\Debug\Design01.a(ADC_DelSig_1_Ext_CP_Clk.o)
                0x00001624                ADC_DelSig_1_Ext_CP_Clk_GetDividerRegister
 .text.ADC_DelSig_1_Ext_CP_Clk_SetModeRegister
                0x00001630       0x14 .\CortexM3\ARM_GCC_541\Debug\Design01.a(ADC_DelSig_1_Ext_CP_Clk.o)
                0x00001630                ADC_DelSig_1_Ext_CP_Clk_SetModeRegister
 .text.ADC_DelSig_1_Ext_CP_Clk_GetSourceRegister
                0x00001644       0x10 .\CortexM3\ARM_GCC_541\Debug\Design01.a(ADC_DelSig_1_Ext_CP_Clk.o)
                0x00001644                ADC_DelSig_1_Ext_CP_Clk_GetSourceRegister
 .text.ADC_DelSig_1_Ext_CP_Clk_SetDividerRegister
                0x00001654       0xd8 .\CortexM3\ARM_GCC_541\Debug\Design01.a(ADC_DelSig_1_Ext_CP_Clk.o)
                0x00001654                ADC_DelSig_1_Ext_CP_Clk_SetDividerRegister
 .text.ADC_DelSig_1_theACLK_GetDividerRegister
                0x0000172c        0xc .\CortexM3\ARM_GCC_541\Debug\Design01.a(ADC_DelSig_1_theACLK.o)
                0x0000172c                ADC_DelSig_1_theACLK_GetDividerRegister
 .text.ADC_DelSig_1_theACLK_SetModeRegister
                0x00001738       0x14 .\CortexM3\ARM_GCC_541\Debug\Design01.a(ADC_DelSig_1_theACLK.o)
                0x00001738                ADC_DelSig_1_theACLK_SetModeRegister
 .text.ADC_DelSig_1_theACLK_GetSourceRegister
                0x0000174c       0x10 .\CortexM3\ARM_GCC_541\Debug\Design01.a(ADC_DelSig_1_theACLK.o)
                0x0000174c                ADC_DelSig_1_theACLK_GetSourceRegister
 .text.ADC_DelSig_1_theACLK_SetDividerRegister
                0x0000175c       0xd8 .\CortexM3\ARM_GCC_541\Debug\Design01.a(ADC_DelSig_1_theACLK.o)
                0x0000175c                ADC_DelSig_1_theACLK_SetDividerRegister
 .text.Trigger_fl_Write
                0x00001834       0x18 .\CortexM3\ARM_GCC_541\Debug\Design01.a(Trigger_fl.o)
                0x00001834                Trigger_fl_Write
 .text.Trigger_l_Write
                0x0000184c       0x18 .\CortexM3\ARM_GCC_541\Debug\Design01.a(Trigger_l.o)
                0x0000184c                Trigger_l_Write
 .text.Trigger_fr_Write
                0x00001864       0x18 .\CortexM3\ARM_GCC_541\Debug\Design01.a(Trigger_fr.o)
                0x00001864                Trigger_fr_Write
 .text.PWM_lift_Enable
                0x0000187c       0x10 .\CortexM3\ARM_GCC_541\Debug\Design01.a(PWM_lift.o)
                0x0000187c                PWM_lift_Enable
 .text.PWM_lift_WriteCounter
                0x0000188c        0xc .\CortexM3\ARM_GCC_541\Debug\Design01.a(PWM_lift.o)
                0x0000188c                PWM_lift_WriteCounter
 .text.PWM_lift_WritePeriod
                0x00001898        0xc .\CortexM3\ARM_GCC_541\Debug\Design01.a(PWM_lift.o)
                0x00001898                PWM_lift_WritePeriod
 .text.PWM_lift_WriteCompare
                0x000018a4        0xc .\CortexM3\ARM_GCC_541\Debug\Design01.a(PWM_lift.o)
                0x000018a4                PWM_lift_WriteCompare
 .text.PWM_lift_SetInterruptMode
                0x000018b0        0xc .\CortexM3\ARM_GCC_541\Debug\Design01.a(PWM_lift.o)
                0x000018b0                PWM_lift_SetInterruptMode
 .text.PWM_lift_ReadStatusRegister
                0x000018bc        0xc .\CortexM3\ARM_GCC_541\Debug\Design01.a(PWM_lift.o)
                0x000018bc                PWM_lift_ReadStatusRegister
 .text.PWM_lift_ReadCapture
                0x000018c8        0xc .\CortexM3\ARM_GCC_541\Debug\Design01.a(PWM_lift.o)
                0x000018c8                PWM_lift_ReadCapture
 .text.PWM_lift_ClearFIFO
                0x000018d4       0x14 .\CortexM3\ARM_GCC_541\Debug\Design01.a(PWM_lift.o)
                0x000018d4                PWM_lift_ClearFIFO
 .text.PWM_lift_Init
                0x000018e8       0x50 .\CortexM3\ARM_GCC_541\Debug\Design01.a(PWM_lift.o)
                0x000018e8                PWM_lift_Init
 .text.PWM_lift_Start
                0x00001938       0x1c .\CortexM3\ARM_GCC_541\Debug\Design01.a(PWM_lift.o)
                0x00001938                PWM_lift_Start
 .text.Counter_lift_Enable
                0x00001954       0x10 .\CortexM3\ARM_GCC_541\Debug\Design01.a(Counter_lift.o)
                0x00001954                Counter_lift_Enable
 .text.Counter_lift_SetInterruptMode
                0x00001964        0xc .\CortexM3\ARM_GCC_541\Debug\Design01.a(Counter_lift.o)
                0x00001964                Counter_lift_SetInterruptMode
 .text.Counter_lift_ReadStatusRegister
                0x00001970        0xc .\CortexM3\ARM_GCC_541\Debug\Design01.a(Counter_lift.o)
                0x00001970                Counter_lift_ReadStatusRegister
 .text.Counter_lift_WriteCounter
                0x0000197c        0xc .\CortexM3\ARM_GCC_541\Debug\Design01.a(Counter_lift.o)
                0x0000197c                Counter_lift_WriteCounter
 .text.Counter_lift_ReadCapture
                0x00001988        0xc .\CortexM3\ARM_GCC_541\Debug\Design01.a(Counter_lift.o)
                0x00001988                Counter_lift_ReadCapture
 .text.Counter_lift_WritePeriod
                0x00001994        0xc .\CortexM3\ARM_GCC_541\Debug\Design01.a(Counter_lift.o)
                0x00001994                Counter_lift_WritePeriod
 .text.Counter_lift_WriteCompare
                0x000019a0        0xc .\CortexM3\ARM_GCC_541\Debug\Design01.a(Counter_lift.o)
                0x000019a0                Counter_lift_WriteCompare
 .text.Counter_lift_ClearFIFO
                0x000019ac       0x14 .\CortexM3\ARM_GCC_541\Debug\Design01.a(Counter_lift.o)
                0x000019ac                Counter_lift_ClearFIFO
 .text.Counter_lift_Init
                0x000019c0       0x58 .\CortexM3\ARM_GCC_541\Debug\Design01.a(Counter_lift.o)
                0x000019c0                Counter_lift_Init
 .text.Counter_lift_Start
                0x00001a18       0x1c .\CortexM3\ARM_GCC_541\Debug\Design01.a(Counter_lift.o)
                0x00001a18                Counter_lift_Start
 .text.PWM_1_Enable
                0x00001a34       0x10 .\CortexM3\ARM_GCC_541\Debug\Design01.a(PWM_1.o)
                0x00001a34                PWM_1_Enable
 .text.PWM_1_WriteCounter
                0x00001a44        0xc .\CortexM3\ARM_GCC_541\Debug\Design01.a(PWM_1.o)
                0x00001a44                PWM_1_WriteCounter
 .text.PWM_1_WritePeriod
                0x00001a50        0xc .\CortexM3\ARM_GCC_541\Debug\Design01.a(PWM_1.o)
                0x00001a50                PWM_1_WritePeriod
 .text.PWM_1_WriteCompare
                0x00001a5c        0xc .\CortexM3\ARM_GCC_541\Debug\Design01.a(PWM_1.o)
                0x00001a5c                PWM_1_WriteCompare
 .text.PWM_1_SetInterruptMode
                0x00001a68        0xc .\CortexM3\ARM_GCC_541\Debug\Design01.a(PWM_1.o)
                0x00001a68                PWM_1_SetInterruptMode
 .text.PWM_1_ReadStatusRegister
                0x00001a74        0xc .\CortexM3\ARM_GCC_541\Debug\Design01.a(PWM_1.o)
                0x00001a74                PWM_1_ReadStatusRegister
 .text.PWM_1_ReadCapture
                0x00001a80        0xc .\CortexM3\ARM_GCC_541\Debug\Design01.a(PWM_1.o)
                0x00001a80                PWM_1_ReadCapture
 .text.PWM_1_ClearFIFO
                0x00001a8c       0x14 .\CortexM3\ARM_GCC_541\Debug\Design01.a(PWM_1.o)
                0x00001a8c                PWM_1_ClearFIFO
 .text.PWM_1_Init
                0x00001aa0       0x50 .\CortexM3\ARM_GCC_541\Debug\Design01.a(PWM_1.o)
                0x00001aa0                PWM_1_Init
 .text.PWM_1_Start
                0x00001af0       0x1c .\CortexM3\ARM_GCC_541\Debug\Design01.a(PWM_1.o)
                0x00001af0                PWM_1_Start
 .text.isr_Key_SetVector
                0x00001b0c        0xc .\CortexM3\ARM_GCC_541\Debug\Design01.a(isr_Key.o)
                0x00001b0c                isr_Key_SetVector
 .text.isr_Key_SetPriority
                0x00001b18       0x10 .\CortexM3\ARM_GCC_541\Debug\Design01.a(isr_Key.o)
                0x00001b18                isr_Key_SetPriority
 .text.isr_Key_Enable
                0x00001b28        0xc .\CortexM3\ARM_GCC_541\Debug\Design01.a(isr_Key.o)
                0x00001b28                isr_Key_Enable
 .text.isr_Key_Disable
                0x00001b34        0xc .\CortexM3\ARM_GCC_541\Debug\Design01.a(isr_Key.o)
                0x00001b34                isr_Key_Disable
 .text.isr_Key_StartEx
                0x00001b40       0x1c .\CortexM3\ARM_GCC_541\Debug\Design01.a(isr_Key.o)
                0x00001b40                isr_Key_StartEx
 .text.Control_Reg_4_Write
                0x00001b5c        0xc .\CortexM3\ARM_GCC_541\Debug\Design01.a(Control_Reg_4.o)
                0x00001b5c                Control_Reg_4_Write
 .text          0x00001b68       0x20 .\CortexM3\ARM_GCC_541\Debug\Design01.a(CyBootAsmGnu.o)
                0x00001b68                CyDelayCycles
                0x00001b78                CyEnterCriticalSection
                0x00001b80                CyExitCriticalSection
 .text          0x00001b88      0x370 c:/program files (x86)/cypress/psoc creator/4.2/psoc creator/import/gnu/arm/5.4.1/bin/../lib/gcc/arm-none-eabi/5.4.1/armv7-m\libgcc.a(_arm_addsubdf3.o)
                0x00001b88                __aeabi_drsub
                0x00001b90                __aeabi_dsub
                0x00001b90                __subdf3
                0x00001b94                __aeabi_dadd
                0x00001b94                __adddf3
                0x00001e0c                __floatunsidf
                0x00001e0c                __aeabi_ui2d
                0x00001e2c                __floatsidf
                0x00001e2c                __aeabi_i2d
                0x00001e50                __aeabi_f2d
                0x00001e50                __extendsfdf2
                0x00001e8c                __floatundidf
                0x00001e8c                __aeabi_ul2d
                0x00001e9c                __floatdidf
                0x00001e9c                __aeabi_l2d
 .text          0x00001ef8      0x424 c:/program files (x86)/cypress/psoc creator/4.2/psoc creator/import/gnu/arm/5.4.1/bin/../lib/gcc/arm-none-eabi/5.4.1/armv7-m\libgcc.a(_arm_muldivdf3.o)
                0x00001ef8                __aeabi_dmul
                0x00001ef8                __muldf3
                0x0000214c                __divdf3
                0x0000214c                __aeabi_ddiv
 .text          0x0000231c      0x110 c:/program files (x86)/cypress/psoc creator/4.2/psoc creator/import/gnu/arm/5.4.1/bin/../lib/gcc/arm-none-eabi/5.4.1/armv7-m\libgcc.a(_arm_cmpdf2.o)
                0x0000231c                __gtdf2
                0x0000231c                __gedf2
                0x00002324                __ltdf2
                0x00002324                __ledf2
                0x0000232c                __nedf2
                0x0000232c                __eqdf2
                0x0000232c                __cmpdf2
                0x000023a8                __aeabi_cdrcmple
                0x000023b8                __aeabi_cdcmpeq
                0x000023b8                __aeabi_cdcmple
                0x000023c8                __aeabi_dcmpeq
                0x000023dc                __aeabi_dcmplt
                0x000023f0                __aeabi_dcmple
                0x00002404                __aeabi_dcmpge
                0x00002418                __aeabi_dcmpgt
 .text          0x0000242c       0xa0 c:/program files (x86)/cypress/psoc creator/4.2/psoc creator/import/gnu/arm/5.4.1/bin/../lib/gcc/arm-none-eabi/5.4.1/armv7-m\libgcc.a(_arm_truncdfsf2.o)
                0x0000242c                __truncdfsf2
                0x0000242c                __aeabi_d2f
 .text          0x000024cc      0x21c c:/program files (x86)/cypress/psoc creator/4.2/psoc creator/import/gnu/arm/5.4.1/bin/../lib/gcc/arm-none-eabi/5.4.1/armv7-m\libgcc.a(_arm_addsubsf3.o)
                0x000024cc                __aeabi_frsub
                0x000024d4                __subsf3
                0x000024d4                __aeabi_fsub
                0x000024d8                __aeabi_fadd
                0x000024d8                __addsf3
                0x00002638                __aeabi_ui2f
                0x00002638                __floatunsisf
                0x00002640                __aeabi_i2f
                0x00002640                __floatsisf
                0x0000265c                __aeabi_ul2f
                0x0000265c                __floatundisf
                0x0000266c                __aeabi_l2f
                0x0000266c                __floatdisf
 .text.__errno  0x000026e8        0xc c:/program files (x86)/cypress/psoc creator/4.2/psoc creator/import/gnu/arm/5.4.1/bin/../lib/gcc/arm-none-eabi/5.4.1/../../../../arm-none-eabi/lib/armv7-m\libg_nano.a(lib_a-errno.o)
                0x000026e8                __errno
 .text.__libc_init_array
                0x000026f4       0x4c c:/program files (x86)/cypress/psoc creator/4.2/psoc creator/import/gnu/arm/5.4.1/bin/../lib/gcc/arm-none-eabi/5.4.1/../../../../arm-none-eabi/lib/armv7-m\libg_nano.a(lib_a-init.o)
                0x000026f4                __libc_init_array
 .text.memcpy   0x00002740       0x16 c:/program files (x86)/cypress/psoc creator/4.2/psoc creator/import/gnu/arm/5.4.1/bin/../lib/gcc/arm-none-eabi/5.4.1/../../../../arm-none-eabi/lib/armv7-m\libg_nano.a(lib_a-memcpy-stub.o)
                0x00002740                memcpy
 .text.memset   0x00002756       0x10 c:/program files (x86)/cypress/psoc creator/4.2/psoc creator/import/gnu/arm/5.4.1/bin/../lib/gcc/arm-none-eabi/5.4.1/../../../../arm-none-eabi/lib/armv7-m\libg_nano.a(lib_a-memset.o)
                0x00002756                memset
 .text.__cvt    0x00002766       0xc0 c:/program files (x86)/cypress/psoc creator/4.2/psoc creator/import/gnu/arm/5.4.1/bin/../lib/gcc/arm-none-eabi/5.4.1/../../../../arm-none-eabi/lib/armv7-m\libg_nano.a(lib_a-nano-vfprintf_float.o)
                0x00002766                __cvt
 .text.__exponent
                0x00002826       0x62 c:/program files (x86)/cypress/psoc creator/4.2/psoc creator/import/gnu/arm/5.4.1/bin/../lib/gcc/arm-none-eabi/5.4.1/../../../../arm-none-eabi/lib/armv7-m\libg_nano.a(lib_a-nano-vfprintf_float.o)
                0x00002826                __exponent
 .text._printf_float
                0x00002888      0x488 c:/program files (x86)/cypress/psoc creator/4.2/psoc creator/import/gnu/arm/5.4.1/bin/../lib/gcc/arm-none-eabi/5.4.1/../../../../arm-none-eabi/lib/armv7-m\libg_nano.a(lib_a-nano-vfprintf_float.o)
                0x00002888                _printf_float
 .text._printf_common
                0x00002d10       0xec c:/program files (x86)/cypress/psoc creator/4.2/psoc creator/import/gnu/arm/5.4.1/bin/../lib/gcc/arm-none-eabi/5.4.1/../../../../arm-none-eabi/lib/armv7-m\libg_nano.a(lib_a-nano-vfprintf_i.o)
                0x00002d10                _printf_common
 .text._printf_i
                0x00002dfc      0x24c c:/program files (x86)/cypress/psoc creator/4.2/psoc creator/import/gnu/arm/5.4.1/bin/../lib/gcc/arm-none-eabi/5.4.1/../../../../arm-none-eabi/lib/armv7-m\libg_nano.a(lib_a-nano-vfprintf_i.o)
                0x00002dfc                _printf_i
 .text.sprintf  0x00003048       0x48 c:/program files (x86)/cypress/psoc creator/4.2/psoc creator/import/gnu/arm/5.4.1/bin/../lib/gcc/arm-none-eabi/5.4.1/../../../../arm-none-eabi/lib/armv7-m\libg_nano.a(lib_a-sprintf.o)
                0x00003048                siprintf
                0x00003048                sprintf
 .text          0x00003090       0x10 c:/program files (x86)/cypress/psoc creator/4.2/psoc creator/import/gnu/arm/5.4.1/bin/../lib/gcc/arm-none-eabi/5.4.1/../../../../arm-none-eabi/lib/armv7-m\libg_nano.a(lib_a-strlen.o)
                0x00003090                strlen
 .text.quorem   0x000030a0      0x116 c:/program files (x86)/cypress/psoc creator/4.2/psoc creator/import/gnu/arm/5.4.1/bin/../lib/gcc/arm-none-eabi/5.4.1/../../../../arm-none-eabi/lib/armv7-m\libg_nano.a(lib_a-dtoa.o)
 *fill*         0x000031b6        0x2 
 .text._dtoa_r  0x000031b8      0xb30 c:/program files (x86)/cypress/psoc creator/4.2/psoc creator/import/gnu/arm/5.4.1/bin/../lib/gcc/arm-none-eabi/5.4.1/../../../../arm-none-eabi/lib/armv7-m\libg_nano.a(lib_a-dtoa.o)
                0x000031b8                _dtoa_r
 .text._localeconv_r
                0x00003ce8        0x8 c:/program files (x86)/cypress/psoc creator/4.2/psoc creator/import/gnu/arm/5.4.1/bin/../lib/gcc/arm-none-eabi/5.4.1/../../../../arm-none-eabi/lib/armv7-m\libg_nano.a(lib_a-locale.o)
                0x00003ce8                _localeconv_r
 .text.malloc   0x00003cf0       0x10 c:/program files (x86)/cypress/psoc creator/4.2/psoc creator/import/gnu/arm/5.4.1/bin/../lib/gcc/arm-none-eabi/5.4.1/../../../../arm-none-eabi/lib/armv7-m\libg_nano.a(lib_a-malloc.o)
                0x00003cf0                malloc
 .text.memchr   0x00003d00       0x1c c:/program files (x86)/cypress/psoc creator/4.2/psoc creator/import/gnu/arm/5.4.1/bin/../lib/gcc/arm-none-eabi/5.4.1/../../../../arm-none-eabi/lib/armv7-m\libg_nano.a(lib_a-memchr-stub.o)
                0x00003d00                memchr
 .text._Balloc  0x00003d1c       0x6a c:/program files (x86)/cypress/psoc creator/4.2/psoc creator/import/gnu/arm/5.4.1/bin/../lib/gcc/arm-none-eabi/5.4.1/../../../../arm-none-eabi/lib/armv7-m\libg_nano.a(lib_a-mprec.o)
                0x00003d1c                _Balloc
 .text._Bfree   0x00003d86       0x2e c:/program files (x86)/cypress/psoc creator/4.2/psoc creator/import/gnu/arm/5.4.1/bin/../lib/gcc/arm-none-eabi/5.4.1/../../../../arm-none-eabi/lib/armv7-m\libg_nano.a(lib_a-mprec.o)
                0x00003d86                _Bfree
 .text.__multadd
                0x00003db4       0x76 c:/program files (x86)/cypress/psoc creator/4.2/psoc creator/import/gnu/arm/5.4.1/bin/../lib/gcc/arm-none-eabi/5.4.1/../../../../arm-none-eabi/lib/armv7-m\libg_nano.a(lib_a-mprec.o)
                0x00003db4                __multadd
 .text.__hi0bits
                0x00003e2a       0x40 c:/program files (x86)/cypress/psoc creator/4.2/psoc creator/import/gnu/arm/5.4.1/bin/../lib/gcc/arm-none-eabi/5.4.1/../../../../arm-none-eabi/lib/armv7-m\libg_nano.a(lib_a-mprec.o)
                0x00003e2a                __hi0bits
 .text.__lo0bits
                0x00003e6a       0x5a c:/program files (x86)/cypress/psoc creator/4.2/psoc creator/import/gnu/arm/5.4.1/bin/../lib/gcc/arm-none-eabi/5.4.1/../../../../arm-none-eabi/lib/armv7-m\libg_nano.a(lib_a-mprec.o)
                0x00003e6a                __lo0bits
 .text.__i2b    0x00003ec4       0x12 c:/program files (x86)/cypress/psoc creator/4.2/psoc creator/import/gnu/arm/5.4.1/bin/../lib/gcc/arm-none-eabi/5.4.1/../../../../arm-none-eabi/lib/armv7-m\libg_nano.a(lib_a-mprec.o)
                0x00003ec4                __i2b
 .text.__multiply
                0x00003ed6      0x120 c:/program files (x86)/cypress/psoc creator/4.2/psoc creator/import/gnu/arm/5.4.1/bin/../lib/gcc/arm-none-eabi/5.4.1/../../../../arm-none-eabi/lib/armv7-m\libg_nano.a(lib_a-mprec.o)
                0x00003ed6                __multiply
 *fill*         0x00003ff6        0x2 
 .text.__pow5mult
                0x00003ff8       0x9c c:/program files (x86)/cypress/psoc creator/4.2/psoc creator/import/gnu/arm/5.4.1/bin/../lib/gcc/arm-none-eabi/5.4.1/../../../../arm-none-eabi/lib/armv7-m\libg_nano.a(lib_a-mprec.o)
                0x00003ff8                __pow5mult
 .text.__lshift
                0x00004094       0xa2 c:/program files (x86)/cypress/psoc creator/4.2/psoc creator/import/gnu/arm/5.4.1/bin/../lib/gcc/arm-none-eabi/5.4.1/../../../../arm-none-eabi/lib/armv7-m\libg_nano.a(lib_a-mprec.o)
                0x00004094                __lshift
 .text.__mcmp   0x00004136       0x38 c:/program files (x86)/cypress/psoc creator/4.2/psoc creator/import/gnu/arm/5.4.1/bin/../lib/gcc/arm-none-eabi/5.4.1/../../../../arm-none-eabi/lib/armv7-m\libg_nano.a(lib_a-mprec.o)
                0x00004136                __mcmp
 .text.__mdiff  0x0000416e       0xbe c:/program files (x86)/cypress/psoc creator/4.2/psoc creator/import/gnu/arm/5.4.1/bin/../lib/gcc/arm-none-eabi/5.4.1/../../../../arm-none-eabi/lib/armv7-m\libg_nano.a(lib_a-mprec.o)
                0x0000416e                __mdiff
 .text.__d2b    0x0000422c       0x9c c:/program files (x86)/cypress/psoc creator/4.2/psoc creator/import/gnu/arm/5.4.1/bin/../lib/gcc/arm-none-eabi/5.4.1/../../../../arm-none-eabi/lib/armv7-m\libg_nano.a(lib_a-mprec.o)
                0x0000422c                __d2b
 .text._calloc_r
                0x000042c8       0x1c c:/program files (x86)/cypress/psoc creator/4.2/psoc creator/import/gnu/arm/5.4.1/bin/../lib/gcc/arm-none-eabi/5.4.1/../../../../arm-none-eabi/lib/armv7-m\libg_nano.a(lib_a-nano-callocr.o)
                0x000042c8                _calloc_r
 .text._free_r  0x000042e4       0x98 c:/program files (x86)/cypress/psoc creator/4.2/psoc creator/import/gnu/arm/5.4.1/bin/../lib/gcc/arm-none-eabi/5.4.1/../../../../arm-none-eabi/lib/armv7-m\libg_nano.a(lib_a-nano-freer.o)
                0x000042e4                _free_r
 .text._malloc_r
                0x0000437c       0xbc c:/program files (x86)/cypress/psoc creator/4.2/psoc creator/import/gnu/arm/5.4.1/bin/../lib/gcc/arm-none-eabi/5.4.1/../../../../arm-none-eabi/lib/armv7-m\libg_nano.a(lib_a-nano-mallocr.o)
                0x0000437c                _malloc_r
 .text.__ssputs_r
                0x00004438       0xb2 c:/program files (x86)/cypress/psoc creator/4.2/psoc creator/import/gnu/arm/5.4.1/bin/../lib/gcc/arm-none-eabi/5.4.1/../../../../arm-none-eabi/lib/armv7-m\libg_nano.a(lib_a-nano-svfprintf.o)
                0x00004438                __ssputs_r
 *fill*         0x000044ea        0x2 
 .text._svfprintf_r
                0x000044ec      0x1e8 c:/program files (x86)/cypress/psoc creator/4.2/psoc creator/import/gnu/arm/5.4.1/bin/../lib/gcc/arm-none-eabi/5.4.1/../../../../arm-none-eabi/lib/armv7-m\libg_nano.a(lib_a-nano-svfprintf.o)
                0x000044ec                _svfiprintf_r
                0x000044ec                _svfprintf_r
 .text._sbrk_r  0x000046d4       0x20 c:/program files (x86)/cypress/psoc creator/4.2/psoc creator/import/gnu/arm/5.4.1/bin/../lib/gcc/arm-none-eabi/5.4.1/../../../../arm-none-eabi/lib/armv7-m\libg_nano.a(lib_a-sbrkr.o)
                0x000046d4                _sbrk_r
 .text.memmove  0x000046f4       0x36 c:/program files (x86)/cypress/psoc creator/4.2/psoc creator/import/gnu/arm/5.4.1/bin/../lib/gcc/arm-none-eabi/5.4.1/../../../../arm-none-eabi/lib/armv7-m\libg_nano.a(lib_a-memmove.o)
                0x000046f4                memmove
 .text.__malloc_lock
                0x0000472a        0x2 c:/program files (x86)/cypress/psoc creator/4.2/psoc creator/import/gnu/arm/5.4.1/bin/../lib/gcc/arm-none-eabi/5.4.1/../../../../arm-none-eabi/lib/armv7-m\libg_nano.a(lib_a-mlock.o)
                0x0000472a                __malloc_lock
 .text.__malloc_unlock
                0x0000472c        0x2 c:/program files (x86)/cypress/psoc creator/4.2/psoc creator/import/gnu/arm/5.4.1/bin/../lib/gcc/arm-none-eabi/5.4.1/../../../../arm-none-eabi/lib/armv7-m\libg_nano.a(lib_a-mlock.o)
                0x0000472c                __malloc_unlock
 .text._realloc_r
                0x0000472e       0x4c c:/program files (x86)/cypress/psoc creator/4.2/psoc creator/import/gnu/arm/5.4.1/bin/../lib/gcc/arm-none-eabi/5.4.1/../../../../arm-none-eabi/lib/armv7-m\libg_nano.a(lib_a-nano-reallocr.o)
                0x0000472e                _realloc_r
 .text._malloc_usable_size_r
                0x0000477a       0x14 c:/program files (x86)/cypress/psoc creator/4.2/psoc creator/import/gnu/arm/5.4.1/bin/../lib/gcc/arm-none-eabi/5.4.1/../../../../arm-none-eabi/lib/armv7-m\libg_nano.a(lib_a-nano-msizer.o)
                0x0000477a                _malloc_usable_size_r
 *fill*         0x0000478e        0x2 
 .text          0x00004790       0x2c c:/program files (x86)/cypress/psoc creator/4.2/psoc creator/import/gnu/arm/5.4.1/bin/../lib/gcc/arm-none-eabi/5.4.1/armv7-m\libgcc.a(_arm_unorddf2.o)
                0x00004790                __unorddf2
                0x00004790                __aeabi_dcmpun
 .text          0x000047bc       0x50 c:/program files (x86)/cypress/psoc creator/4.2/psoc creator/import/gnu/arm/5.4.1/bin/../lib/gcc/arm-none-eabi/5.4.1/armv7-m\libgcc.a(_arm_fixdfsi.o)
                0x000047bc                __aeabi_d2iz
                0x000047bc                __fixdfsi
 *(.plt)
 *(.gnu.warning)
 *(.glue_7t)
 .glue_7t       0x0000480c        0x0 linker stubs
 *(.glue_7)
 .glue_7        0x0000480c        0x0 linker stubs
 *(.vfp11_veneer)
 .vfp11_veneer  0x0000480c        0x0 linker stubs
 *(.bootloader)
 *(.ARM.extab* .gnu.linkonce.armextab.*)
 *(.gcc_except_table)

.v4_bx          0x0000480c        0x0
 .v4_bx         0x0000480c        0x0 linker stubs

.iplt           0x0000480c        0x0
 .iplt          0x0000480c        0x0 c:/program files (x86)/cypress/psoc creator/4.2/psoc creator/import/gnu/arm/5.4.1/bin/../lib/gcc/arm-none-eabi/5.4.1/armv7-m/crtbegin.o

.eh_frame_hdr
 *(.eh_frame_hdr)

.eh_frame       0x0000480c        0x4
 *(.eh_frame)
 .eh_frame      0x0000480c        0x0 c:/program files (x86)/cypress/psoc creator/4.2/psoc creator/import/gnu/arm/5.4.1/bin/../lib/gcc/arm-none-eabi/5.4.1/armv7-m/crtbegin.o
 .eh_frame      0x0000480c        0x4 c:/program files (x86)/cypress/psoc creator/4.2/psoc creator/import/gnu/arm/5.4.1/bin/../lib/gcc/arm-none-eabi/5.4.1/armv7-m/crtend.o
                [!provide]                PROVIDE (__exidx_start, .)

.ARM.exidx
 *(.ARM.exidx* .gnu.linkonce.armexidx.*)
                0x00004810                __exidx_end = .

.rodata         0x00004810      0x290
 *(.rodata .rodata.* .gnu.linkonce.r.*)
 .rodata.str1.4
                0x00004810       0x47 .\CortexM3\ARM_GCC_541\Debug\main.o
 *fill*         0x00004857        0x1 
 .rodata.str1.4
                0x00004858       0x7c .\CortexM3\ARM_GCC_541\Debug\ultrasonic.o
 .rodata        0x000048d4       0x36 .\CortexM3\ARM_GCC_541\Debug\cyfitter_cfg.o
 .rodata.str1.1
                0x0000490a        0x2 c:/program files (x86)/cypress/psoc creator/4.2/psoc creator/import/gnu/arm/5.4.1/bin/../lib/gcc/arm-none-eabi/5.4.1/../../../../arm-none-eabi/lib/armv7-m\libg_nano.a(lib_a-impure.o)
 .rodata.str1.1
                0x0000490c       0x12 c:/program files (x86)/cypress/psoc creator/4.2/psoc creator/import/gnu/arm/5.4.1/bin/../lib/gcc/arm-none-eabi/5.4.1/../../../../arm-none-eabi/lib/armv7-m\libg_nano.a(lib_a-nano-vfprintf_float.o)
 .rodata.str1.1
                0x0000491e       0x22 c:/program files (x86)/cypress/psoc creator/4.2/psoc creator/import/gnu/arm/5.4.1/bin/../lib/gcc/arm-none-eabi/5.4.1/../../../../arm-none-eabi/lib/armv7-m\libg_nano.a(lib_a-nano-vfprintf_i.o)
 .rodata.str1.1
                0x00004940        0xd c:/program files (x86)/cypress/psoc creator/4.2/psoc creator/import/gnu/arm/5.4.1/bin/../lib/gcc/arm-none-eabi/5.4.1/../../../../arm-none-eabi/lib/armv7-m\libg_nano.a(lib_a-dtoa.o)
                                  0xf (size before relaxing)
 .rodata.str1.1
                0x0000494d        0x8 c:/program files (x86)/cypress/psoc creator/4.2/psoc creator/import/gnu/arm/5.4.1/bin/../lib/gcc/arm-none-eabi/5.4.1/../../../../arm-none-eabi/lib/armv7-m\libg_nano.a(lib_a-locale.o)
                                  0xb (size before relaxing)
 *fill*         0x00004955        0x3 
 .rodata.__mprec_tens
                0x00004958       0xc8 c:/program files (x86)/cypress/psoc creator/4.2/psoc creator/import/gnu/arm/5.4.1/bin/../lib/gcc/arm-none-eabi/5.4.1/../../../../arm-none-eabi/lib/armv7-m\libg_nano.a(lib_a-mprec.o)
                0x00004958                __mprec_tens
 .rodata.p05.5408
                0x00004a20        0xc c:/program files (x86)/cypress/psoc creator/4.2/psoc creator/import/gnu/arm/5.4.1/bin/../lib/gcc/arm-none-eabi/5.4.1/../../../../arm-none-eabi/lib/armv7-m\libg_nano.a(lib_a-mprec.o)
 *fill*         0x00004a2c        0x4 
 .rodata.__mprec_bigtens
                0x00004a30       0x28 c:/program files (x86)/cypress/psoc creator/4.2/psoc creator/import/gnu/arm/5.4.1/bin/../lib/gcc/arm-none-eabi/5.4.1/../../../../arm-none-eabi/lib/armv7-m\libg_nano.a(lib_a-mprec.o)
                0x00004a30                __mprec_bigtens
 .rodata.str1.1
                0x00004a58       0x11 c:/program files (x86)/cypress/psoc creator/4.2/psoc creator/import/gnu/arm/5.4.1/bin/../lib/gcc/arm-none-eabi/5.4.1/../../../../arm-none-eabi/lib/armv7-m\libg_nano.a(lib_a-nano-svfprintf.o)
                0x00004a6c                . = ALIGN (0x4)
 *fill*         0x00004a69        0x3 
 *(.init)
 .init          0x00004a6c        0x4 c:/program files (x86)/cypress/psoc creator/4.2/psoc creator/import/gnu/arm/5.4.1/bin/../lib/gcc/arm-none-eabi/5.4.1/armv7-m/crti.o
                0x00004a6c                _init
 .init          0x00004a70        0x8 c:/program files (x86)/cypress/psoc creator/4.2/psoc creator/import/gnu/arm/5.4.1/bin/../lib/gcc/arm-none-eabi/5.4.1/armv7-m/crtn.o
                0x00004a78                . = ALIGN (0x4)
                0x00004a78                __preinit_array_start = .
 *(.preinit_array)
                0x00004a78                __preinit_array_end = .
                0x00004a78                . = ALIGN (0x4)
                0x00004a78                __init_array_start = .
 *(SORT(.init_array.*))
 *(.init_array)
 .init_array    0x00004a78        0x4 c:/program files (x86)/cypress/psoc creator/4.2/psoc creator/import/gnu/arm/5.4.1/bin/../lib/gcc/arm-none-eabi/5.4.1/armv7-m/crtbegin.o
 .init_array    0x00004a7c        0x4 .\CortexM3\ARM_GCC_541\Debug\Cm3Start.o
                0x00004a80                __init_array_end = .
                0x00004a80                . = ALIGN (0x4)
 *(.fini)
 .fini          0x00004a80        0x4 c:/program files (x86)/cypress/psoc creator/4.2/psoc creator/import/gnu/arm/5.4.1/bin/../lib/gcc/arm-none-eabi/5.4.1/armv7-m/crti.o
                0x00004a80                _fini
 .fini          0x00004a84        0x8 c:/program files (x86)/cypress/psoc creator/4.2/psoc creator/import/gnu/arm/5.4.1/bin/../lib/gcc/arm-none-eabi/5.4.1/armv7-m/crtn.o
                0x00004a8c                . = ALIGN (0x4)
                0x00004a8c                __fini_array_start = .
 *(.fini_array)
 .fini_array    0x00004a8c        0x4 c:/program files (x86)/cypress/psoc creator/4.2/psoc creator/import/gnu/arm/5.4.1/bin/../lib/gcc/arm-none-eabi/5.4.1/armv7-m/crtbegin.o
 *(SORT(.fini_array.*))
                0x00004a90                __fini_array_end = .
                0x00004a90                . = ALIGN (0x4)
 *crtbegin.o(.ctors)
 *(EXCLUDE_FILE(*crtend.o) .ctors)
 *(SORT(.ctors.*))
 *crtend.o(.ctors)
                0x00004a90                . = ALIGN (0x4)
 *crtbegin.o(.dtors)
 *(EXCLUDE_FILE(*crtend.o) .dtors)
 *(SORT(.dtors.*))
 *crtend.o(.dtors)
                0x00004a90                . = ALIGN (0x4)
                0x00004a90                __cy_regions = .
                0x00004a90        0x4 LONG 0x4aa0 __cy_region_init_ram
                0x00004a94        0x4 LONG 0x1fff80c8 __cy_region_start_data
                0x00004a98        0x4 LONG 0xb8 __cy_region_init_size_ram
                0x00004a9c        0x4 LONG 0x188 __cy_region_zero_size_ram
                0x00004aa0                __cy_regions_end = .
                0x00004aa0                . = ALIGN (0x8)
                0x00004aa0                _etext = .

.cy_checksum_exclude
                0x00004aa0        0x0
 *(.cy_checksum_exclude)

.ramvectors     0x1fff8000       0xc0
                0x1fff8000                __cy_region_start_ram = .
 *(.ramvectors)
 .ramvectors    0x1fff8000       0xc0 .\CortexM3\ARM_GCC_541\Debug\Cm3Start.o
                0x1fff8000                CyRamVectors

.noinit         0x1fff80c0        0x1
 *(.noinit)
 .noinit        0x1fff80c0        0x1 .\CortexM3\ARM_GCC_541\Debug\Design01.a(CyLib.o)
                0x1fff80c0                CyResetStatus

.data           0x1fff80c8       0xb8 load address 0x00004aa0
                0x1fff80c8                __cy_region_start_data = .
 *(.jcr)
 .jcr           0x1fff80c8        0x0 c:/program files (x86)/cypress/psoc creator/4.2/psoc creator/import/gnu/arm/5.4.1/bin/../lib/gcc/arm-none-eabi/5.4.1/armv7-m/crtbegin.o
 .jcr           0x1fff80c8        0x4 c:/program files (x86)/cypress/psoc creator/4.2/psoc creator/import/gnu/arm/5.4.1/bin/../lib/gcc/arm-none-eabi/5.4.1/armv7-m/crtend.o
 *(.got.plt)
 *(.got)
 *(.shdata)
 *(.data .data.* .gnu.linkonce.d.*)
 .data          0x1fff80cc        0x4 .\CortexM3\ARM_GCC_541\Debug\Cm3Start.o
 .data          0x1fff80d0       0x10 .\CortexM3\ARM_GCC_541\Debug\Design01.a(CyLib.o)
                0x1fff80d0                cydelay_32k_ms
                0x1fff80d4                cydelay_freq_khz
                0x1fff80d8                cydelay_freq_mhz
                0x1fff80dc                cydelay_freq_hz
 .data          0x1fff80e0        0x1 .\CortexM3\ARM_GCC_541\Debug\Design01.a(ADC_DelSig_1.o)
                0x1fff80e0                ADC_DelSig_1_Config
 *fill*         0x1fff80e1        0x3 
 .data.impure_data
                0x1fff80e4       0x60 c:/program files (x86)/cypress/psoc creator/4.2/psoc creator/import/gnu/arm/5.4.1/bin/../lib/gcc/arm-none-eabi/5.4.1/../../../../arm-none-eabi/lib/armv7-m\libg_nano.a(lib_a-impure.o)
 .data._impure_ptr
                0x1fff8144        0x4 c:/program files (x86)/cypress/psoc creator/4.2/psoc creator/import/gnu/arm/5.4.1/bin/../lib/gcc/arm-none-eabi/5.4.1/../../../../arm-none-eabi/lib/armv7-m\libg_nano.a(lib_a-impure.o)
                0x1fff8144                _impure_ptr
 .data.lconv    0x1fff8148       0x38 c:/program files (x86)/cypress/psoc creator/4.2/psoc creator/import/gnu/arm/5.4.1/bin/../lib/gcc/arm-none-eabi/5.4.1/../../../../arm-none-eabi/lib/armv7-m\libg_nano.a(lib_a-locale.o)
                0x1fff8180                . = ALIGN (0x8)
 *(.ram)
                0x1fff8180                _edata = .

.igot.plt       0x1fff8180        0x0 load address 0x00004b58
 .igot.plt      0x1fff8180        0x0 c:/program files (x86)/cypress/psoc creator/4.2/psoc creator/import/gnu/arm/5.4.1/bin/../lib/gcc/arm-none-eabi/5.4.1/armv7-m/crtbegin.o

.bss            0x1fff8180      0x188 load address 0x00004b58
                0x1fff8180                PROVIDE (__bss_start__, .)
 *(.shbss)
 *(.bss .bss.* .gnu.linkonce.b.*)
 .bss           0x1fff8180       0x1c c:/program files (x86)/cypress/psoc creator/4.2/psoc creator/import/gnu/arm/5.4.1/bin/../lib/gcc/arm-none-eabi/5.4.1/armv7-m/crtbegin.o
 .bss           0x1fff819c        0x4 .\CortexM3\ARM_GCC_541\Debug\main.o
                0x1fff819c                state
 .bss           0x1fff81a0        0x8 .\CortexM3\ARM_GCC_541\Debug\ultrasonic.o
                0x1fff81a0                count
                0x1fff81a4                obst_detect
 .bss           0x1fff81a8        0x2 .\CortexM3\ARM_GCC_541\Debug\Design01.a(UART_1.o)
                0x1fff81a8                UART_1_initVar
 .bss           0x1fff81aa        0x1 .\CortexM3\ARM_GCC_541\Debug\Design01.a(Timer_1.o)
                0x1fff81aa                Timer_1_initVar
 .bss           0x1fff81ab        0x1 .\CortexM3\ARM_GCC_541\Debug\Design01.a(PWM_rw.o)
                0x1fff81ab                PWM_rw_initVar
 .bss           0x1fff81ac        0x1 .\CortexM3\ARM_GCC_541\Debug\Design01.a(PWM_lw.o)
                0x1fff81ac                PWM_lw_initVar
 .bss           0x1fff81ad        0x1 .\CortexM3\ARM_GCC_541\Debug\Design01.a(Counter_right.o)
                0x1fff81ad                Counter_right_initVar
 .bss           0x1fff81ae        0x1 .\CortexM3\ARM_GCC_541\Debug\Design01.a(Counter_left.o)
                0x1fff81ae                Counter_left_initVar
 *fill*         0x1fff81af        0x1 
 .bss           0x1fff81b0       0x18 .\CortexM3\ARM_GCC_541\Debug\Design01.a(ADC_DelSig_1.o)
                0x1fff81c0                ADC_DelSig_1_stopConversion
                0x1fff81c1                ADC_DelSig_1_convDone
                0x1fff81c2                ADC_DelSig_1_initVar
                0x1fff81c3                ADC_DelSig_1_started
                0x1fff81c4                ADC_DelSig_1_Offset
 .bss           0x1fff81c8        0x1 .\CortexM3\ARM_GCC_541\Debug\Design01.a(TIA_1.o)
                0x1fff81c8                TIA_1_initVar
 .bss           0x1fff81c9        0x1 .\CortexM3\ARM_GCC_541\Debug\Design01.a(IDAC8_1.o)
                0x1fff81c9                IDAC8_1_initVar
 .bss           0x1fff81ca        0x1 .\CortexM3\ARM_GCC_541\Debug\Design01.a(VDAC8_1.o)
                0x1fff81ca                VDAC8_1_initVar
 .bss           0x1fff81cb        0x1 .\CortexM3\ARM_GCC_541\Debug\Design01.a(PWM_lift.o)
                0x1fff81cb                PWM_lift_initVar
 .bss           0x1fff81cc        0x1 .\CortexM3\ARM_GCC_541\Debug\Design01.a(Counter_lift.o)
                0x1fff81cc                Counter_lift_initVar
 .bss           0x1fff81cd        0x1 .\CortexM3\ARM_GCC_541\Debug\Design01.a(PWM_1.o)
                0x1fff81cd                PWM_1_initVar
 *fill*         0x1fff81ce        0x2 
 .bss.__malloc_sbrk_start
                0x1fff81d0        0x4 c:/program files (x86)/cypress/psoc creator/4.2/psoc creator/import/gnu/arm/5.4.1/bin/../lib/gcc/arm-none-eabi/5.4.1/../../../../arm-none-eabi/lib/armv7-m\libg_nano.a(lib_a-nano-mallocr.o)
                0x1fff81d0                __malloc_sbrk_start
 .bss.__malloc_free_list
                0x1fff81d4        0x4 c:/program files (x86)/cypress/psoc creator/4.2/psoc creator/import/gnu/arm/5.4.1/bin/../lib/gcc/arm-none-eabi/5.4.1/../../../../arm-none-eabi/lib/armv7-m\libg_nano.a(lib_a-nano-mallocr.o)
                0x1fff81d4                __malloc_free_list
 *(COMMON)
 COMMON         0x1fff81d8       0x98 .\CortexM3\ARM_GCC_541\Debug\main.o
                0x1fff81d8                a_text
                0x1fff81e4                distance
                0x1fff820c                UART_str
 COMMON         0x1fff8270       0x90 .\CortexM3\ARM_GCC_541\Debug\ultrasonic.o
                0x1fff8270                distancearray
                0x1fff8298                array
                0x1fff829c                distance_str
 COMMON         0x1fff8300        0x4 .\CortexM3\ARM_GCC_541\Debug\Design01.a(ADC_DelSig_1.o)
                0x1fff8300                ADC_DelSig_1_CountsPerVolt
 COMMON         0x1fff8304        0x4 c:/program files (x86)/cypress/psoc creator/4.2/psoc creator/import/gnu/arm/5.4.1/bin/../lib/gcc/arm-none-eabi/5.4.1/../../../../arm-none-eabi/lib/armv7-m\libg_nano.a(lib_a-reent.o)
                0x1fff8304                errno
                0x1fff8308                . = ALIGN (0x8)
 *(.ram.b)
                0x1fff8308                _end = .
                0x1fff8308                __end = .
                0x1fff8308                PROVIDE (end, .)
                0x1fff8308                PROVIDE (__bss_end__, .)
                0x00004aa0                __cy_region_init_ram = LOADADDR (.data)
                0x000000b8                __cy_region_init_size_ram = (_edata - ADDR (.data))
                0x00000188                __cy_region_zero_size_ram = (_end - _edata)

.heap           0x1fff8308      0x100 load address 0x00004b58
                0x1fff8308                . = _end
                0x1fff8408                . = (. + 0x100)
 *fill*         0x1fff8308      0x100 
                0x1fff8408                __cy_heap_limit = .

.stack          0x20007800      0x800
                0x20007800                __cy_stack_limit = .
                0x20008000                . = (. + 0x800)
 *fill*         0x20007800      0x800 
                0x00000001                ASSERT ((__cy_stack_limit >= __cy_heap_limit), region RAM overflowed with stack)
                0x00000000                cy_checksum_exclude_size = (CY_APPL_LOADABLE == 0x1)?SIZEOF (.cy_checksum_exclude):0x0
                0x00000001                ASSERT ((cy_checksum_exclude_size <= CY_CHECKSUM_EXCLUDE_SIZE), CY_BOOT: Section .cy_checksum_exclude size exceedes specified limit.)

.cyloadermeta
 *(.cyloadermeta)

.cyloadablemeta
 *(.cyloadablemeta)

.cyconfigecc    0x80000000      0xda4
 *(.cyconfigecc)
 .cyconfigecc   0x80000000      0xda4 .\CortexM3\ARM_GCC_541\Debug\cymetadata.o
                0x80000000                cy_meta_configecc

.cycustnvl      0x90000000        0x4
 *(.cycustnvl)
 .cycustnvl     0x90000000        0x4 .\CortexM3\ARM_GCC_541\Debug\cymetadata.o
                0x90000000                cy_meta_custnvl

.cywolatch      0x90100000        0x4
 *(.cywolatch)
 .cywolatch     0x90100000        0x4 .\CortexM3\ARM_GCC_541\Debug\cymetadata.o
                0x90100000                cy_meta_wonvl

.cyeeprom       0x90200000        0x0
 *(.cyeeprom)
                0x00000001                ASSERT ((. <= ((0x90200000 + ee_offset) + ee_size)), .cyeeprom data will not fit in EEPROM)

.cyflashprotect
                0x90400000      0x100
 *(.cyflashprotect)
 .cyflashprotect
                0x90400000      0x100 .\CortexM3\ARM_GCC_541\Debug\cymetadata.o
                0x90400000                cy_meta_flashprotect

.cymeta         0x90500000        0xc
 *(.cymeta)
 .cymeta        0x90500000        0xc .\CortexM3\ARM_GCC_541\Debug\cymetadata.o
                0x90500000                cy_metadata

.rel.dyn        0x00004b58        0x0 load address 0x9050000c
 .rel.iplt      0x00004b58        0x0 c:/program files (x86)/cypress/psoc creator/4.2/psoc creator/import/gnu/arm/5.4.1/bin/../lib/gcc/arm-none-eabi/5.4.1/armv7-m/crtbegin.o

.stab
 *(.stab)

.stabstr
 *(.stabstr)

.debug
 *(.debug)

.line
 *(.line)

.debug_srcinfo
 *(.debug_srcinfo)

.debug_sfnames
 *(.debug_sfnames)

.debug_aranges  0x00000000     0x1420
 *(.debug_aranges)
 .debug_aranges
                0x00000000       0x28 .\CortexM3\ARM_GCC_541\Debug\main.o
 .debug_aranges
                0x00000028       0x28 .\CortexM3\ARM_GCC_541\Debug\colorsensor.o
 .debug_aranges
                0x00000050       0x58 .\CortexM3\ARM_GCC_541\Debug\movement.o
 .debug_aranges
                0x000000a8       0x28 .\CortexM3\ARM_GCC_541\Debug\ultrasonic.o
 .debug_aranges
                0x000000d0       0x28 .\CortexM3\ARM_GCC_541\Debug\lifting.o
 .debug_aranges
                0x000000f8       0x28 .\CortexM3\ARM_GCC_541\Debug\gripper.o
 .debug_aranges
                0x00000120       0x58 .\CortexM3\ARM_GCC_541\Debug\cyfitter_cfg.o
 .debug_aranges
                0x00000178       0x18 .\CortexM3\ARM_GCC_541\Debug\cymetadata.o
 .debug_aranges
                0x00000190       0x48 .\CortexM3\ARM_GCC_541\Debug\Cm3Start.o
 .debug_aranges
                0x000001d8      0x2a0 .\CortexM3\ARM_GCC_541\Debug\Design01.a(CyLib.o)
 .debug_aranges
                0x00000478       0x98 .\CortexM3\ARM_GCC_541\Debug\Design01.a(cyPm.o)
 .debug_aranges
                0x00000510       0x28 .\CortexM3\ARM_GCC_541\Debug\Design01.a(Control_Reg_1.o)
 .debug_aranges
                0x00000538       0x38 .\CortexM3\ARM_GCC_541\Debug\Design01.a(LED.o)
 .debug_aranges
                0x00000570       0x38 .\CortexM3\ARM_GCC_541\Debug\Design01.a(Pin_2.o)
 .debug_aranges
                0x000005a8       0x38 .\CortexM3\ARM_GCC_541\Debug\Design01.a(Pin_1.o)
 .debug_aranges
                0x000005e0       0x38 .\CortexM3\ARM_GCC_541\Debug\Design01.a(Pin_3.o)
 .debug_aranges
                0x00000618       0xf0 .\CortexM3\ARM_GCC_541\Debug\Design01.a(UART_1.o)
 .debug_aranges
                0x00000708       0x70 .\CortexM3\ARM_GCC_541\Debug\Design01.a(UART_1_IntClock.o)
 .debug_aranges
                0x00000778       0x28 .\CortexM3\ARM_GCC_541\Debug\Design01.a(Control_Reg_3.o)
 .debug_aranges
                0x000007a0       0x28 .\CortexM3\ARM_GCC_541\Debug\Design01.a(Control_Reg_2.o)
 .debug_aranges
                0x000007c8       0x80 .\CortexM3\ARM_GCC_541\Debug\Design01.a(isr_1.o)
 .debug_aranges
                0x00000848       0x98 .\CortexM3\ARM_GCC_541\Debug\Design01.a(Timer_1.o)
 .debug_aranges
                0x000008e0       0x98 .\CortexM3\ARM_GCC_541\Debug\Design01.a(PWM_rw.o)
 .debug_aranges
                0x00000978       0x98 .\CortexM3\ARM_GCC_541\Debug\Design01.a(PWM_lw.o)
 .debug_aranges
                0x00000a10       0x38 .\CortexM3\ARM_GCC_541\Debug\Design01.a(dir_lw.o)
 .debug_aranges
                0x00000a48       0x38 .\CortexM3\ARM_GCC_541\Debug\Design01.a(dir_rw.o)
 .debug_aranges
                0x00000a80       0x98 .\CortexM3\ARM_GCC_541\Debug\Design01.a(Counter_right.o)
 .debug_aranges
                0x00000b18       0x98 .\CortexM3\ARM_GCC_541\Debug\Design01.a(Counter_left.o)
 .debug_aranges
                0x00000bb0       0x38 .\CortexM3\ARM_GCC_541\Debug\Design01.a(Trigger_r.o)
 .debug_aranges
                0x00000be8       0xe8 .\CortexM3\ARM_GCC_541\Debug\Design01.a(ADC_DelSig_1.o)
 .debug_aranges
                0x00000cd0       0x38 .\CortexM3\ARM_GCC_541\Debug\Design01.a(ADC_DelSig_1_INT.o)
 .debug_aranges
                0x00000d08       0x50 .\CortexM3\ARM_GCC_541\Debug\Design01.a(TIA_1.o)
 .debug_aranges
                0x00000d58       0x60 .\CortexM3\ARM_GCC_541\Debug\Design01.a(IDAC8_1.o)
 .debug_aranges
                0x00000db8       0x58 .\CortexM3\ARM_GCC_541\Debug\Design01.a(VDAC8_1.o)
 .debug_aranges
                0x00000e10       0x70 .\CortexM3\ARM_GCC_541\Debug\Design01.a(ADC_DelSig_1_Ext_CP_Clk.o)
 .debug_aranges
                0x00000e80       0x80 .\CortexM3\ARM_GCC_541\Debug\Design01.a(ADC_DelSig_1_theACLK.o)
 .debug_aranges
                0x00000f00       0x38 .\CortexM3\ARM_GCC_541\Debug\Design01.a(Trigger_fl.o)
 .debug_aranges
                0x00000f38       0x38 .\CortexM3\ARM_GCC_541\Debug\Design01.a(Trigger_l.o)
 .debug_aranges
                0x00000f70       0x38 .\CortexM3\ARM_GCC_541\Debug\Design01.a(Trigger_fr.o)
 .debug_aranges
                0x00000fa8       0x38 .\CortexM3\ARM_GCC_541\Debug\Design01.a(dir_lift.o)
 .debug_aranges
                0x00000fe0       0x98 .\CortexM3\ARM_GCC_541\Debug\Design01.a(PWM_lift.o)
 .debug_aranges
                0x00001078       0x98 .\CortexM3\ARM_GCC_541\Debug\Design01.a(Counter_lift.o)
 .debug_aranges
                0x00001110       0x98 .\CortexM3\ARM_GCC_541\Debug\Design01.a(PWM_1.o)
 .debug_aranges
                0x000011a8       0x80 .\CortexM3\ARM_GCC_541\Debug\Design01.a(isr_Key.o)
 .debug_aranges
                0x00001228       0x38 .\CortexM3\ARM_GCC_541\Debug\Design01.a(R.o)
 .debug_aranges
                0x00001260       0x38 .\CortexM3\ARM_GCC_541\Debug\Design01.a(B.o)
 .debug_aranges
                0x00001298       0x38 .\CortexM3\ARM_GCC_541\Debug\Design01.a(G.o)
 .debug_aranges
                0x000012d0       0x28 .\CortexM3\ARM_GCC_541\Debug\Design01.a(Control_Reg_4.o)
 .debug_aranges
                0x000012f8       0x20 .\CortexM3\ARM_GCC_541\Debug\Design01.a(CyBootAsmGnu.o)
 .debug_aranges
                0x00001318       0x88 .\CortexM3\ARM_GCC_541\Debug\Design01.a(CyFlash.o)
 .debug_aranges
                0x000013a0       0x80 .\CortexM3\ARM_GCC_541\Debug\Design01.a(CySpc.o)

.debug_pubnames
 *(.debug_pubnames)

.debug_info     0x00000000     0x9f22
 *(.debug_info .gnu.linkonce.wi.*)
 .debug_info    0x00000000      0x3aa .\CortexM3\ARM_GCC_541\Debug\main.o
 .debug_info    0x000003aa      0x5d1 .\CortexM3\ARM_GCC_541\Debug\colorsensor.o
 .debug_info    0x0000097b      0x5c9 .\CortexM3\ARM_GCC_541\Debug\movement.o
 .debug_info    0x00000f44      0x48f .\CortexM3\ARM_GCC_541\Debug\ultrasonic.o
 .debug_info    0x000013d3      0x27e .\CortexM3\ARM_GCC_541\Debug\lifting.o
 .debug_info    0x00001651      0x15d .\CortexM3\ARM_GCC_541\Debug\gripper.o
 .debug_info    0x000017ae      0x616 .\CortexM3\ARM_GCC_541\Debug\cyfitter_cfg.o
 .debug_info    0x00001dc4      0x139 .\CortexM3\ARM_GCC_541\Debug\cymetadata.o
 .debug_info    0x00001efd      0x3bb .\CortexM3\ARM_GCC_541\Debug\Cm3Start.o
 .debug_info    0x000022b8     0x1374 .\CortexM3\ARM_GCC_541\Debug\Design01.a(CyLib.o)
 .debug_info    0x0000362c      0xa2a .\CortexM3\ARM_GCC_541\Debug\Design01.a(cyPm.o)
 .debug_info    0x00004056       0xd6 .\CortexM3\ARM_GCC_541\Debug\Design01.a(Control_Reg_1.o)
 .debug_info    0x0000412c      0x11f .\CortexM3\ARM_GCC_541\Debug\Design01.a(LED.o)
 .debug_info    0x0000424b      0x11f .\CortexM3\ARM_GCC_541\Debug\Design01.a(Pin_2.o)
 .debug_info    0x0000436a      0x11f .\CortexM3\ARM_GCC_541\Debug\Design01.a(Pin_1.o)
 .debug_info    0x00004489      0x11f .\CortexM3\ARM_GCC_541\Debug\Design01.a(Pin_3.o)
 .debug_info    0x000045a8      0x60c .\CortexM3\ARM_GCC_541\Debug\Design01.a(UART_1.o)
 .debug_info    0x00004bb4      0x283 .\CortexM3\ARM_GCC_541\Debug\Design01.a(UART_1_IntClock.o)
 .debug_info    0x00004e37       0xd6 .\CortexM3\ARM_GCC_541\Debug\Design01.a(Control_Reg_3.o)
 .debug_info    0x00004f0d       0xd6 .\CortexM3\ARM_GCC_541\Debug\Design01.a(Control_Reg_2.o)
 .debug_info    0x00004fe3      0x2d2 .\CortexM3\ARM_GCC_541\Debug\Design01.a(isr_1.o)
 .debug_info    0x000052b5      0x328 .\CortexM3\ARM_GCC_541\Debug\Design01.a(Timer_1.o)
 .debug_info    0x000055dd      0x334 .\CortexM3\ARM_GCC_541\Debug\Design01.a(PWM_rw.o)
 .debug_info    0x00005911      0x334 .\CortexM3\ARM_GCC_541\Debug\Design01.a(PWM_lw.o)
 .debug_info    0x00005c45      0x11f .\CortexM3\ARM_GCC_541\Debug\Design01.a(dir_lw.o)
 .debug_info    0x00005d64      0x11f .\CortexM3\ARM_GCC_541\Debug\Design01.a(dir_rw.o)
 .debug_info    0x00005e83      0x344 .\CortexM3\ARM_GCC_541\Debug\Design01.a(Counter_right.o)
 .debug_info    0x000061c7      0x344 .\CortexM3\ARM_GCC_541\Debug\Design01.a(Counter_left.o)
 .debug_info    0x0000650b      0x11f .\CortexM3\ARM_GCC_541\Debug\Design01.a(Trigger_r.o)
 .debug_info    0x0000662a      0xb98 .\CortexM3\ARM_GCC_541\Debug\Design01.a(ADC_DelSig_1.o)
 .debug_info    0x000071c2      0x108 .\CortexM3\ARM_GCC_541\Debug\Design01.a(ADC_DelSig_1_INT.o)
 .debug_info    0x000072ca      0x1d5 .\CortexM3\ARM_GCC_541\Debug\Design01.a(TIA_1.o)
 .debug_info    0x0000749f      0x20a .\CortexM3\ARM_GCC_541\Debug\Design01.a(IDAC8_1.o)
 .debug_info    0x000076a9      0x1e0 .\CortexM3\ARM_GCC_541\Debug\Design01.a(VDAC8_1.o)
 .debug_info    0x00007889      0x283 .\CortexM3\ARM_GCC_541\Debug\Design01.a(ADC_DelSig_1_Ext_CP_Clk.o)
 .debug_info    0x00007b0c      0x2c4 .\CortexM3\ARM_GCC_541\Debug\Design01.a(ADC_DelSig_1_theACLK.o)
 .debug_info    0x00007dd0      0x11f .\CortexM3\ARM_GCC_541\Debug\Design01.a(Trigger_fl.o)
 .debug_info    0x00007eef      0x11f .\CortexM3\ARM_GCC_541\Debug\Design01.a(Trigger_l.o)
 .debug_info    0x0000800e      0x11f .\CortexM3\ARM_GCC_541\Debug\Design01.a(Trigger_fr.o)
 .debug_info    0x0000812d      0x11f .\CortexM3\ARM_GCC_541\Debug\Design01.a(dir_lift.o)
 .debug_info    0x0000824c      0x333 .\CortexM3\ARM_GCC_541\Debug\Design01.a(PWM_lift.o)
 .debug_info    0x0000857f      0x344 .\CortexM3\ARM_GCC_541\Debug\Design01.a(Counter_lift.o)
 .debug_info    0x000088c3      0x333 .\CortexM3\ARM_GCC_541\Debug\Design01.a(PWM_1.o)
 .debug_info    0x00008bf6      0x2d2 .\CortexM3\ARM_GCC_541\Debug\Design01.a(isr_Key.o)
 .debug_info    0x00008ec8      0x11f .\CortexM3\ARM_GCC_541\Debug\Design01.a(R.o)
 .debug_info    0x00008fe7      0x11f .\CortexM3\ARM_GCC_541\Debug\Design01.a(B.o)
 .debug_info    0x00009106      0x11f .\CortexM3\ARM_GCC_541\Debug\Design01.a(G.o)
 .debug_info    0x00009225       0xd6 .\CortexM3\ARM_GCC_541\Debug\Design01.a(Control_Reg_4.o)
 .debug_info    0x000092fb       0x8a .\CortexM3\ARM_GCC_541\Debug\Design01.a(CyBootAsmGnu.o)
 .debug_info    0x00009385      0x64d .\CortexM3\ARM_GCC_541\Debug\Design01.a(CyFlash.o)
 .debug_info    0x000099d2      0x550 .\CortexM3\ARM_GCC_541\Debug\Design01.a(CySpc.o)

.debug_abbrev   0x00000000     0x32b4
 *(.debug_abbrev)
 .debug_abbrev  0x00000000      0x116 .\CortexM3\ARM_GCC_541\Debug\main.o
 .debug_abbrev  0x00000116      0x161 .\CortexM3\ARM_GCC_541\Debug\colorsensor.o
 .debug_abbrev  0x00000277      0x18c .\CortexM3\ARM_GCC_541\Debug\movement.o
 .debug_abbrev  0x00000403       0xef .\CortexM3\ARM_GCC_541\Debug\ultrasonic.o
 .debug_abbrev  0x000004f2       0xe6 .\CortexM3\ARM_GCC_541\Debug\lifting.o
 .debug_abbrev  0x000005d8       0xa7 .\CortexM3\ARM_GCC_541\Debug\gripper.o
 .debug_abbrev  0x0000067f      0x20d .\CortexM3\ARM_GCC_541\Debug\cyfitter_cfg.o
 .debug_abbrev  0x0000088c       0x77 .\CortexM3\ARM_GCC_541\Debug\cymetadata.o
 .debug_abbrev  0x00000903      0x1e8 .\CortexM3\ARM_GCC_541\Debug\Cm3Start.o
 .debug_abbrev  0x00000aeb      0x254 .\CortexM3\ARM_GCC_541\Debug\Design01.a(CyLib.o)
 .debug_abbrev  0x00000d3f      0x1ab .\CortexM3\ARM_GCC_541\Debug\Design01.a(cyPm.o)
 .debug_abbrev  0x00000eea       0x81 .\CortexM3\ARM_GCC_541\Debug\Design01.a(Control_Reg_1.o)
 .debug_abbrev  0x00000f6b       0x90 .\CortexM3\ARM_GCC_541\Debug\Design01.a(LED.o)
 .debug_abbrev  0x00000ffb       0x90 .\CortexM3\ARM_GCC_541\Debug\Design01.a(Pin_2.o)
 .debug_abbrev  0x0000108b       0x90 .\CortexM3\ARM_GCC_541\Debug\Design01.a(Pin_1.o)
 .debug_abbrev  0x0000111b       0x90 .\CortexM3\ARM_GCC_541\Debug\Design01.a(Pin_3.o)
 .debug_abbrev  0x000011ab      0x175 .\CortexM3\ARM_GCC_541\Debug\Design01.a(UART_1.o)
 .debug_abbrev  0x00001320      0x139 .\CortexM3\ARM_GCC_541\Debug\Design01.a(UART_1_IntClock.o)
 .debug_abbrev  0x00001459       0x81 .\CortexM3\ARM_GCC_541\Debug\Design01.a(Control_Reg_3.o)
 .debug_abbrev  0x000014da       0x81 .\CortexM3\ARM_GCC_541\Debug\Design01.a(Control_Reg_2.o)
 .debug_abbrev  0x0000155b      0x173 .\CortexM3\ARM_GCC_541\Debug\Design01.a(isr_1.o)
 .debug_abbrev  0x000016ce      0x13a .\CortexM3\ARM_GCC_541\Debug\Design01.a(Timer_1.o)
 .debug_abbrev  0x00001808      0x133 .\CortexM3\ARM_GCC_541\Debug\Design01.a(PWM_rw.o)
 .debug_abbrev  0x0000193b      0x133 .\CortexM3\ARM_GCC_541\Debug\Design01.a(PWM_lw.o)
 .debug_abbrev  0x00001a6e       0x90 .\CortexM3\ARM_GCC_541\Debug\Design01.a(dir_lw.o)
 .debug_abbrev  0x00001afe       0x90 .\CortexM3\ARM_GCC_541\Debug\Design01.a(dir_rw.o)
 .debug_abbrev  0x00001b8e      0x117 .\CortexM3\ARM_GCC_541\Debug\Design01.a(Counter_right.o)
 .debug_abbrev  0x00001ca5      0x117 .\CortexM3\ARM_GCC_541\Debug\Design01.a(Counter_left.o)
 .debug_abbrev  0x00001dbc       0x90 .\CortexM3\ARM_GCC_541\Debug\Design01.a(Trigger_r.o)
 .debug_abbrev  0x00001e4c      0x1cd .\CortexM3\ARM_GCC_541\Debug\Design01.a(ADC_DelSig_1.o)
 .debug_abbrev  0x00002019       0x9d .\CortexM3\ARM_GCC_541\Debug\Design01.a(ADC_DelSig_1_INT.o)
 .debug_abbrev  0x000020b6       0xf7 .\CortexM3\ARM_GCC_541\Debug\Design01.a(TIA_1.o)
 .debug_abbrev  0x000021ad      0x106 .\CortexM3\ARM_GCC_541\Debug\Design01.a(IDAC8_1.o)
 .debug_abbrev  0x000022b3       0xf7 .\CortexM3\ARM_GCC_541\Debug\Design01.a(VDAC8_1.o)
 .debug_abbrev  0x000023aa      0x139 .\CortexM3\ARM_GCC_541\Debug\Design01.a(ADC_DelSig_1_Ext_CP_Clk.o)
 .debug_abbrev  0x000024e3      0x121 .\CortexM3\ARM_GCC_541\Debug\Design01.a(ADC_DelSig_1_theACLK.o)
 .debug_abbrev  0x00002604       0x90 .\CortexM3\ARM_GCC_541\Debug\Design01.a(Trigger_fl.o)
 .debug_abbrev  0x00002694       0x90 .\CortexM3\ARM_GCC_541\Debug\Design01.a(Trigger_l.o)
 .debug_abbrev  0x00002724       0x90 .\CortexM3\ARM_GCC_541\Debug\Design01.a(Trigger_fr.o)
 .debug_abbrev  0x000027b4       0x90 .\CortexM3\ARM_GCC_541\Debug\Design01.a(dir_lift.o)
 .debug_abbrev  0x00002844      0x133 .\CortexM3\ARM_GCC_541\Debug\Design01.a(PWM_lift.o)
 .debug_abbrev  0x00002977      0x117 .\CortexM3\ARM_GCC_541\Debug\Design01.a(Counter_lift.o)
 .debug_abbrev  0x00002a8e      0x133 .\CortexM3\ARM_GCC_541\Debug\Design01.a(PWM_1.o)
 .debug_abbrev  0x00002bc1      0x173 .\CortexM3\ARM_GCC_541\Debug\Design01.a(isr_Key.o)
 .debug_abbrev  0x00002d34       0x90 .\CortexM3\ARM_GCC_541\Debug\Design01.a(R.o)
 .debug_abbrev  0x00002dc4       0x90 .\CortexM3\ARM_GCC_541\Debug\Design01.a(B.o)
 .debug_abbrev  0x00002e54       0x90 .\CortexM3\ARM_GCC_541\Debug\Design01.a(G.o)
 .debug_abbrev  0x00002ee4       0x81 .\CortexM3\ARM_GCC_541\Debug\Design01.a(Control_Reg_4.o)
 .debug_abbrev  0x00002f65       0x14 .\CortexM3\ARM_GCC_541\Debug\Design01.a(CyBootAsmGnu.o)
 .debug_abbrev  0x00002f79      0x1a7 .\CortexM3\ARM_GCC_541\Debug\Design01.a(CyFlash.o)
 .debug_abbrev  0x00003120      0x194 .\CortexM3\ARM_GCC_541\Debug\Design01.a(CySpc.o)

.debug_line     0x00000000     0x4c12
 *(.debug_line)
 .debug_line    0x00000000      0x307 .\CortexM3\ARM_GCC_541\Debug\main.o
 .debug_line    0x00000307      0x26c .\CortexM3\ARM_GCC_541\Debug\colorsensor.o
 .debug_line    0x00000573      0x330 .\CortexM3\ARM_GCC_541\Debug\movement.o
 .debug_line    0x000008a3        0x0 .\CortexM3\ARM_GCC_541\Debug\temp.o
 .debug_line    0x000008a3        0x0 .\CortexM3\ARM_GCC_541\Debug\temp_ultrasonic.o
 .debug_line    0x000008a3      0x28e .\CortexM3\ARM_GCC_541\Debug\ultrasonic.o
 .debug_line    0x00000b31      0x24c .\CortexM3\ARM_GCC_541\Debug\lifting.o
 .debug_line    0x00000d7d      0x186 .\CortexM3\ARM_GCC_541\Debug\gripper.o
 .debug_line    0x00000f03      0x210 .\CortexM3\ARM_GCC_541\Debug\cyfitter_cfg.o
 .debug_line    0x00001113      0x141 .\CortexM3\ARM_GCC_541\Debug\cymetadata.o
 .debug_line    0x00001254      0x234 .\CortexM3\ARM_GCC_541\Debug\Cm3Start.o
 .debug_line    0x00001488      0x816 .\CortexM3\ARM_GCC_541\Debug\Design01.a(CyLib.o)
 .debug_line    0x00001c9e      0x367 .\CortexM3\ARM_GCC_541\Debug\Design01.a(cyPm.o)
 .debug_line    0x00002005       0x75 .\CortexM3\ARM_GCC_541\Debug\Design01.a(Control_Reg_1.o)
 .debug_line    0x0000207a       0x90 .\CortexM3\ARM_GCC_541\Debug\Design01.a(LED.o)
 .debug_line    0x0000210a       0x92 .\CortexM3\ARM_GCC_541\Debug\Design01.a(Pin_2.o)
 .debug_line    0x0000219c       0x92 .\CortexM3\ARM_GCC_541\Debug\Design01.a(Pin_1.o)
 .debug_line    0x0000222e       0x92 .\CortexM3\ARM_GCC_541\Debug\Design01.a(Pin_3.o)
 .debug_line    0x000022c0      0x2c0 .\CortexM3\ARM_GCC_541\Debug\Design01.a(UART_1.o)
 .debug_line    0x00002580      0x17e .\CortexM3\ARM_GCC_541\Debug\Design01.a(UART_1_IntClock.o)
 .debug_line    0x000026fe       0x75 .\CortexM3\ARM_GCC_541\Debug\Design01.a(Control_Reg_3.o)
 .debug_line    0x00002773       0x75 .\CortexM3\ARM_GCC_541\Debug\Design01.a(Control_Reg_2.o)
 .debug_line    0x000027e8      0x132 .\CortexM3\ARM_GCC_541\Debug\Design01.a(isr_1.o)
 .debug_line    0x0000291a      0x184 .\CortexM3\ARM_GCC_541\Debug\Design01.a(Timer_1.o)
 .debug_line    0x00002a9e      0x186 .\CortexM3\ARM_GCC_541\Debug\Design01.a(PWM_rw.o)
 .debug_line    0x00002c24      0x186 .\CortexM3\ARM_GCC_541\Debug\Design01.a(PWM_lw.o)
 .debug_line    0x00002daa       0x93 .\CortexM3\ARM_GCC_541\Debug\Design01.a(dir_lw.o)
 .debug_line    0x00002e3d       0x93 .\CortexM3\ARM_GCC_541\Debug\Design01.a(dir_rw.o)
 .debug_line    0x00002ed0      0x18d .\CortexM3\ARM_GCC_541\Debug\Design01.a(Counter_right.o)
 .debug_line    0x0000305d      0x18c .\CortexM3\ARM_GCC_541\Debug\Design01.a(Counter_left.o)
 .debug_line    0x000031e9       0x96 .\CortexM3\ARM_GCC_541\Debug\Design01.a(Trigger_r.o)
 .debug_line    0x0000327f      0x3e1 .\CortexM3\ARM_GCC_541\Debug\Design01.a(ADC_DelSig_1.o)
 .debug_line    0x00003660       0xac .\CortexM3\ARM_GCC_541\Debug\Design01.a(ADC_DelSig_1_INT.o)
 .debug_line    0x0000370c       0xd7 .\CortexM3\ARM_GCC_541\Debug\Design01.a(TIA_1.o)
 .debug_line    0x000037e3       0xfa .\CortexM3\ARM_GCC_541\Debug\Design01.a(IDAC8_1.o)
 .debug_line    0x000038dd       0xe4 .\CortexM3\ARM_GCC_541\Debug\Design01.a(VDAC8_1.o)
 .debug_line    0x000039c1      0x186 .\CortexM3\ARM_GCC_541\Debug\Design01.a(ADC_DelSig_1_Ext_CP_Clk.o)
 .debug_line    0x00003b47      0x1a6 .\CortexM3\ARM_GCC_541\Debug\Design01.a(ADC_DelSig_1_theACLK.o)
 .debug_line    0x00003ced       0x97 .\CortexM3\ARM_GCC_541\Debug\Design01.a(Trigger_fl.o)
 .debug_line    0x00003d84       0x96 .\CortexM3\ARM_GCC_541\Debug\Design01.a(Trigger_l.o)
 .debug_line    0x00003e1a       0x97 .\CortexM3\ARM_GCC_541\Debug\Design01.a(Trigger_fr.o)
 .debug_line    0x00003eb1       0x95 .\CortexM3\ARM_GCC_541\Debug\Design01.a(dir_lift.o)
 .debug_line    0x00003f46      0x188 .\CortexM3\ARM_GCC_541\Debug\Design01.a(PWM_lift.o)
 .debug_line    0x000040ce      0x18c .\CortexM3\ARM_GCC_541\Debug\Design01.a(Counter_lift.o)
 .debug_line    0x0000425a      0x185 .\CortexM3\ARM_GCC_541\Debug\Design01.a(PWM_1.o)
 .debug_line    0x000043df      0x134 .\CortexM3\ARM_GCC_541\Debug\Design01.a(isr_Key.o)
 .debug_line    0x00004513       0x8e .\CortexM3\ARM_GCC_541\Debug\Design01.a(R.o)
 .debug_line    0x000045a1       0x8e .\CortexM3\ARM_GCC_541\Debug\Design01.a(B.o)
 .debug_line    0x0000462f       0x8e .\CortexM3\ARM_GCC_541\Debug\Design01.a(G.o)
 .debug_line    0x000046bd       0x75 .\CortexM3\ARM_GCC_541\Debug\Design01.a(Control_Reg_4.o)
 .debug_line    0x00004732       0x66 .\CortexM3\ARM_GCC_541\Debug\Design01.a(CyBootAsmGnu.o)
 .debug_line    0x00004798      0x21a .\CortexM3\ARM_GCC_541\Debug\Design01.a(CyFlash.o)
 .debug_line    0x000049b2      0x260 .\CortexM3\ARM_GCC_541\Debug\Design01.a(CySpc.o)

.debug_frame    0x00000000     0x338c
 *(.debug_frame)
 .debug_frame   0x00000000       0x48 .\CortexM3\ARM_GCC_541\Debug\main.o
 .debug_frame   0x00000048       0x60 .\CortexM3\ARM_GCC_541\Debug\colorsensor.o
 .debug_frame   0x000000a8      0x110 .\CortexM3\ARM_GCC_541\Debug\movement.o
 .debug_frame   0x000001b8       0x58 .\CortexM3\ARM_GCC_541\Debug\ultrasonic.o
 .debug_frame   0x00000210       0x50 .\CortexM3\ARM_GCC_541\Debug\lifting.o
 .debug_frame   0x00000260       0x48 .\CortexM3\ARM_GCC_541\Debug\gripper.o
 .debug_frame   0x000002a8       0xe4 .\CortexM3\ARM_GCC_541\Debug\cyfitter_cfg.o
 .debug_frame   0x0000038c       0xb8 .\CortexM3\ARM_GCC_541\Debug\Cm3Start.o
 .debug_frame   0x00000444      0x738 .\CortexM3\ARM_GCC_541\Debug\Design01.a(CyLib.o)
 .debug_frame   0x00000b7c      0x1f8 .\CortexM3\ARM_GCC_541\Debug\Design01.a(cyPm.o)
 .debug_frame   0x00000d74       0x30 .\CortexM3\ARM_GCC_541\Debug\Design01.a(Control_Reg_1.o)
 .debug_frame   0x00000da4       0x50 .\CortexM3\ARM_GCC_541\Debug\Design01.a(LED.o)
 .debug_frame   0x00000df4       0x50 .\CortexM3\ARM_GCC_541\Debug\Design01.a(Pin_2.o)
 .debug_frame   0x00000e44       0x50 .\CortexM3\ARM_GCC_541\Debug\Design01.a(Pin_1.o)
 .debug_frame   0x00000e94       0x50 .\CortexM3\ARM_GCC_541\Debug\Design01.a(Pin_3.o)
 .debug_frame   0x00000ee4      0x250 .\CortexM3\ARM_GCC_541\Debug\Design01.a(UART_1.o)
 .debug_frame   0x00001134       0xe0 .\CortexM3\ARM_GCC_541\Debug\Design01.a(UART_1_IntClock.o)
 .debug_frame   0x00001214       0x30 .\CortexM3\ARM_GCC_541\Debug\Design01.a(Control_Reg_3.o)
 .debug_frame   0x00001244       0x30 .\CortexM3\ARM_GCC_541\Debug\Design01.a(Control_Reg_2.o)
 .debug_frame   0x00001274      0x104 .\CortexM3\ARM_GCC_541\Debug\Design01.a(isr_1.o)
 .debug_frame   0x00001378      0x134 .\CortexM3\ARM_GCC_541\Debug\Design01.a(Timer_1.o)
 .debug_frame   0x000014ac      0x134 .\CortexM3\ARM_GCC_541\Debug\Design01.a(PWM_rw.o)
 .debug_frame   0x000015e0      0x134 .\CortexM3\ARM_GCC_541\Debug\Design01.a(PWM_lw.o)
 .debug_frame   0x00001714       0x50 .\CortexM3\ARM_GCC_541\Debug\Design01.a(dir_lw.o)
 .debug_frame   0x00001764       0x50 .\CortexM3\ARM_GCC_541\Debug\Design01.a(dir_rw.o)
 .debug_frame   0x000017b4      0x134 .\CortexM3\ARM_GCC_541\Debug\Design01.a(Counter_right.o)
 .debug_frame   0x000018e8      0x134 .\CortexM3\ARM_GCC_541\Debug\Design01.a(Counter_left.o)
 .debug_frame   0x00001a1c       0x50 .\CortexM3\ARM_GCC_541\Debug\Design01.a(Trigger_r.o)
 .debug_frame   0x00001a6c      0x290 .\CortexM3\ARM_GCC_541\Debug\Design01.a(ADC_DelSig_1.o)
 .debug_frame   0x00001cfc       0x5c .\CortexM3\ARM_GCC_541\Debug\Design01.a(ADC_DelSig_1_INT.o)
 .debug_frame   0x00001d58       0x98 .\CortexM3\ARM_GCC_541\Debug\Design01.a(TIA_1.o)
 .debug_frame   0x00001df0       0xd0 .\CortexM3\ARM_GCC_541\Debug\Design01.a(IDAC8_1.o)
 .debug_frame   0x00001ec0       0xb4 .\CortexM3\ARM_GCC_541\Debug\Design01.a(VDAC8_1.o)
 .debug_frame   0x00001f74       0xe0 .\CortexM3\ARM_GCC_541\Debug\Design01.a(ADC_DelSig_1_Ext_CP_Clk.o)
 .debug_frame   0x00002054      0x100 .\CortexM3\ARM_GCC_541\Debug\Design01.a(ADC_DelSig_1_theACLK.o)
 .debug_frame   0x00002154       0x50 .\CortexM3\ARM_GCC_541\Debug\Design01.a(Trigger_fl.o)
 .debug_frame   0x000021a4       0x50 .\CortexM3\ARM_GCC_541\Debug\Design01.a(Trigger_l.o)
 .debug_frame   0x000021f4       0x50 .\CortexM3\ARM_GCC_541\Debug\Design01.a(Trigger_fr.o)
 .debug_frame   0x00002244       0x50 .\CortexM3\ARM_GCC_541\Debug\Design01.a(dir_lift.o)
 .debug_frame   0x00002294      0x134 .\CortexM3\ARM_GCC_541\Debug\Design01.a(PWM_lift.o)
 .debug_frame   0x000023c8      0x134 .\CortexM3\ARM_GCC_541\Debug\Design01.a(Counter_lift.o)
 .debug_frame   0x000024fc      0x134 .\CortexM3\ARM_GCC_541\Debug\Design01.a(PWM_1.o)
 .debug_frame   0x00002630      0x104 .\CortexM3\ARM_GCC_541\Debug\Design01.a(isr_Key.o)
 .debug_frame   0x00002734       0x50 .\CortexM3\ARM_GCC_541\Debug\Design01.a(R.o)
 .debug_frame   0x00002784       0x50 .\CortexM3\ARM_GCC_541\Debug\Design01.a(B.o)
 .debug_frame   0x000027d4       0x50 .\CortexM3\ARM_GCC_541\Debug\Design01.a(G.o)
 .debug_frame   0x00002824       0x30 .\CortexM3\ARM_GCC_541\Debug\Design01.a(Control_Reg_4.o)
 .debug_frame   0x00002854      0x194 .\CortexM3\ARM_GCC_541\Debug\Design01.a(CyFlash.o)
 .debug_frame   0x000029e8      0x180 .\CortexM3\ARM_GCC_541\Debug\Design01.a(CySpc.o)
 .debug_frame   0x00002b68       0x20 c:/program files (x86)/cypress/psoc creator/4.2/psoc creator/import/gnu/arm/5.4.1/bin/../lib/gcc/arm-none-eabi/5.4.1/../../../../arm-none-eabi/lib/armv7-m\libg_nano.a(lib_a-errno.o)
 .debug_frame   0x00002b88       0x28 c:/program files (x86)/cypress/psoc creator/4.2/psoc creator/import/gnu/arm/5.4.1/bin/../lib/gcc/arm-none-eabi/5.4.1/../../../../arm-none-eabi/lib/armv7-m\libg_nano.a(lib_a-exit.o)
 .debug_frame   0x00002bb0       0x2c c:/program files (x86)/cypress/psoc creator/4.2/psoc creator/import/gnu/arm/5.4.1/bin/../lib/gcc/arm-none-eabi/5.4.1/../../../../arm-none-eabi/lib/armv7-m\libg_nano.a(lib_a-init.o)
 .debug_frame   0x00002bdc       0x28 c:/program files (x86)/cypress/psoc creator/4.2/psoc creator/import/gnu/arm/5.4.1/bin/../lib/gcc/arm-none-eabi/5.4.1/../../../../arm-none-eabi/lib/armv7-m\libg_nano.a(lib_a-memcpy-stub.o)
 .debug_frame   0x00002c04       0x20 c:/program files (x86)/cypress/psoc creator/4.2/psoc creator/import/gnu/arm/5.4.1/bin/../lib/gcc/arm-none-eabi/5.4.1/../../../../arm-none-eabi/lib/armv7-m\libg_nano.a(lib_a-memset.o)
 .debug_frame   0x00002c24       0x8c c:/program files (x86)/cypress/psoc creator/4.2/psoc creator/import/gnu/arm/5.4.1/bin/../lib/gcc/arm-none-eabi/5.4.1/../../../../arm-none-eabi/lib/armv7-m\libg_nano.a(lib_a-nano-vfprintf_float.o)
 .debug_frame   0x00002cb0       0x60 c:/program files (x86)/cypress/psoc creator/4.2/psoc creator/import/gnu/arm/5.4.1/bin/../lib/gcc/arm-none-eabi/5.4.1/../../../../arm-none-eabi/lib/armv7-m\libg_nano.a(lib_a-nano-vfprintf_i.o)
 .debug_frame   0x00002d10       0x70 c:/program files (x86)/cypress/psoc creator/4.2/psoc creator/import/gnu/arm/5.4.1/bin/../lib/gcc/arm-none-eabi/5.4.1/../../../../arm-none-eabi/lib/armv7-m\libg_nano.a(lib_a-sprintf.o)
 .debug_frame   0x00002d80       0x6c c:/program files (x86)/cypress/psoc creator/4.2/psoc creator/import/gnu/arm/5.4.1/bin/../lib/gcc/arm-none-eabi/5.4.1/../../../../arm-none-eabi/lib/armv7-m\libg_nano.a(lib_a-dtoa.o)
 .debug_frame   0x00002dec       0x98 c:/program files (x86)/cypress/psoc creator/4.2/psoc creator/import/gnu/arm/5.4.1/bin/../lib/gcc/arm-none-eabi/5.4.1/../../../../arm-none-eabi/lib/armv7-m\libg_nano.a(lib_a-locale.o)
 .debug_frame   0x00002e84       0x30 c:/program files (x86)/cypress/psoc creator/4.2/psoc creator/import/gnu/arm/5.4.1/bin/../lib/gcc/arm-none-eabi/5.4.1/../../../../arm-none-eabi/lib/armv7-m\libg_nano.a(lib_a-malloc.o)
 .debug_frame   0x00002eb4       0x28 c:/program files (x86)/cypress/psoc creator/4.2/psoc creator/import/gnu/arm/5.4.1/bin/../lib/gcc/arm-none-eabi/5.4.1/../../../../arm-none-eabi/lib/armv7-m\libg_nano.a(lib_a-memchr-stub.o)
 .debug_frame   0x00002edc      0x234 c:/program files (x86)/cypress/psoc creator/4.2/psoc creator/import/gnu/arm/5.4.1/bin/../lib/gcc/arm-none-eabi/5.4.1/../../../../arm-none-eabi/lib/armv7-m\libg_nano.a(lib_a-mprec.o)