ARM GAS  C:\Users\mmoh0006\AppData\Local\Temp\ccb4Zwvq.s 			page 1


   1              		.syntax unified
   2              		.cpu cortex-m3
   3              		.fpu softvfp
   4              		.eabi_attribute 20, 1
   5              		.eabi_attribute 21, 1
   6              		.eabi_attribute 23, 3
   7              		.eabi_attribute 24, 1
   8              		.eabi_attribute 25, 1
   9              		.eabi_attribute 26, 1
  10              		.eabi_attribute 30, 4
  11              		.eabi_attribute 34, 1
  12              		.eabi_attribute 18, 4
  13              		.thumb
  14              		.syntax unified
  15              		.file	"Pulse_Count_PM.c"
  16              		.text
  17              	.Ltext0:
  18              		.cfi_sections	.debug_frame
  19              		.section	.text.Pulse_Count_SaveConfig,"ax",%progbits
  20              		.align	1
  21              		.global	Pulse_Count_SaveConfig
  22              		.thumb
  23              		.thumb_func
  24              		.type	Pulse_Count_SaveConfig, %function
  25              	Pulse_Count_SaveConfig:
  26              	.LFB0:
  27              		.file 1 "Generated_Source\\PSoC5\\Pulse_Count_PM.c"
   1:Generated_Source\PSoC5/Pulse_Count_PM.c **** /*******************************************************************************
   2:Generated_Source\PSoC5/Pulse_Count_PM.c **** * File Name: Pulse_Count_PM.c
   3:Generated_Source\PSoC5/Pulse_Count_PM.c **** * Version 1.0
   4:Generated_Source\PSoC5/Pulse_Count_PM.c **** *
   5:Generated_Source\PSoC5/Pulse_Count_PM.c **** * Description:
   6:Generated_Source\PSoC5/Pulse_Count_PM.c **** *  This file provides Low power mode APIs for Count7 component.
   7:Generated_Source\PSoC5/Pulse_Count_PM.c **** *
   8:Generated_Source\PSoC5/Pulse_Count_PM.c **** * Note:
   9:Generated_Source\PSoC5/Pulse_Count_PM.c **** *  None
  10:Generated_Source\PSoC5/Pulse_Count_PM.c **** *
  11:Generated_Source\PSoC5/Pulse_Count_PM.c **** ********************************************************************************
  12:Generated_Source\PSoC5/Pulse_Count_PM.c **** * Copyright 2013, Cypress Semiconductor Corporation.  All rights reserved.
  13:Generated_Source\PSoC5/Pulse_Count_PM.c **** * You may use this file only in accordance with the license, terms, conditions,
  14:Generated_Source\PSoC5/Pulse_Count_PM.c **** * disclaimers, and limitations in the end user license agreement accompanying
  15:Generated_Source\PSoC5/Pulse_Count_PM.c **** * the software package with which this file was provided.
  16:Generated_Source\PSoC5/Pulse_Count_PM.c **** *******************************************************************************/
  17:Generated_Source\PSoC5/Pulse_Count_PM.c **** 
  18:Generated_Source\PSoC5/Pulse_Count_PM.c **** #include "Pulse_Count.h"
  19:Generated_Source\PSoC5/Pulse_Count_PM.c **** 
  20:Generated_Source\PSoC5/Pulse_Count_PM.c **** 
  21:Generated_Source\PSoC5/Pulse_Count_PM.c **** Pulse_Count_BACKUP_STRUCT Pulse_Count_backup;
  22:Generated_Source\PSoC5/Pulse_Count_PM.c **** 
  23:Generated_Source\PSoC5/Pulse_Count_PM.c **** 
  24:Generated_Source\PSoC5/Pulse_Count_PM.c **** /*******************************************************************************
  25:Generated_Source\PSoC5/Pulse_Count_PM.c **** * Function Name: Pulse_Count_SaveConfig
  26:Generated_Source\PSoC5/Pulse_Count_PM.c **** ********************************************************************************
  27:Generated_Source\PSoC5/Pulse_Count_PM.c **** *
  28:Generated_Source\PSoC5/Pulse_Count_PM.c **** * Summary:
  29:Generated_Source\PSoC5/Pulse_Count_PM.c **** *  This function saves the component configuration and non-retention registers.
  30:Generated_Source\PSoC5/Pulse_Count_PM.c **** *  This function is called by the Count7_Sleep() function.
ARM GAS  C:\Users\mmoh0006\AppData\Local\Temp\ccb4Zwvq.s 			page 2


  31:Generated_Source\PSoC5/Pulse_Count_PM.c **** *
  32:Generated_Source\PSoC5/Pulse_Count_PM.c **** * Parameters:
  33:Generated_Source\PSoC5/Pulse_Count_PM.c **** *  None
  34:Generated_Source\PSoC5/Pulse_Count_PM.c **** *
  35:Generated_Source\PSoC5/Pulse_Count_PM.c **** * Return:
  36:Generated_Source\PSoC5/Pulse_Count_PM.c **** *  None
  37:Generated_Source\PSoC5/Pulse_Count_PM.c **** *
  38:Generated_Source\PSoC5/Pulse_Count_PM.c **** * Global Variables:
  39:Generated_Source\PSoC5/Pulse_Count_PM.c **** *  Pulse_Count_backup - used to save component configuration and non-
  40:Generated_Source\PSoC5/Pulse_Count_PM.c **** *  retention registers before enter sleep mode.
  41:Generated_Source\PSoC5/Pulse_Count_PM.c **** *
  42:Generated_Source\PSoC5/Pulse_Count_PM.c **** *******************************************************************************/
  43:Generated_Source\PSoC5/Pulse_Count_PM.c **** void Pulse_Count_SaveConfig(void) 
  44:Generated_Source\PSoC5/Pulse_Count_PM.c **** {
  28              		.loc 1 44 0
  29              		.cfi_startproc
  30              		@ args = 0, pretend = 0, frame = 0
  31              		@ frame_needed = 0, uses_anonymous_args = 0
  32              		@ link register save eliminated.
  45:Generated_Source\PSoC5/Pulse_Count_PM.c ****     Pulse_Count_backup.count = Pulse_Count_COUNT_REG;
  33              		.loc 1 45 0
  34 0000 024B     		ldr	r3, .L2
  35 0002 1A78     		ldrb	r2, [r3]	@ zero_extendqisi2
  36 0004 024B     		ldr	r3, .L2+4
  37 0006 5A70     		strb	r2, [r3, #1]
  38 0008 7047     		bx	lr
  39              	.L3:
  40 000a 00BF     		.align	2
  41              	.L2:
  42 000c 77650040 		.word	1073767799
  43 0010 00000000 		.word	Pulse_Count_backup
  44              		.cfi_endproc
  45              	.LFE0:
  46              		.size	Pulse_Count_SaveConfig, .-Pulse_Count_SaveConfig
  47              		.section	.text.Pulse_Count_Sleep,"ax",%progbits
  48              		.align	1
  49              		.global	Pulse_Count_Sleep
  50              		.thumb
  51              		.thumb_func
  52              		.type	Pulse_Count_Sleep, %function
  53              	Pulse_Count_Sleep:
  54              	.LFB1:
  46:Generated_Source\PSoC5/Pulse_Count_PM.c **** }
  47:Generated_Source\PSoC5/Pulse_Count_PM.c **** 
  48:Generated_Source\PSoC5/Pulse_Count_PM.c **** 
  49:Generated_Source\PSoC5/Pulse_Count_PM.c **** /*******************************************************************************
  50:Generated_Source\PSoC5/Pulse_Count_PM.c **** * Function Name: Pulse_Count_Sleep
  51:Generated_Source\PSoC5/Pulse_Count_PM.c **** ********************************************************************************
  52:Generated_Source\PSoC5/Pulse_Count_PM.c **** *
  53:Generated_Source\PSoC5/Pulse_Count_PM.c **** * Summary:
  54:Generated_Source\PSoC5/Pulse_Count_PM.c **** *  This is the preferred API to prepare the component for low power mode
  55:Generated_Source\PSoC5/Pulse_Count_PM.c **** *  operation. The Count7_Sleep() API saves the current component state using
  56:Generated_Source\PSoC5/Pulse_Count_PM.c **** *  Count7_SaveConfig() and disables the counter.
  57:Generated_Source\PSoC5/Pulse_Count_PM.c **** *
  58:Generated_Source\PSoC5/Pulse_Count_PM.c **** * Parameters:
  59:Generated_Source\PSoC5/Pulse_Count_PM.c **** *  None
  60:Generated_Source\PSoC5/Pulse_Count_PM.c **** *
ARM GAS  C:\Users\mmoh0006\AppData\Local\Temp\ccb4Zwvq.s 			page 3


  61:Generated_Source\PSoC5/Pulse_Count_PM.c **** * Return:
  62:Generated_Source\PSoC5/Pulse_Count_PM.c **** *  None
  63:Generated_Source\PSoC5/Pulse_Count_PM.c **** *
  64:Generated_Source\PSoC5/Pulse_Count_PM.c **** *******************************************************************************/
  65:Generated_Source\PSoC5/Pulse_Count_PM.c **** void Pulse_Count_Sleep(void) 
  66:Generated_Source\PSoC5/Pulse_Count_PM.c **** {
  55              		.loc 1 66 0
  56              		.cfi_startproc
  57              		@ args = 0, pretend = 0, frame = 0
  58              		@ frame_needed = 0, uses_anonymous_args = 0
  59 0000 08B5     		push	{r3, lr}
  60              		.cfi_def_cfa_offset 8
  61              		.cfi_offset 3, -8
  62              		.cfi_offset 14, -4
  67:Generated_Source\PSoC5/Pulse_Count_PM.c ****     if(0u != (Pulse_Count_AUX_CONTROL_REG & Pulse_Count_COUNTER_START))
  63              		.loc 1 67 0
  64 0002 094B     		ldr	r3, .L8
  65 0004 094A     		ldr	r2, .L8+4
  66 0006 1B78     		ldrb	r3, [r3]	@ zero_extendqisi2
  67 0008 03F02003 		and	r3, r3, #32
  68 000c 03F0FF01 		and	r1, r3, #255
  69 0010 23B1     		cbz	r3, .L5
  68:Generated_Source\PSoC5/Pulse_Count_PM.c ****     {
  69:Generated_Source\PSoC5/Pulse_Count_PM.c ****         Pulse_Count_backup.enableState = 1u;
  70              		.loc 1 69 0
  71 0012 0123     		movs	r3, #1
  72 0014 1370     		strb	r3, [r2]
  70:Generated_Source\PSoC5/Pulse_Count_PM.c ****         Pulse_Count_Stop();
  73              		.loc 1 70 0
  74 0016 FFF7FEFF 		bl	Pulse_Count_Stop
  75              	.LVL0:
  76 001a 00E0     		b	.L6
  77              	.L5:
  71:Generated_Source\PSoC5/Pulse_Count_PM.c ****     }
  72:Generated_Source\PSoC5/Pulse_Count_PM.c ****     else
  73:Generated_Source\PSoC5/Pulse_Count_PM.c ****     {
  74:Generated_Source\PSoC5/Pulse_Count_PM.c ****         Pulse_Count_backup.enableState = 0u;
  78              		.loc 1 74 0
  79 001c 1170     		strb	r1, [r2]
  80              	.L6:
  75:Generated_Source\PSoC5/Pulse_Count_PM.c ****     }
  76:Generated_Source\PSoC5/Pulse_Count_PM.c **** 
  77:Generated_Source\PSoC5/Pulse_Count_PM.c ****     Pulse_Count_SaveConfig();
  78:Generated_Source\PSoC5/Pulse_Count_PM.c **** }
  81              		.loc 1 78 0
  82 001e BDE80840 		pop	{r3, lr}
  83              		.cfi_restore 14
  84              		.cfi_restore 3
  85              		.cfi_def_cfa_offset 0
  77:Generated_Source\PSoC5/Pulse_Count_PM.c **** }
  86              		.loc 1 77 0
  87 0022 FFF7FEBF 		b	Pulse_Count_SaveConfig
  88              	.LVL1:
  89              	.L9:
  90 0026 00BF     		.align	2
  91              	.L8:
  92 0028 97650040 		.word	1073767831
ARM GAS  C:\Users\mmoh0006\AppData\Local\Temp\ccb4Zwvq.s 			page 4


  93 002c 00000000 		.word	Pulse_Count_backup
  94              		.cfi_endproc
  95              	.LFE1:
  96              		.size	Pulse_Count_Sleep, .-Pulse_Count_Sleep
  97              		.section	.text.Pulse_Count_RestoreConfig,"ax",%progbits
  98              		.align	1
  99              		.global	Pulse_Count_RestoreConfig
 100              		.thumb
 101              		.thumb_func
 102              		.type	Pulse_Count_RestoreConfig, %function
 103              	Pulse_Count_RestoreConfig:
 104              	.LFB2:
  79:Generated_Source\PSoC5/Pulse_Count_PM.c **** 
  80:Generated_Source\PSoC5/Pulse_Count_PM.c **** 
  81:Generated_Source\PSoC5/Pulse_Count_PM.c **** /*******************************************************************************
  82:Generated_Source\PSoC5/Pulse_Count_PM.c **** * Function Name: Pulse_Count_RestoreConfig
  83:Generated_Source\PSoC5/Pulse_Count_PM.c **** ********************************************************************************
  84:Generated_Source\PSoC5/Pulse_Count_PM.c **** *
  85:Generated_Source\PSoC5/Pulse_Count_PM.c **** * Summary:
  86:Generated_Source\PSoC5/Pulse_Count_PM.c **** *  This function restores the component configuration and non-retention
  87:Generated_Source\PSoC5/Pulse_Count_PM.c **** *  registers. This function is called by the Count7_Wakeup() function.
  88:Generated_Source\PSoC5/Pulse_Count_PM.c **** *
  89:Generated_Source\PSoC5/Pulse_Count_PM.c **** * Parameters:
  90:Generated_Source\PSoC5/Pulse_Count_PM.c **** *  None
  91:Generated_Source\PSoC5/Pulse_Count_PM.c **** *
  92:Generated_Source\PSoC5/Pulse_Count_PM.c **** * Return:
  93:Generated_Source\PSoC5/Pulse_Count_PM.c **** *  None
  94:Generated_Source\PSoC5/Pulse_Count_PM.c **** *
  95:Generated_Source\PSoC5/Pulse_Count_PM.c **** * Global Variables:
  96:Generated_Source\PSoC5/Pulse_Count_PM.c **** *  Pulse_Count_backup - used to save component configuration and
  97:Generated_Source\PSoC5/Pulse_Count_PM.c **** *  non-retention registers before exit sleep mode.
  98:Generated_Source\PSoC5/Pulse_Count_PM.c **** *
  99:Generated_Source\PSoC5/Pulse_Count_PM.c **** *******************************************************************************/
 100:Generated_Source\PSoC5/Pulse_Count_PM.c **** void Pulse_Count_RestoreConfig(void) 
 101:Generated_Source\PSoC5/Pulse_Count_PM.c **** {
 105              		.loc 1 101 0
 106              		.cfi_startproc
 107              		@ args = 0, pretend = 0, frame = 0
 108              		@ frame_needed = 0, uses_anonymous_args = 0
 109              		@ link register save eliminated.
 102:Generated_Source\PSoC5/Pulse_Count_PM.c ****     Pulse_Count_COUNT_REG = Pulse_Count_backup.count;
 110              		.loc 1 102 0
 111 0000 024B     		ldr	r3, .L11
 112 0002 5A78     		ldrb	r2, [r3, #1]	@ zero_extendqisi2
 113 0004 024B     		ldr	r3, .L11+4
 114 0006 1A70     		strb	r2, [r3]
 115 0008 7047     		bx	lr
 116              	.L12:
 117 000a 00BF     		.align	2
 118              	.L11:
 119 000c 00000000 		.word	Pulse_Count_backup
 120 0010 77650040 		.word	1073767799
 121              		.cfi_endproc
 122              	.LFE2:
 123              		.size	Pulse_Count_RestoreConfig, .-Pulse_Count_RestoreConfig
 124              		.section	.text.Pulse_Count_Wakeup,"ax",%progbits
 125              		.align	1
ARM GAS  C:\Users\mmoh0006\AppData\Local\Temp\ccb4Zwvq.s 			page 5


 126              		.global	Pulse_Count_Wakeup
 127              		.thumb
 128              		.thumb_func
 129              		.type	Pulse_Count_Wakeup, %function
 130              	Pulse_Count_Wakeup:
 131              	.LFB3:
 103:Generated_Source\PSoC5/Pulse_Count_PM.c **** }
 104:Generated_Source\PSoC5/Pulse_Count_PM.c **** 
 105:Generated_Source\PSoC5/Pulse_Count_PM.c **** 
 106:Generated_Source\PSoC5/Pulse_Count_PM.c **** /*******************************************************************************
 107:Generated_Source\PSoC5/Pulse_Count_PM.c **** * Function Name: Pulse_Count_Wakeup
 108:Generated_Source\PSoC5/Pulse_Count_PM.c **** ********************************************************************************
 109:Generated_Source\PSoC5/Pulse_Count_PM.c **** *
 110:Generated_Source\PSoC5/Pulse_Count_PM.c **** * Summary:
 111:Generated_Source\PSoC5/Pulse_Count_PM.c **** *  This is the preferred API to restore the component to the state when
 112:Generated_Source\PSoC5/Pulse_Count_PM.c **** *  Count7_Sleep() was called. The Count7_Wakeup() function calls the
 113:Generated_Source\PSoC5/Pulse_Count_PM.c **** *  Count7_RestoreConfig() function to restore the configuration.
 114:Generated_Source\PSoC5/Pulse_Count_PM.c **** *
 115:Generated_Source\PSoC5/Pulse_Count_PM.c **** * Parameters:
 116:Generated_Source\PSoC5/Pulse_Count_PM.c **** *  None
 117:Generated_Source\PSoC5/Pulse_Count_PM.c **** *
 118:Generated_Source\PSoC5/Pulse_Count_PM.c **** * Return:
 119:Generated_Source\PSoC5/Pulse_Count_PM.c **** *  None
 120:Generated_Source\PSoC5/Pulse_Count_PM.c **** *
 121:Generated_Source\PSoC5/Pulse_Count_PM.c **** *******************************************************************************/
 122:Generated_Source\PSoC5/Pulse_Count_PM.c **** void Pulse_Count_Wakeup(void) 
 123:Generated_Source\PSoC5/Pulse_Count_PM.c **** {
 132              		.loc 1 123 0
 133              		.cfi_startproc
 134              		@ args = 0, pretend = 0, frame = 0
 135              		@ frame_needed = 0, uses_anonymous_args = 0
 136 0000 08B5     		push	{r3, lr}
 137              		.cfi_def_cfa_offset 8
 138              		.cfi_offset 3, -8
 139              		.cfi_offset 14, -4
 124:Generated_Source\PSoC5/Pulse_Count_PM.c ****     Pulse_Count_RestoreConfig();
 140              		.loc 1 124 0
 141 0002 FFF7FEFF 		bl	Pulse_Count_RestoreConfig
 142              	.LVL2:
 125:Generated_Source\PSoC5/Pulse_Count_PM.c **** 
 126:Generated_Source\PSoC5/Pulse_Count_PM.c ****     /* Restore enable state */
 127:Generated_Source\PSoC5/Pulse_Count_PM.c ****     if (Pulse_Count_backup.enableState != 0u)
 143              		.loc 1 127 0
 144 0006 044B     		ldr	r3, .L15
 145 0008 1B78     		ldrb	r3, [r3]	@ zero_extendqisi2
 146 000a 1BB1     		cbz	r3, .L13
 128:Generated_Source\PSoC5/Pulse_Count_PM.c ****     {
 129:Generated_Source\PSoC5/Pulse_Count_PM.c ****         Pulse_Count_Enable();
 130:Generated_Source\PSoC5/Pulse_Count_PM.c ****     }
 131:Generated_Source\PSoC5/Pulse_Count_PM.c **** }
 147              		.loc 1 131 0
 148 000c BDE80840 		pop	{r3, lr}
 149              		.cfi_remember_state
 150              		.cfi_restore 14
 151              		.cfi_restore 3
 152              		.cfi_def_cfa_offset 0
 129:Generated_Source\PSoC5/Pulse_Count_PM.c ****     }
ARM GAS  C:\Users\mmoh0006\AppData\Local\Temp\ccb4Zwvq.s 			page 6


 153              		.loc 1 129 0
 154 0010 FFF7FEBF 		b	Pulse_Count_Enable
 155              	.LVL3:
 156              	.L13:
 157              		.cfi_restore_state
 158 0014 08BD     		pop	{r3, pc}
 159              	.L16:
 160 0016 00BF     		.align	2
 161              	.L15:
 162 0018 00000000 		.word	Pulse_Count_backup
 163              		.cfi_endproc
 164              	.LFE3:
 165              		.size	Pulse_Count_Wakeup, .-Pulse_Count_Wakeup
 166              		.comm	Pulse_Count_backup,2,1
 167              		.text
 168              	.Letext0:
 169              		.file 2 "Generated_Source\\PSoC5\\cytypes.h"
 170              		.file 3 "Generated_Source\\PSoC5\\Pulse_Count.h"
 171              		.section	.debug_info,"",%progbits
 172              	.Ldebug_info0:
 173 0000 6D010000 		.4byte	0x16d
 174 0004 0400     		.2byte	0x4
 175 0006 00000000 		.4byte	.Ldebug_abbrev0
 176 000a 04       		.byte	0x4
 177 000b 01       		.uleb128 0x1
 178 000c 51010000 		.4byte	.LASF25
 179 0010 0C       		.byte	0xc
 180 0011 DB000000 		.4byte	.LASF26
 181 0015 B8000000 		.4byte	.LASF27
 182 0019 00000000 		.4byte	.Ldebug_ranges0+0
 183 001d 00000000 		.4byte	0
 184 0021 00000000 		.4byte	.Ldebug_line0
 185 0025 02       		.uleb128 0x2
 186 0026 01       		.byte	0x1
 187 0027 06       		.byte	0x6
 188 0028 F2010000 		.4byte	.LASF0
 189 002c 02       		.uleb128 0x2
 190 002d 01       		.byte	0x1
 191 002e 08       		.byte	0x8
 192 002f 03010000 		.4byte	.LASF1
 193 0033 02       		.uleb128 0x2
 194 0034 02       		.byte	0x2
 195 0035 05       		.byte	0x5
 196 0036 86000000 		.4byte	.LASF2
 197 003a 02       		.uleb128 0x2
 198 003b 02       		.byte	0x2
 199 003c 07       		.byte	0x7
 200 003d DF010000 		.4byte	.LASF3
 201 0041 02       		.uleb128 0x2
 202 0042 04       		.byte	0x4
 203 0043 05       		.byte	0x5
 204 0044 1C010000 		.4byte	.LASF4
 205 0048 02       		.uleb128 0x2
 206 0049 04       		.byte	0x4
 207 004a 07       		.byte	0x7
 208 004b 74000000 		.4byte	.LASF5
 209 004f 02       		.uleb128 0x2
ARM GAS  C:\Users\mmoh0006\AppData\Local\Temp\ccb4Zwvq.s 			page 7


 210 0050 08       		.byte	0x8
 211 0051 05       		.byte	0x5
 212 0052 00000000 		.4byte	.LASF6
 213 0056 02       		.uleb128 0x2
 214 0057 08       		.byte	0x8
 215 0058 07       		.byte	0x7
 216 0059 90000000 		.4byte	.LASF7
 217 005d 03       		.uleb128 0x3
 218 005e 04       		.byte	0x4
 219 005f 05       		.byte	0x5
 220 0060 696E7400 		.ascii	"int\000"
 221 0064 02       		.uleb128 0x2
 222 0065 04       		.byte	0x4
 223 0066 07       		.byte	0x7
 224 0067 1A000000 		.4byte	.LASF8
 225 006b 04       		.uleb128 0x4
 226 006c 6E000000 		.4byte	.LASF12
 227 0070 02       		.byte	0x2
 228 0071 E401     		.2byte	0x1e4
 229 0073 2C000000 		.4byte	0x2c
 230 0077 02       		.uleb128 0x2
 231 0078 04       		.byte	0x4
 232 0079 04       		.byte	0x4
 233 007a 1D020000 		.4byte	.LASF9
 234 007e 02       		.uleb128 0x2
 235 007f 08       		.byte	0x8
 236 0080 04       		.byte	0x4
 237 0081 4A010000 		.4byte	.LASF10
 238 0085 02       		.uleb128 0x2
 239 0086 01       		.byte	0x1
 240 0087 08       		.byte	0x8
 241 0088 11010000 		.4byte	.LASF11
 242 008c 04       		.uleb128 0x4
 243 008d 23020000 		.4byte	.LASF13
 244 0091 02       		.byte	0x2
 245 0092 8E02     		.2byte	0x28e
 246 0094 98000000 		.4byte	0x98
 247 0098 05       		.uleb128 0x5
 248 0099 6B000000 		.4byte	0x6b
 249 009d 02       		.uleb128 0x2
 250 009e 08       		.byte	0x8
 251 009f 04       		.byte	0x4
 252 00a0 11020000 		.4byte	.LASF14
 253 00a4 02       		.uleb128 0x2
 254 00a5 04       		.byte	0x4
 255 00a6 07       		.byte	0x7
 256 00a7 3F020000 		.4byte	.LASF15
 257 00ab 06       		.uleb128 0x6
 258 00ac 02       		.byte	0x2
 259 00ad 03       		.byte	0x3
 260 00ae 36       		.byte	0x36
 261 00af CC000000 		.4byte	0xcc
 262 00b3 07       		.uleb128 0x7
 263 00b4 0E000000 		.4byte	.LASF16
 264 00b8 03       		.byte	0x3
 265 00b9 38       		.byte	0x38
 266 00ba 6B000000 		.4byte	0x6b
ARM GAS  C:\Users\mmoh0006\AppData\Local\Temp\ccb4Zwvq.s 			page 8


 267 00be 00       		.byte	0
 268 00bf 07       		.uleb128 0x7
 269 00c0 16010000 		.4byte	.LASF17
 270 00c4 03       		.byte	0x3
 271 00c5 39       		.byte	0x39
 272 00c6 6B000000 		.4byte	0x6b
 273 00ca 01       		.byte	0x1
 274 00cb 00       		.byte	0
 275 00cc 08       		.uleb128 0x8
 276 00cd 27000000 		.4byte	.LASF18
 277 00d1 03       		.byte	0x3
 278 00d2 3A       		.byte	0x3a
 279 00d3 AB000000 		.4byte	0xab
 280 00d7 09       		.uleb128 0x9
 281 00d8 28020000 		.4byte	.LASF19
 282 00dc 01       		.byte	0x1
 283 00dd 2B       		.byte	0x2b
 284 00de 00000000 		.4byte	.LFB0
 285 00e2 14000000 		.4byte	.LFE0-.LFB0
 286 00e6 01       		.uleb128 0x1
 287 00e7 9C       		.byte	0x9c
 288 00e8 0A       		.uleb128 0xa
 289 00e9 38010000 		.4byte	.LASF21
 290 00ed 01       		.byte	0x1
 291 00ee 41       		.byte	0x41
 292 00ef 00000000 		.4byte	.LFB1
 293 00f3 30000000 		.4byte	.LFE1-.LFB1
 294 00f7 01       		.uleb128 0x1
 295 00f8 9C       		.byte	0x9c
 296 00f9 10010000 		.4byte	0x110
 297 00fd 0B       		.uleb128 0xb
 298 00fe 1A000000 		.4byte	.LVL0
 299 0102 5A010000 		.4byte	0x15a
 300 0106 0C       		.uleb128 0xc
 301 0107 26000000 		.4byte	.LVL1
 302 010b D7000000 		.4byte	0xd7
 303 010f 00       		.byte	0
 304 0110 09       		.uleb128 0x9
 305 0111 41000000 		.4byte	.LASF20
 306 0115 01       		.byte	0x1
 307 0116 64       		.byte	0x64
 308 0117 00000000 		.4byte	.LFB2
 309 011b 14000000 		.4byte	.LFE2-.LFB2
 310 011f 01       		.uleb128 0x1
 311 0120 9C       		.byte	0x9c
 312 0121 0A       		.uleb128 0xa
 313 0122 FE010000 		.4byte	.LASF22
 314 0126 01       		.byte	0x1
 315 0127 7A       		.byte	0x7a
 316 0128 00000000 		.4byte	.LFB3
 317 012c 1C000000 		.4byte	.LFE3-.LFB3
 318 0130 01       		.uleb128 0x1
 319 0131 9C       		.byte	0x9c
 320 0132 49010000 		.4byte	0x149
 321 0136 0B       		.uleb128 0xb
 322 0137 06000000 		.4byte	.LVL2
 323 013b 10010000 		.4byte	0x110
ARM GAS  C:\Users\mmoh0006\AppData\Local\Temp\ccb4Zwvq.s 			page 9


 324 013f 0C       		.uleb128 0xc
 325 0140 14000000 		.4byte	.LVL3
 326 0144 65010000 		.4byte	0x165
 327 0148 00       		.byte	0
 328 0149 0D       		.uleb128 0xd
 329 014a 5B000000 		.4byte	.LASF28
 330 014e 01       		.byte	0x1
 331 014f 15       		.byte	0x15
 332 0150 CC000000 		.4byte	0xcc
 333 0154 05       		.uleb128 0x5
 334 0155 03       		.byte	0x3
 335 0156 00000000 		.4byte	Pulse_Count_backup
 336 015a 0E       		.uleb128 0xe
 337 015b A7000000 		.4byte	.LASF23
 338 015f A7000000 		.4byte	.LASF23
 339 0163 03       		.byte	0x3
 340 0164 27       		.byte	0x27
 341 0165 0E       		.uleb128 0xe
 342 0166 25010000 		.4byte	.LASF24
 343 016a 25010000 		.4byte	.LASF24
 344 016e 03       		.byte	0x3
 345 016f 25       		.byte	0x25
 346 0170 00       		.byte	0
 347              		.section	.debug_abbrev,"",%progbits
 348              	.Ldebug_abbrev0:
 349 0000 01       		.uleb128 0x1
 350 0001 11       		.uleb128 0x11
 351 0002 01       		.byte	0x1
 352 0003 25       		.uleb128 0x25
 353 0004 0E       		.uleb128 0xe
 354 0005 13       		.uleb128 0x13
 355 0006 0B       		.uleb128 0xb
 356 0007 03       		.uleb128 0x3
 357 0008 0E       		.uleb128 0xe
 358 0009 1B       		.uleb128 0x1b
 359 000a 0E       		.uleb128 0xe
 360 000b 55       		.uleb128 0x55
 361 000c 17       		.uleb128 0x17
 362 000d 11       		.uleb128 0x11
 363 000e 01       		.uleb128 0x1
 364 000f 10       		.uleb128 0x10
 365 0010 17       		.uleb128 0x17
 366 0011 00       		.byte	0
 367 0012 00       		.byte	0
 368 0013 02       		.uleb128 0x2
 369 0014 24       		.uleb128 0x24
 370 0015 00       		.byte	0
 371 0016 0B       		.uleb128 0xb
 372 0017 0B       		.uleb128 0xb
 373 0018 3E       		.uleb128 0x3e
 374 0019 0B       		.uleb128 0xb
 375 001a 03       		.uleb128 0x3
 376 001b 0E       		.uleb128 0xe
 377 001c 00       		.byte	0
 378 001d 00       		.byte	0
 379 001e 03       		.uleb128 0x3
 380 001f 24       		.uleb128 0x24
ARM GAS  C:\Users\mmoh0006\AppData\Local\Temp\ccb4Zwvq.s 			page 10


 381 0020 00       		.byte	0
 382 0021 0B       		.uleb128 0xb
 383 0022 0B       		.uleb128 0xb
 384 0023 3E       		.uleb128 0x3e
 385 0024 0B       		.uleb128 0xb
 386 0025 03       		.uleb128 0x3
 387 0026 08       		.uleb128 0x8
 388 0027 00       		.byte	0
 389 0028 00       		.byte	0
 390 0029 04       		.uleb128 0x4
 391 002a 16       		.uleb128 0x16
 392 002b 00       		.byte	0
 393 002c 03       		.uleb128 0x3
 394 002d 0E       		.uleb128 0xe
 395 002e 3A       		.uleb128 0x3a
 396 002f 0B       		.uleb128 0xb
 397 0030 3B       		.uleb128 0x3b
 398 0031 05       		.uleb128 0x5
 399 0032 49       		.uleb128 0x49
 400 0033 13       		.uleb128 0x13
 401 0034 00       		.byte	0
 402 0035 00       		.byte	0
 403 0036 05       		.uleb128 0x5
 404 0037 35       		.uleb128 0x35
 405 0038 00       		.byte	0
 406 0039 49       		.uleb128 0x49
 407 003a 13       		.uleb128 0x13
 408 003b 00       		.byte	0
 409 003c 00       		.byte	0
 410 003d 06       		.uleb128 0x6
 411 003e 13       		.uleb128 0x13
 412 003f 01       		.byte	0x1
 413 0040 0B       		.uleb128 0xb
 414 0041 0B       		.uleb128 0xb
 415 0042 3A       		.uleb128 0x3a
 416 0043 0B       		.uleb128 0xb
 417 0044 3B       		.uleb128 0x3b
 418 0045 0B       		.uleb128 0xb
 419 0046 01       		.uleb128 0x1
 420 0047 13       		.uleb128 0x13
 421 0048 00       		.byte	0
 422 0049 00       		.byte	0
 423 004a 07       		.uleb128 0x7
 424 004b 0D       		.uleb128 0xd
 425 004c 00       		.byte	0
 426 004d 03       		.uleb128 0x3
 427 004e 0E       		.uleb128 0xe
 428 004f 3A       		.uleb128 0x3a
 429 0050 0B       		.uleb128 0xb
 430 0051 3B       		.uleb128 0x3b
 431 0052 0B       		.uleb128 0xb
 432 0053 49       		.uleb128 0x49
 433 0054 13       		.uleb128 0x13
 434 0055 38       		.uleb128 0x38
 435 0056 0B       		.uleb128 0xb
 436 0057 00       		.byte	0
 437 0058 00       		.byte	0
ARM GAS  C:\Users\mmoh0006\AppData\Local\Temp\ccb4Zwvq.s 			page 11


 438 0059 08       		.uleb128 0x8
 439 005a 16       		.uleb128 0x16
 440 005b 00       		.byte	0
 441 005c 03       		.uleb128 0x3
 442 005d 0E       		.uleb128 0xe
 443 005e 3A       		.uleb128 0x3a
 444 005f 0B       		.uleb128 0xb
 445 0060 3B       		.uleb128 0x3b
 446 0061 0B       		.uleb128 0xb
 447 0062 49       		.uleb128 0x49
 448 0063 13       		.uleb128 0x13
 449 0064 00       		.byte	0
 450 0065 00       		.byte	0
 451 0066 09       		.uleb128 0x9
 452 0067 2E       		.uleb128 0x2e
 453 0068 00       		.byte	0
 454 0069 3F       		.uleb128 0x3f
 455 006a 19       		.uleb128 0x19
 456 006b 03       		.uleb128 0x3
 457 006c 0E       		.uleb128 0xe
 458 006d 3A       		.uleb128 0x3a
 459 006e 0B       		.uleb128 0xb
 460 006f 3B       		.uleb128 0x3b
 461 0070 0B       		.uleb128 0xb
 462 0071 27       		.uleb128 0x27
 463 0072 19       		.uleb128 0x19
 464 0073 11       		.uleb128 0x11
 465 0074 01       		.uleb128 0x1
 466 0075 12       		.uleb128 0x12
 467 0076 06       		.uleb128 0x6
 468 0077 40       		.uleb128 0x40
 469 0078 18       		.uleb128 0x18
 470 0079 9742     		.uleb128 0x2117
 471 007b 19       		.uleb128 0x19
 472 007c 00       		.byte	0
 473 007d 00       		.byte	0
 474 007e 0A       		.uleb128 0xa
 475 007f 2E       		.uleb128 0x2e
 476 0080 01       		.byte	0x1
 477 0081 3F       		.uleb128 0x3f
 478 0082 19       		.uleb128 0x19
 479 0083 03       		.uleb128 0x3
 480 0084 0E       		.uleb128 0xe
 481 0085 3A       		.uleb128 0x3a
 482 0086 0B       		.uleb128 0xb
 483 0087 3B       		.uleb128 0x3b
 484 0088 0B       		.uleb128 0xb
 485 0089 27       		.uleb128 0x27
 486 008a 19       		.uleb128 0x19
 487 008b 11       		.uleb128 0x11
 488 008c 01       		.uleb128 0x1
 489 008d 12       		.uleb128 0x12
 490 008e 06       		.uleb128 0x6
 491 008f 40       		.uleb128 0x40
 492 0090 18       		.uleb128 0x18
 493 0091 9742     		.uleb128 0x2117
 494 0093 19       		.uleb128 0x19
ARM GAS  C:\Users\mmoh0006\AppData\Local\Temp\ccb4Zwvq.s 			page 12


 495 0094 01       		.uleb128 0x1
 496 0095 13       		.uleb128 0x13
 497 0096 00       		.byte	0
 498 0097 00       		.byte	0
 499 0098 0B       		.uleb128 0xb
 500 0099 898201   		.uleb128 0x4109
 501 009c 00       		.byte	0
 502 009d 11       		.uleb128 0x11
 503 009e 01       		.uleb128 0x1
 504 009f 31       		.uleb128 0x31
 505 00a0 13       		.uleb128 0x13
 506 00a1 00       		.byte	0
 507 00a2 00       		.byte	0
 508 00a3 0C       		.uleb128 0xc
 509 00a4 898201   		.uleb128 0x4109
 510 00a7 00       		.byte	0
 511 00a8 11       		.uleb128 0x11
 512 00a9 01       		.uleb128 0x1
 513 00aa 9542     		.uleb128 0x2115
 514 00ac 19       		.uleb128 0x19
 515 00ad 31       		.uleb128 0x31
 516 00ae 13       		.uleb128 0x13
 517 00af 00       		.byte	0
 518 00b0 00       		.byte	0
 519 00b1 0D       		.uleb128 0xd
 520 00b2 34       		.uleb128 0x34
 521 00b3 00       		.byte	0
 522 00b4 03       		.uleb128 0x3
 523 00b5 0E       		.uleb128 0xe
 524 00b6 3A       		.uleb128 0x3a
 525 00b7 0B       		.uleb128 0xb
 526 00b8 3B       		.uleb128 0x3b
 527 00b9 0B       		.uleb128 0xb
 528 00ba 49       		.uleb128 0x49
 529 00bb 13       		.uleb128 0x13
 530 00bc 3F       		.uleb128 0x3f
 531 00bd 19       		.uleb128 0x19
 532 00be 02       		.uleb128 0x2
 533 00bf 18       		.uleb128 0x18
 534 00c0 00       		.byte	0
 535 00c1 00       		.byte	0
 536 00c2 0E       		.uleb128 0xe
 537 00c3 2E       		.uleb128 0x2e
 538 00c4 00       		.byte	0
 539 00c5 3F       		.uleb128 0x3f
 540 00c6 19       		.uleb128 0x19
 541 00c7 3C       		.uleb128 0x3c
 542 00c8 19       		.uleb128 0x19
 543 00c9 6E       		.uleb128 0x6e
 544 00ca 0E       		.uleb128 0xe
 545 00cb 03       		.uleb128 0x3
 546 00cc 0E       		.uleb128 0xe
 547 00cd 3A       		.uleb128 0x3a
 548 00ce 0B       		.uleb128 0xb
 549 00cf 3B       		.uleb128 0x3b
 550 00d0 0B       		.uleb128 0xb
 551 00d1 00       		.byte	0
ARM GAS  C:\Users\mmoh0006\AppData\Local\Temp\ccb4Zwvq.s 			page 13


 552 00d2 00       		.byte	0
 553 00d3 00       		.byte	0
 554              		.section	.debug_aranges,"",%progbits
 555 0000 34000000 		.4byte	0x34
 556 0004 0200     		.2byte	0x2
 557 0006 00000000 		.4byte	.Ldebug_info0
 558 000a 04       		.byte	0x4
 559 000b 00       		.byte	0
 560 000c 0000     		.2byte	0
 561 000e 0000     		.2byte	0
 562 0010 00000000 		.4byte	.LFB0
 563 0014 14000000 		.4byte	.LFE0-.LFB0
 564 0018 00000000 		.4byte	.LFB1
 565 001c 30000000 		.4byte	.LFE1-.LFB1
 566 0020 00000000 		.4byte	.LFB2
 567 0024 14000000 		.4byte	.LFE2-.LFB2
 568 0028 00000000 		.4byte	.LFB3
 569 002c 1C000000 		.4byte	.LFE3-.LFB3
 570 0030 00000000 		.4byte	0
 571 0034 00000000 		.4byte	0
 572              		.section	.debug_ranges,"",%progbits
 573              	.Ldebug_ranges0:
 574 0000 00000000 		.4byte	.LFB0
 575 0004 14000000 		.4byte	.LFE0
 576 0008 00000000 		.4byte	.LFB1
 577 000c 30000000 		.4byte	.LFE1
 578 0010 00000000 		.4byte	.LFB2
 579 0014 14000000 		.4byte	.LFE2
 580 0018 00000000 		.4byte	.LFB3
 581 001c 1C000000 		.4byte	.LFE3
 582 0020 00000000 		.4byte	0
 583 0024 00000000 		.4byte	0
 584              		.section	.debug_line,"",%progbits
 585              	.Ldebug_line0:
 586 0000 AD000000 		.section	.debug_str,"MS",%progbits,1
 586      02005C00 
 586      00000201 
 586      FB0E0D00 
 586      01010101 
 587              	.LASF6:
 588 0000 6C6F6E67 		.ascii	"long long int\000"
 588      206C6F6E 
 588      6720696E 
 588      7400
 589              	.LASF16:
 590 000e 656E6162 		.ascii	"enableState\000"
 590      6C655374 
 590      61746500 
 591              	.LASF8:
 592 001a 756E7369 		.ascii	"unsigned int\000"
 592      676E6564 
 592      20696E74 
 592      00
 593              	.LASF18:
 594 0027 50756C73 		.ascii	"Pulse_Count_BACKUP_STRUCT\000"
 594      655F436F 
 594      756E745F 
ARM GAS  C:\Users\mmoh0006\AppData\Local\Temp\ccb4Zwvq.s 			page 14


 594      4241434B 
 594      55505F53 
 595              	.LASF20:
 596 0041 50756C73 		.ascii	"Pulse_Count_RestoreConfig\000"
 596      655F436F 
 596      756E745F 
 596      52657374 
 596      6F726543 
 597              	.LASF28:
 598 005b 50756C73 		.ascii	"Pulse_Count_backup\000"
 598      655F436F 
 598      756E745F 
 598      6261636B 
 598      757000
 599              	.LASF12:
 600 006e 75696E74 		.ascii	"uint8\000"
 600      3800
 601              	.LASF5:
 602 0074 6C6F6E67 		.ascii	"long unsigned int\000"
 602      20756E73 
 602      69676E65 
 602      6420696E 
 602      7400
 603              	.LASF2:
 604 0086 73686F72 		.ascii	"short int\000"
 604      7420696E 
 604      7400
 605              	.LASF7:
 606 0090 6C6F6E67 		.ascii	"long long unsigned int\000"
 606      206C6F6E 
 606      6720756E 
 606      7369676E 
 606      65642069 
 607              	.LASF23:
 608 00a7 50756C73 		.ascii	"Pulse_Count_Stop\000"
 608      655F436F 
 608      756E745F 
 608      53746F70 
 608      00
 609              	.LASF27:
 610 00b8 453A5C54 		.ascii	"E:\\TRC3500\\Psoc\\BCD\\Design01.cydsn\000"
 610      52433335 
 610      30305C50 
 610      736F635C 
 610      4243445C 
 611              	.LASF26:
 612 00db 47656E65 		.ascii	"Generated_Source\\PSoC5\\Pulse_Count_PM.c\000"
 612      72617465 
 612      645F536F 
 612      75726365 
 612      5C50536F 
 613              	.LASF1:
 614 0103 756E7369 		.ascii	"unsigned char\000"
 614      676E6564 
 614      20636861 
 614      7200
 615              	.LASF11:
ARM GAS  C:\Users\mmoh0006\AppData\Local\Temp\ccb4Zwvq.s 			page 15


 616 0111 63686172 		.ascii	"char\000"
 616      00
 617              	.LASF17:
 618 0116 636F756E 		.ascii	"count\000"
 618      7400
 619              	.LASF4:
 620 011c 6C6F6E67 		.ascii	"long int\000"
 620      20696E74 
 620      00
 621              	.LASF24:
 622 0125 50756C73 		.ascii	"Pulse_Count_Enable\000"
 622      655F436F 
 622      756E745F 
 622      456E6162 
 622      6C6500
 623              	.LASF21:
 624 0138 50756C73 		.ascii	"Pulse_Count_Sleep\000"
 624      655F436F 
 624      756E745F 
 624      536C6565 
 624      7000
 625              	.LASF10:
 626 014a 646F7562 		.ascii	"double\000"
 626      6C6500
 627              	.LASF25:
 628 0151 474E5520 		.ascii	"GNU C11 5.4.1 20160609 (release) [ARM/embedded-5-br"
 628      43313120 
 628      352E342E 
 628      31203230 
 628      31363036 
 629 0184 616E6368 		.ascii	"anch revision 237715] -mcpu=cortex-m3 -mthumb -g -O"
 629      20726576 
 629      6973696F 
 629      6E203233 
 629      37373135 
 630 01b7 73202D66 		.ascii	"s -ffunction-sections -ffat-lto-objects\000"
 630      66756E63 
 630      74696F6E 
 630      2D736563 
 630      74696F6E 
 631              	.LASF3:
 632 01df 73686F72 		.ascii	"short unsigned int\000"
 632      7420756E 
 632      7369676E 
 632      65642069 
 632      6E7400
 633              	.LASF0:
 634 01f2 7369676E 		.ascii	"signed char\000"
 634      65642063 
 634      68617200 
 635              	.LASF22:
 636 01fe 50756C73 		.ascii	"Pulse_Count_Wakeup\000"
 636      655F436F 
 636      756E745F 
 636      57616B65 
 636      757000
 637              	.LASF14:
ARM GAS  C:\Users\mmoh0006\AppData\Local\Temp\ccb4Zwvq.s 			page 16


 638 0211 6C6F6E67 		.ascii	"long double\000"
 638      20646F75 
 638      626C6500 
 639              	.LASF9:
 640 021d 666C6F61 		.ascii	"float\000"
 640      7400
 641              	.LASF13:
 642 0223 72656738 		.ascii	"reg8\000"
 642      00
 643              	.LASF19:
 644 0228 50756C73 		.ascii	"Pulse_Count_SaveConfig\000"
 644      655F436F 
 644      756E745F 
 644      53617665 
 644      436F6E66 
 645              	.LASF15:
 646 023f 73697A65 		.ascii	"sizetype\000"
 646      74797065 
 646      00
 647              		.ident	"GCC: (GNU Tools for ARM Embedded Processors) 5.4.1 20160609 (release) [ARM/embedded-5-bran
