ARM GAS  C:\Users\Zwe\AppData\Local\Temp\ccR3KbSD.s 			page 1


   1              		.syntax unified
   2              		.cpu cortex-m3
   3              		.fpu softvfp
   4              		.eabi_attribute 20, 1
   5              		.eabi_attribute 21, 1
   6              		.eabi_attribute 23, 3
   7              		.eabi_attribute 24, 1
   8              		.eabi_attribute 25, 1
   9              		.eabi_attribute 26, 1
  10              		.eabi_attribute 30, 4
  11              		.eabi_attribute 34, 1
  12              		.eabi_attribute 18, 4
  13              		.thumb
  14              		.syntax unified
  15              		.file	"Tx.c"
  16              		.text
  17              	.Ltext0:
  18              		.cfi_sections	.debug_frame
  19              		.section	.text.Tx_Init,"ax",%progbits
  20              		.align	1
  21              		.global	Tx_Init
  22              		.thumb
  23              		.thumb_func
  24              		.type	Tx_Init, %function
  25              	Tx_Init:
  26              	.LFB0:
  27              		.file 1 "Generated_Source\\PSoC5\\Tx.c"
   1:Generated_Source\PSoC5/Tx.c **** /*******************************************************************************
   2:Generated_Source\PSoC5/Tx.c **** * File Name: Tx.c
   3:Generated_Source\PSoC5/Tx.c **** * Version 1.0
   4:Generated_Source\PSoC5/Tx.c **** *
   5:Generated_Source\PSoC5/Tx.c **** * Description:
   6:Generated_Source\PSoC5/Tx.c **** *  This file provides source code for the Count7 component's API.
   7:Generated_Source\PSoC5/Tx.c **** *
   8:Generated_Source\PSoC5/Tx.c **** * Note:
   9:Generated_Source\PSoC5/Tx.c **** *
  10:Generated_Source\PSoC5/Tx.c **** ********************************************************************************
  11:Generated_Source\PSoC5/Tx.c **** * Copyright 2013, Cypress Semiconductor Corporation.  All rights reserved.
  12:Generated_Source\PSoC5/Tx.c **** * You may use this file only in accordance with the license, terms, conditions,
  13:Generated_Source\PSoC5/Tx.c **** * disclaimers, and limitations in the end user license agreement accompanying
  14:Generated_Source\PSoC5/Tx.c **** * the software package with which this file was provided.
  15:Generated_Source\PSoC5/Tx.c **** *******************************************************************************/
  16:Generated_Source\PSoC5/Tx.c **** 
  17:Generated_Source\PSoC5/Tx.c **** #include "Tx.h"
  18:Generated_Source\PSoC5/Tx.c **** 
  19:Generated_Source\PSoC5/Tx.c **** uint8 Tx_initVar = 0u;
  20:Generated_Source\PSoC5/Tx.c **** 
  21:Generated_Source\PSoC5/Tx.c **** 
  22:Generated_Source\PSoC5/Tx.c **** /*******************************************************************************
  23:Generated_Source\PSoC5/Tx.c **** * Function Name: Tx_Init
  24:Generated_Source\PSoC5/Tx.c **** ********************************************************************************
  25:Generated_Source\PSoC5/Tx.c **** *
  26:Generated_Source\PSoC5/Tx.c **** * Summary:
  27:Generated_Source\PSoC5/Tx.c **** *  Initializes or restores the component according to the parameter editor
  28:Generated_Source\PSoC5/Tx.c **** *  settings.
  29:Generated_Source\PSoC5/Tx.c **** *
  30:Generated_Source\PSoC5/Tx.c **** * Parameters:
ARM GAS  C:\Users\Zwe\AppData\Local\Temp\ccR3KbSD.s 			page 2


  31:Generated_Source\PSoC5/Tx.c **** *  None
  32:Generated_Source\PSoC5/Tx.c **** *
  33:Generated_Source\PSoC5/Tx.c **** * Return:
  34:Generated_Source\PSoC5/Tx.c **** *  None
  35:Generated_Source\PSoC5/Tx.c **** *
  36:Generated_Source\PSoC5/Tx.c **** * Theory:
  37:Generated_Source\PSoC5/Tx.c **** *  It is not necessary to call Count7_Init() because the Count7_Start() API
  38:Generated_Source\PSoC5/Tx.c **** *  calls this function and is the preferred method to begin component
  39:Generated_Source\PSoC5/Tx.c **** *  operation.
  40:Generated_Source\PSoC5/Tx.c **** *
  41:Generated_Source\PSoC5/Tx.c **** *******************************************************************************/
  42:Generated_Source\PSoC5/Tx.c **** void Tx_Init(void) 
  43:Generated_Source\PSoC5/Tx.c **** {
  28              		.loc 1 43 0
  29              		.cfi_startproc
  30              		@ args = 0, pretend = 0, frame = 0
  31              		@ frame_needed = 0, uses_anonymous_args = 0
  32              		@ link register save eliminated.
  44:Generated_Source\PSoC5/Tx.c ****     /* Set the initial period value from parameter editor */
  45:Generated_Source\PSoC5/Tx.c ****     Tx_PERIOD_REG = Tx_INITIAL_PERIOD;
  33              		.loc 1 45 0
  34 0000 014B     		ldr	r3, .L2
  35 0002 0A22     		movs	r2, #10
  36 0004 1A70     		strb	r2, [r3]
  37 0006 7047     		bx	lr
  38              	.L3:
  39              		.align	2
  40              	.L2:
  41 0008 8A640040 		.word	1073767562
  42              		.cfi_endproc
  43              	.LFE0:
  44              		.size	Tx_Init, .-Tx_Init
  45              		.section	.text.Tx_Enable,"ax",%progbits
  46              		.align	1
  47              		.global	Tx_Enable
  48              		.thumb
  49              		.thumb_func
  50              		.type	Tx_Enable, %function
  51              	Tx_Enable:
  52              	.LFB1:
  46:Generated_Source\PSoC5/Tx.c **** }
  47:Generated_Source\PSoC5/Tx.c **** 
  48:Generated_Source\PSoC5/Tx.c **** 
  49:Generated_Source\PSoC5/Tx.c **** /*******************************************************************************
  50:Generated_Source\PSoC5/Tx.c **** * Function Name: Tx_Enable
  51:Generated_Source\PSoC5/Tx.c **** ********************************************************************************
  52:Generated_Source\PSoC5/Tx.c **** *
  53:Generated_Source\PSoC5/Tx.c **** * Summary:
  54:Generated_Source\PSoC5/Tx.c **** *  Enables the software enable of the counter.
  55:Generated_Source\PSoC5/Tx.c **** *
  56:Generated_Source\PSoC5/Tx.c **** * Parameters:
  57:Generated_Source\PSoC5/Tx.c **** *  None
  58:Generated_Source\PSoC5/Tx.c **** *
  59:Generated_Source\PSoC5/Tx.c **** * Return:
  60:Generated_Source\PSoC5/Tx.c **** *  None
  61:Generated_Source\PSoC5/Tx.c **** *
  62:Generated_Source\PSoC5/Tx.c **** * Theory:
ARM GAS  C:\Users\Zwe\AppData\Local\Temp\ccR3KbSD.s 			page 3


  63:Generated_Source\PSoC5/Tx.c **** *  It is not necessary to call Count7_Enable() because the Count7_Start() API
  64:Generated_Source\PSoC5/Tx.c **** *  calls this function, which is the preferred method to begin component
  65:Generated_Source\PSoC5/Tx.c **** *  operation.
  66:Generated_Source\PSoC5/Tx.c **** *  This API performs modification of auxiliary control register which is a
  67:Generated_Source\PSoC5/Tx.c **** *  shared resource so it is required to disable interrupts until the
  68:Generated_Source\PSoC5/Tx.c **** *  modification will complete.
  69:Generated_Source\PSoC5/Tx.c **** *
  70:Generated_Source\PSoC5/Tx.c **** *******************************************************************************/
  71:Generated_Source\PSoC5/Tx.c **** void Tx_Enable(void) 
  72:Generated_Source\PSoC5/Tx.c **** {
  53              		.loc 1 72 0
  54              		.cfi_startproc
  55              		@ args = 0, pretend = 0, frame = 0
  56              		@ frame_needed = 0, uses_anonymous_args = 0
  57 0000 08B5     		push	{r3, lr}
  58              		.cfi_def_cfa_offset 8
  59              		.cfi_offset 3, -8
  60              		.cfi_offset 14, -4
  73:Generated_Source\PSoC5/Tx.c ****     uint8 interruptState;
  74:Generated_Source\PSoC5/Tx.c **** 
  75:Generated_Source\PSoC5/Tx.c ****     interruptState = CyEnterCriticalSection();
  61              		.loc 1 75 0
  62 0002 FFF7FEFF 		bl	CyEnterCriticalSection
  63              	.LVL0:
  76:Generated_Source\PSoC5/Tx.c ****     /* Set the counter start bit in auxiliary control. If routed enable
  77:Generated_Source\PSoC5/Tx.c ****     * isn't used then this will immediately star the Count7 operation.
  78:Generated_Source\PSoC5/Tx.c ****     */
  79:Generated_Source\PSoC5/Tx.c ****     Tx_AUX_CONTROL_REG |= Tx_COUNTER_START;
  64              		.loc 1 79 0
  65 0006 044A     		ldr	r2, .L5
  66 0008 1378     		ldrb	r3, [r2]	@ zero_extendqisi2
  67 000a 43F02003 		orr	r3, r3, #32
  68 000e 1370     		strb	r3, [r2]
  80:Generated_Source\PSoC5/Tx.c **** 
  81:Generated_Source\PSoC5/Tx.c ****     CyExitCriticalSection(interruptState);
  82:Generated_Source\PSoC5/Tx.c **** }
  69              		.loc 1 82 0
  70 0010 BDE80840 		pop	{r3, lr}
  71              		.cfi_restore 14
  72              		.cfi_restore 3
  73              		.cfi_def_cfa_offset 0
  81:Generated_Source\PSoC5/Tx.c **** }
  74              		.loc 1 81 0
  75 0014 FFF7FEBF 		b	CyExitCriticalSection
  76              	.LVL1:
  77              	.L6:
  78              		.align	2
  79              	.L5:
  80 0018 9A640040 		.word	1073767578
  81              		.cfi_endproc
  82              	.LFE1:
  83              		.size	Tx_Enable, .-Tx_Enable
  84              		.section	.text.Tx_Start,"ax",%progbits
  85              		.align	1
  86              		.global	Tx_Start
  87              		.thumb
  88              		.thumb_func
ARM GAS  C:\Users\Zwe\AppData\Local\Temp\ccR3KbSD.s 			page 4


  89              		.type	Tx_Start, %function
  90              	Tx_Start:
  91              	.LFB2:
  83:Generated_Source\PSoC5/Tx.c **** 
  84:Generated_Source\PSoC5/Tx.c **** 
  85:Generated_Source\PSoC5/Tx.c **** /*******************************************************************************
  86:Generated_Source\PSoC5/Tx.c **** * Function Name: Tx_Start
  87:Generated_Source\PSoC5/Tx.c **** ********************************************************************************
  88:Generated_Source\PSoC5/Tx.c **** *
  89:Generated_Source\PSoC5/Tx.c **** * Summary:
  90:Generated_Source\PSoC5/Tx.c **** *  Performs all of the required initialization for the component and enables
  91:Generated_Source\PSoC5/Tx.c **** *  the counter. The first time the routine is executed, the period is set as
  92:Generated_Source\PSoC5/Tx.c **** *  configured in the customizer. When called to restart the counter following a
  93:Generated_Source\PSoC5/Tx.c **** *  Count7_Stop() call, the current period value is retained.
  94:Generated_Source\PSoC5/Tx.c **** *
  95:Generated_Source\PSoC5/Tx.c **** * Parameters:
  96:Generated_Source\PSoC5/Tx.c **** *  None.
  97:Generated_Source\PSoC5/Tx.c **** *
  98:Generated_Source\PSoC5/Tx.c **** * Global Variables:
  99:Generated_Source\PSoC5/Tx.c **** *  Tx_initVar - global variable.
 100:Generated_Source\PSoC5/Tx.c **** *
 101:Generated_Source\PSoC5/Tx.c **** * Return:
 102:Generated_Source\PSoC5/Tx.c **** *  None.
 103:Generated_Source\PSoC5/Tx.c **** *
 104:Generated_Source\PSoC5/Tx.c **** *******************************************************************************/
 105:Generated_Source\PSoC5/Tx.c **** void Tx_Start(void) 
 106:Generated_Source\PSoC5/Tx.c **** {
  92              		.loc 1 106 0
  93              		.cfi_startproc
  94              		@ args = 0, pretend = 0, frame = 0
  95              		@ frame_needed = 0, uses_anonymous_args = 0
  96              		@ link register save eliminated.
 107:Generated_Source\PSoC5/Tx.c ****     /* If not initialized then perform initialization */
 108:Generated_Source\PSoC5/Tx.c ****     if(Tx_initVar == 0u)
  97              		.loc 1 108 0
  98 0000 044B     		ldr	r3, .L10
  99 0002 1A78     		ldrb	r2, [r3]	@ zero_extendqisi2
 100 0004 22B9     		cbnz	r2, .L8
 101              	.LBB4:
 102              	.LBB5:
  45:Generated_Source\PSoC5/Tx.c **** }
 103              		.loc 1 45 0
 104 0006 044A     		ldr	r2, .L10+4
 105 0008 0A21     		movs	r1, #10
 106 000a 1170     		strb	r1, [r2]
 107              	.LBE5:
 108              	.LBE4:
 109:Generated_Source\PSoC5/Tx.c ****     {
 110:Generated_Source\PSoC5/Tx.c ****         Tx_Init();
 111:Generated_Source\PSoC5/Tx.c ****         Tx_initVar = 1u;
 109              		.loc 1 111 0
 110 000c 0122     		movs	r2, #1
 111 000e 1A70     		strb	r2, [r3]
 112              	.L8:
 112:Generated_Source\PSoC5/Tx.c ****     }
 113:Generated_Source\PSoC5/Tx.c **** 
 114:Generated_Source\PSoC5/Tx.c ****     /* Enable Count7 */
ARM GAS  C:\Users\Zwe\AppData\Local\Temp\ccR3KbSD.s 			page 5


 115:Generated_Source\PSoC5/Tx.c ****     Tx_Enable();
 113              		.loc 1 115 0
 114 0010 FFF7FEBF 		b	Tx_Enable
 115              	.LVL2:
 116              	.L11:
 117              		.align	2
 118              	.L10:
 119 0014 00000000 		.word	.LANCHOR0
 120 0018 8A640040 		.word	1073767562
 121              		.cfi_endproc
 122              	.LFE2:
 123              		.size	Tx_Start, .-Tx_Start
 124              		.section	.text.Tx_Stop,"ax",%progbits
 125              		.align	1
 126              		.global	Tx_Stop
 127              		.thumb
 128              		.thumb_func
 129              		.type	Tx_Stop, %function
 130              	Tx_Stop:
 131              	.LFB3:
 116:Generated_Source\PSoC5/Tx.c **** }
 117:Generated_Source\PSoC5/Tx.c **** 
 118:Generated_Source\PSoC5/Tx.c **** 
 119:Generated_Source\PSoC5/Tx.c **** /*******************************************************************************
 120:Generated_Source\PSoC5/Tx.c **** * Function Name: Tx_Stop
 121:Generated_Source\PSoC5/Tx.c **** ********************************************************************************
 122:Generated_Source\PSoC5/Tx.c **** *
 123:Generated_Source\PSoC5/Tx.c **** * Summary:
 124:Generated_Source\PSoC5/Tx.c **** *  Disables the software enable of the counter.
 125:Generated_Source\PSoC5/Tx.c **** *
 126:Generated_Source\PSoC5/Tx.c **** * Parameters:
 127:Generated_Source\PSoC5/Tx.c **** *  None
 128:Generated_Source\PSoC5/Tx.c **** *
 129:Generated_Source\PSoC5/Tx.c **** * Return:
 130:Generated_Source\PSoC5/Tx.c **** *  None
 131:Generated_Source\PSoC5/Tx.c **** *
 132:Generated_Source\PSoC5/Tx.c **** *******************************************************************************/
 133:Generated_Source\PSoC5/Tx.c **** void Tx_Stop(void) 
 134:Generated_Source\PSoC5/Tx.c **** {
 132              		.loc 1 134 0
 133              		.cfi_startproc
 134              		@ args = 0, pretend = 0, frame = 0
 135              		@ frame_needed = 0, uses_anonymous_args = 0
 136 0000 08B5     		push	{r3, lr}
 137              		.cfi_def_cfa_offset 8
 138              		.cfi_offset 3, -8
 139              		.cfi_offset 14, -4
 135:Generated_Source\PSoC5/Tx.c ****     uint8 interruptState;
 136:Generated_Source\PSoC5/Tx.c **** 
 137:Generated_Source\PSoC5/Tx.c ****     interruptState = CyEnterCriticalSection();
 140              		.loc 1 137 0
 141 0002 FFF7FEFF 		bl	CyEnterCriticalSection
 142              	.LVL3:
 138:Generated_Source\PSoC5/Tx.c ****     /* Clear the counter start bit in auxiliary control. */
 139:Generated_Source\PSoC5/Tx.c ****     Tx_AUX_CONTROL_REG &= (uint8) ~((uint8) Tx_COUNTER_START);
 143              		.loc 1 139 0
 144 0006 044A     		ldr	r2, .L13
ARM GAS  C:\Users\Zwe\AppData\Local\Temp\ccR3KbSD.s 			page 6


 145 0008 1378     		ldrb	r3, [r2]	@ zero_extendqisi2
 146 000a 03F0DF03 		and	r3, r3, #223
 147 000e 1370     		strb	r3, [r2]
 140:Generated_Source\PSoC5/Tx.c **** 
 141:Generated_Source\PSoC5/Tx.c ****     CyExitCriticalSection(interruptState);
 142:Generated_Source\PSoC5/Tx.c **** }
 148              		.loc 1 142 0
 149 0010 BDE80840 		pop	{r3, lr}
 150              		.cfi_restore 14
 151              		.cfi_restore 3
 152              		.cfi_def_cfa_offset 0
 141:Generated_Source\PSoC5/Tx.c **** }
 153              		.loc 1 141 0
 154 0014 FFF7FEBF 		b	CyExitCriticalSection
 155              	.LVL4:
 156              	.L14:
 157              		.align	2
 158              	.L13:
 159 0018 9A640040 		.word	1073767578
 160              		.cfi_endproc
 161              	.LFE3:
 162              		.size	Tx_Stop, .-Tx_Stop
 163              		.section	.text.Tx_WriteCounter,"ax",%progbits
 164              		.align	1
 165              		.global	Tx_WriteCounter
 166              		.thumb
 167              		.thumb_func
 168              		.type	Tx_WriteCounter, %function
 169              	Tx_WriteCounter:
 170              	.LFB4:
 143:Generated_Source\PSoC5/Tx.c **** 
 144:Generated_Source\PSoC5/Tx.c **** 
 145:Generated_Source\PSoC5/Tx.c **** /*******************************************************************************
 146:Generated_Source\PSoC5/Tx.c **** * Function Name: Tx_WriteCounter
 147:Generated_Source\PSoC5/Tx.c **** ********************************************************************************
 148:Generated_Source\PSoC5/Tx.c **** *
 149:Generated_Source\PSoC5/Tx.c **** * Summary:
 150:Generated_Source\PSoC5/Tx.c **** *  This function writes the counter directly. The counter should be disabled
 151:Generated_Source\PSoC5/Tx.c **** *  before calling this function.
 152:Generated_Source\PSoC5/Tx.c **** *
 153:Generated_Source\PSoC5/Tx.c **** * Parameters:
 154:Generated_Source\PSoC5/Tx.c **** *  count - Value to be written to counter.
 155:Generated_Source\PSoC5/Tx.c **** *
 156:Generated_Source\PSoC5/Tx.c **** * Return:
 157:Generated_Source\PSoC5/Tx.c **** *  None
 158:Generated_Source\PSoC5/Tx.c **** *
 159:Generated_Source\PSoC5/Tx.c **** *******************************************************************************/
 160:Generated_Source\PSoC5/Tx.c **** void Tx_WriteCounter(uint8 count) 
 161:Generated_Source\PSoC5/Tx.c **** {
 171              		.loc 1 161 0
 172              		.cfi_startproc
 173              		@ args = 0, pretend = 0, frame = 0
 174              		@ frame_needed = 0, uses_anonymous_args = 0
 175              		@ link register save eliminated.
 176              	.LVL5:
 162:Generated_Source\PSoC5/Tx.c ****     Tx_COUNT_REG = (count & Tx_COUNT_7BIT_MASK);
 177              		.loc 1 162 0
ARM GAS  C:\Users\Zwe\AppData\Local\Temp\ccR3KbSD.s 			page 7


 178 0000 024B     		ldr	r3, .L16
 179 0002 00F07F00 		and	r0, r0, #127
 180              	.LVL6:
 181 0006 1870     		strb	r0, [r3]
 182 0008 7047     		bx	lr
 183              	.L17:
 184 000a 00BF     		.align	2
 185              	.L16:
 186 000c 7A640040 		.word	1073767546
 187              		.cfi_endproc
 188              	.LFE4:
 189              		.size	Tx_WriteCounter, .-Tx_WriteCounter
 190              		.section	.text.Tx_ReadCounter,"ax",%progbits
 191              		.align	1
 192              		.global	Tx_ReadCounter
 193              		.thumb
 194              		.thumb_func
 195              		.type	Tx_ReadCounter, %function
 196              	Tx_ReadCounter:
 197              	.LFB5:
 163:Generated_Source\PSoC5/Tx.c **** }
 164:Generated_Source\PSoC5/Tx.c **** 
 165:Generated_Source\PSoC5/Tx.c **** 
 166:Generated_Source\PSoC5/Tx.c **** /*******************************************************************************
 167:Generated_Source\PSoC5/Tx.c **** * Function Name: Tx_ReadCounter
 168:Generated_Source\PSoC5/Tx.c **** ********************************************************************************
 169:Generated_Source\PSoC5/Tx.c **** *
 170:Generated_Source\PSoC5/Tx.c **** * Summary:
 171:Generated_Source\PSoC5/Tx.c **** *  This function reads the counter value.
 172:Generated_Source\PSoC5/Tx.c **** *
 173:Generated_Source\PSoC5/Tx.c **** * Parameters:
 174:Generated_Source\PSoC5/Tx.c **** *  None
 175:Generated_Source\PSoC5/Tx.c **** *
 176:Generated_Source\PSoC5/Tx.c **** * Return:
 177:Generated_Source\PSoC5/Tx.c **** *  None
 178:Generated_Source\PSoC5/Tx.c **** *
 179:Generated_Source\PSoC5/Tx.c **** *******************************************************************************/
 180:Generated_Source\PSoC5/Tx.c **** uint8 Tx_ReadCounter(void) 
 181:Generated_Source\PSoC5/Tx.c **** {
 198              		.loc 1 181 0
 199              		.cfi_startproc
 200              		@ args = 0, pretend = 0, frame = 0
 201              		@ frame_needed = 0, uses_anonymous_args = 0
 202              		@ link register save eliminated.
 182:Generated_Source\PSoC5/Tx.c ****     return(Tx_COUNT_REG & Tx_COUNT_7BIT_MASK);
 203              		.loc 1 182 0
 204 0000 024B     		ldr	r3, .L19
 205 0002 1878     		ldrb	r0, [r3]	@ zero_extendqisi2
 183:Generated_Source\PSoC5/Tx.c **** }
 206              		.loc 1 183 0
 207 0004 00F07F00 		and	r0, r0, #127
 208 0008 7047     		bx	lr
 209              	.L20:
 210 000a 00BF     		.align	2
 211              	.L19:
 212 000c 7A640040 		.word	1073767546
 213              		.cfi_endproc
ARM GAS  C:\Users\Zwe\AppData\Local\Temp\ccR3KbSD.s 			page 8


 214              	.LFE5:
 215              		.size	Tx_ReadCounter, .-Tx_ReadCounter
 216              		.section	.text.Tx_WritePeriod,"ax",%progbits
 217              		.align	1
 218              		.global	Tx_WritePeriod
 219              		.thumb
 220              		.thumb_func
 221              		.type	Tx_WritePeriod, %function
 222              	Tx_WritePeriod:
 223              	.LFB6:
 184:Generated_Source\PSoC5/Tx.c **** 
 185:Generated_Source\PSoC5/Tx.c **** 
 186:Generated_Source\PSoC5/Tx.c **** /*******************************************************************************
 187:Generated_Source\PSoC5/Tx.c **** * Function Name: Tx_WritePeriod
 188:Generated_Source\PSoC5/Tx.c **** ********************************************************************************
 189:Generated_Source\PSoC5/Tx.c **** *
 190:Generated_Source\PSoC5/Tx.c **** * Summary:
 191:Generated_Source\PSoC5/Tx.c **** *  This function writes the period register. The actual period is one greater
 192:Generated_Source\PSoC5/Tx.c **** *  than the value in the period register since the counting sequence starts
 193:Generated_Source\PSoC5/Tx.c **** *  with the period register and counts down to 0 inclusive. The period of the
 194:Generated_Source\PSoC5/Tx.c **** *  counter output does not change until the counter is reloaded following the
 195:Generated_Source\PSoC5/Tx.c **** *  terminal count value of 0 or due to a hardware load signal.
 196:Generated_Source\PSoC5/Tx.c **** *
 197:Generated_Source\PSoC5/Tx.c **** * Parameters:
 198:Generated_Source\PSoC5/Tx.c **** *  period - Period value to be written.
 199:Generated_Source\PSoC5/Tx.c **** *
 200:Generated_Source\PSoC5/Tx.c **** * Return:
 201:Generated_Source\PSoC5/Tx.c **** *  None
 202:Generated_Source\PSoC5/Tx.c **** *
 203:Generated_Source\PSoC5/Tx.c **** *******************************************************************************/
 204:Generated_Source\PSoC5/Tx.c **** void Tx_WritePeriod(uint8 period) 
 205:Generated_Source\PSoC5/Tx.c **** {
 224              		.loc 1 205 0
 225              		.cfi_startproc
 226              		@ args = 0, pretend = 0, frame = 0
 227              		@ frame_needed = 0, uses_anonymous_args = 0
 228              		@ link register save eliminated.
 229              	.LVL7:
 206:Generated_Source\PSoC5/Tx.c ****     Tx_PERIOD_REG = period;
 230              		.loc 1 206 0
 231 0000 014B     		ldr	r3, .L22
 232 0002 1870     		strb	r0, [r3]
 233 0004 7047     		bx	lr
 234              	.L23:
 235 0006 00BF     		.align	2
 236              	.L22:
 237 0008 8A640040 		.word	1073767562
 238              		.cfi_endproc
 239              	.LFE6:
 240              		.size	Tx_WritePeriod, .-Tx_WritePeriod
 241              		.section	.text.Tx_ReadPeriod,"ax",%progbits
 242              		.align	1
 243              		.global	Tx_ReadPeriod
 244              		.thumb
 245              		.thumb_func
 246              		.type	Tx_ReadPeriod, %function
 247              	Tx_ReadPeriod:
ARM GAS  C:\Users\Zwe\AppData\Local\Temp\ccR3KbSD.s 			page 9


 248              	.LFB7:
 207:Generated_Source\PSoC5/Tx.c **** }
 208:Generated_Source\PSoC5/Tx.c **** 
 209:Generated_Source\PSoC5/Tx.c **** 
 210:Generated_Source\PSoC5/Tx.c **** /*******************************************************************************
 211:Generated_Source\PSoC5/Tx.c **** * Function Name: Tx_ReadPeriod
 212:Generated_Source\PSoC5/Tx.c **** ********************************************************************************
 213:Generated_Source\PSoC5/Tx.c **** *
 214:Generated_Source\PSoC5/Tx.c **** * Summary:
 215:Generated_Source\PSoC5/Tx.c **** *  This function reads the period register.
 216:Generated_Source\PSoC5/Tx.c **** *
 217:Generated_Source\PSoC5/Tx.c **** * Parameters:
 218:Generated_Source\PSoC5/Tx.c **** *  None
 219:Generated_Source\PSoC5/Tx.c **** *
 220:Generated_Source\PSoC5/Tx.c **** * Return:
 221:Generated_Source\PSoC5/Tx.c **** *  uint8 - Current period value.
 222:Generated_Source\PSoC5/Tx.c **** *
 223:Generated_Source\PSoC5/Tx.c **** *******************************************************************************/
 224:Generated_Source\PSoC5/Tx.c **** uint8 Tx_ReadPeriod(void) 
 225:Generated_Source\PSoC5/Tx.c **** {
 249              		.loc 1 225 0
 250              		.cfi_startproc
 251              		@ args = 0, pretend = 0, frame = 0
 252              		@ frame_needed = 0, uses_anonymous_args = 0
 253              		@ link register save eliminated.
 226:Generated_Source\PSoC5/Tx.c ****     return(Tx_PERIOD_REG);
 254              		.loc 1 226 0
 255 0000 014B     		ldr	r3, .L25
 256 0002 1878     		ldrb	r0, [r3]	@ zero_extendqisi2
 227:Generated_Source\PSoC5/Tx.c **** }
 257              		.loc 1 227 0
 258 0004 7047     		bx	lr
 259              	.L26:
 260 0006 00BF     		.align	2
 261              	.L25:
 262 0008 8A640040 		.word	1073767562
 263              		.cfi_endproc
 264              	.LFE7:
 265              		.size	Tx_ReadPeriod, .-Tx_ReadPeriod
 266              		.global	Tx_initVar
 267              		.bss
 268              		.set	.LANCHOR0,. + 0
 269              		.type	Tx_initVar, %object
 270              		.size	Tx_initVar, 1
 271              	Tx_initVar:
 272 0000 00       		.space	1
 273              		.text
 274              	.Letext0:
 275              		.file 2 "Generated_Source\\PSoC5\\cytypes.h"
 276              		.file 3 "Generated_Source\\PSoC5\\CyLib.h"
 277              		.section	.debug_info,"",%progbits
 278              	.Ldebug_info0:
 279 0000 F4010000 		.4byte	0x1f4
 280 0004 0400     		.2byte	0x4
 281 0006 00000000 		.4byte	.Ldebug_abbrev0
 282 000a 04       		.byte	0x4
 283 000b 01       		.uleb128 0x1
ARM GAS  C:\Users\Zwe\AppData\Local\Temp\ccR3KbSD.s 			page 10


 284 000c E1000000 		.4byte	.LASF28
 285 0010 0C       		.byte	0xc
 286 0011 82000000 		.4byte	.LASF29
 287 0015 39000000 		.4byte	.LASF30
 288 0019 00000000 		.4byte	.Ldebug_ranges0+0
 289 001d 00000000 		.4byte	0
 290 0021 00000000 		.4byte	.Ldebug_line0
 291 0025 02       		.uleb128 0x2
 292 0026 01       		.byte	0x1
 293 0027 06       		.byte	0x6
 294 0028 42020000 		.4byte	.LASF0
 295 002c 02       		.uleb128 0x2
 296 002d 01       		.byte	0x1
 297 002e 08       		.byte	0x8
 298 002f B5000000 		.4byte	.LASF1
 299 0033 02       		.uleb128 0x2
 300 0034 02       		.byte	0x2
 301 0035 05       		.byte	0x5
 302 0036 23020000 		.4byte	.LASF2
 303 003a 02       		.uleb128 0x2
 304 003b 02       		.byte	0x2
 305 003c 07       		.byte	0x7
 306 003d 26000000 		.4byte	.LASF3
 307 0041 02       		.uleb128 0x2
 308 0042 04       		.byte	0x4
 309 0043 05       		.byte	0x5
 310 0044 2D020000 		.4byte	.LASF4
 311 0048 02       		.uleb128 0x2
 312 0049 04       		.byte	0x4
 313 004a 07       		.byte	0x7
 314 004b AC010000 		.4byte	.LASF5
 315 004f 02       		.uleb128 0x2
 316 0050 08       		.byte	0x8
 317 0051 05       		.byte	0x5
 318 0052 07020000 		.4byte	.LASF6
 319 0056 02       		.uleb128 0x2
 320 0057 08       		.byte	0x8
 321 0058 07       		.byte	0x7
 322 0059 9E000000 		.4byte	.LASF7
 323 005d 03       		.uleb128 0x3
 324 005e 04       		.byte	0x4
 325 005f 05       		.byte	0x5
 326 0060 696E7400 		.ascii	"int\000"
 327 0064 02       		.uleb128 0x2
 328 0065 04       		.byte	0x4
 329 0066 07       		.byte	0x7
 330 0067 BE010000 		.4byte	.LASF8
 331 006b 04       		.uleb128 0x4
 332 006c 6F010000 		.4byte	.LASF12
 333 0070 02       		.byte	0x2
 334 0071 E401     		.2byte	0x1e4
 335 0073 2C000000 		.4byte	0x2c
 336 0077 02       		.uleb128 0x2
 337 0078 04       		.byte	0x4
 338 0079 04       		.byte	0x4
 339 007a 7C000000 		.4byte	.LASF9
 340 007e 02       		.uleb128 0x2
ARM GAS  C:\Users\Zwe\AppData\Local\Temp\ccR3KbSD.s 			page 11


 341 007f 08       		.byte	0x8
 342 0080 04       		.byte	0x4
 343 0081 75010000 		.4byte	.LASF10
 344 0085 02       		.uleb128 0x2
 345 0086 01       		.byte	0x1
 346 0087 08       		.byte	0x8
 347 0088 15020000 		.4byte	.LASF11
 348 008c 04       		.uleb128 0x4
 349 008d F9010000 		.4byte	.LASF13
 350 0091 02       		.byte	0x2
 351 0092 8E02     		.2byte	0x28e
 352 0094 98000000 		.4byte	0x98
 353 0098 05       		.uleb128 0x5
 354 0099 6B000000 		.4byte	0x6b
 355 009d 02       		.uleb128 0x2
 356 009e 08       		.byte	0x8
 357 009f 04       		.byte	0x4
 358 00a0 36020000 		.4byte	.LASF14
 359 00a4 02       		.uleb128 0x2
 360 00a5 04       		.byte	0x4
 361 00a6 07       		.byte	0x7
 362 00a7 FE010000 		.4byte	.LASF15
 363 00ab 06       		.uleb128 0x6
 364 00ac E1010000 		.4byte	.LASF31
 365 00b0 01       		.byte	0x1
 366 00b1 2A       		.byte	0x2a
 367 00b2 01       		.byte	0x1
 368 00b3 07       		.uleb128 0x7
 369 00b4 AB000000 		.4byte	0xab
 370 00b8 00000000 		.4byte	.LFB0
 371 00bc 0C000000 		.4byte	.LFE0-.LFB0
 372 00c0 01       		.uleb128 0x1
 373 00c1 9C       		.byte	0x9c
 374 00c2 08       		.uleb128 0x8
 375 00c3 0D000000 		.4byte	.LASF16
 376 00c7 01       		.byte	0x1
 377 00c8 47       		.byte	0x47
 378 00c9 00000000 		.4byte	.LFB1
 379 00cd 1C000000 		.4byte	.LFE1-.LFB1
 380 00d1 01       		.uleb128 0x1
 381 00d2 9C       		.byte	0x9c
 382 00d3 F9000000 		.4byte	0xf9
 383 00d7 09       		.uleb128 0x9
 384 00d8 D2000000 		.4byte	.LASF19
 385 00dc 01       		.byte	0x1
 386 00dd 49       		.byte	0x49
 387 00de 6B000000 		.4byte	0x6b
 388 00e2 00000000 		.4byte	.LLST0
 389 00e6 0A       		.uleb128 0xa
 390 00e7 06000000 		.4byte	.LVL0
 391 00eb E1010000 		.4byte	0x1e1
 392 00ef 0B       		.uleb128 0xb
 393 00f0 18000000 		.4byte	.LVL1
 394 00f4 EC010000 		.4byte	0x1ec
 395 00f8 00       		.byte	0
 396 00f9 08       		.uleb128 0x8
 397 00fa 1A020000 		.4byte	.LASF17
ARM GAS  C:\Users\Zwe\AppData\Local\Temp\ccR3KbSD.s 			page 12


 398 00fe 01       		.byte	0x1
 399 00ff 69       		.byte	0x69
 400 0100 00000000 		.4byte	.LFB2
 401 0104 1C000000 		.4byte	.LFE2-.LFB2
 402 0108 01       		.uleb128 0x1
 403 0109 9C       		.byte	0x9c
 404 010a 27010000 		.4byte	0x127
 405 010e 0C       		.uleb128 0xc
 406 010f AB000000 		.4byte	0xab
 407 0113 06000000 		.4byte	.LBB4
 408 0117 06000000 		.4byte	.LBE4-.LBB4
 409 011b 01       		.byte	0x1
 410 011c 6E       		.byte	0x6e
 411 011d 0B       		.uleb128 0xb
 412 011e 14000000 		.4byte	.LVL2
 413 0122 C2000000 		.4byte	0xc2
 414 0126 00       		.byte	0
 415 0127 08       		.uleb128 0x8
 416 0128 4E020000 		.4byte	.LASF18
 417 012c 01       		.byte	0x1
 418 012d 85       		.byte	0x85
 419 012e 00000000 		.4byte	.LFB3
 420 0132 1C000000 		.4byte	.LFE3-.LFB3
 421 0136 01       		.uleb128 0x1
 422 0137 9C       		.byte	0x9c
 423 0138 5E010000 		.4byte	0x15e
 424 013c 09       		.uleb128 0x9
 425 013d D2000000 		.4byte	.LASF19
 426 0141 01       		.byte	0x1
 427 0142 87       		.byte	0x87
 428 0143 6B000000 		.4byte	0x6b
 429 0147 13000000 		.4byte	.LLST1
 430 014b 0A       		.uleb128 0xa
 431 014c 06000000 		.4byte	.LVL3
 432 0150 E1010000 		.4byte	0x1e1
 433 0154 0B       		.uleb128 0xb
 434 0155 18000000 		.4byte	.LVL4
 435 0159 EC010000 		.4byte	0x1ec
 436 015d 00       		.byte	0
 437 015e 08       		.uleb128 0x8
 438 015f E9010000 		.4byte	.LASF20
 439 0163 01       		.byte	0x1
 440 0164 A0       		.byte	0xa0
 441 0165 00000000 		.4byte	.LFB4
 442 0169 10000000 		.4byte	.LFE4-.LFB4
 443 016d 01       		.uleb128 0x1
 444 016e 9C       		.byte	0x9c
 445 016f 83010000 		.4byte	0x183
 446 0173 0D       		.uleb128 0xd
 447 0174 00000000 		.4byte	.LASF22
 448 0178 01       		.byte	0x1
 449 0179 A0       		.byte	0xa0
 450 017a 6B000000 		.4byte	0x6b
 451 017e 26000000 		.4byte	.LLST2
 452 0182 00       		.byte	0
 453 0183 0E       		.uleb128 0xe
 454 0184 17000000 		.4byte	.LASF24
ARM GAS  C:\Users\Zwe\AppData\Local\Temp\ccR3KbSD.s 			page 13


 455 0188 01       		.byte	0x1
 456 0189 B4       		.byte	0xb4
 457 018a 6B000000 		.4byte	0x6b
 458 018e 00000000 		.4byte	.LFB5
 459 0192 10000000 		.4byte	.LFE5-.LFB5
 460 0196 01       		.uleb128 0x1
 461 0197 9C       		.byte	0x9c
 462 0198 08       		.uleb128 0x8
 463 0199 C3000000 		.4byte	.LASF21
 464 019d 01       		.byte	0x1
 465 019e CC       		.byte	0xcc
 466 019f 00000000 		.4byte	.LFB6
 467 01a3 0C000000 		.4byte	.LFE6-.LFB6
 468 01a7 01       		.uleb128 0x1
 469 01a8 9C       		.byte	0x9c
 470 01a9 BB010000 		.4byte	0x1bb
 471 01ad 0F       		.uleb128 0xf
 472 01ae 06000000 		.4byte	.LASF23
 473 01b2 01       		.byte	0x1
 474 01b3 CC       		.byte	0xcc
 475 01b4 6B000000 		.4byte	0x6b
 476 01b8 01       		.uleb128 0x1
 477 01b9 50       		.byte	0x50
 478 01ba 00       		.byte	0
 479 01bb 0E       		.uleb128 0xe
 480 01bc 7C010000 		.4byte	.LASF25
 481 01c0 01       		.byte	0x1
 482 01c1 E0       		.byte	0xe0
 483 01c2 6B000000 		.4byte	0x6b
 484 01c6 00000000 		.4byte	.LFB7
 485 01ca 0C000000 		.4byte	.LFE7-.LFB7
 486 01ce 01       		.uleb128 0x1
 487 01cf 9C       		.byte	0x9c
 488 01d0 10       		.uleb128 0x10
 489 01d1 8A010000 		.4byte	.LASF32
 490 01d5 01       		.byte	0x1
 491 01d6 13       		.byte	0x13
 492 01d7 6B000000 		.4byte	0x6b
 493 01db 05       		.uleb128 0x5
 494 01dc 03       		.byte	0x3
 495 01dd 00000000 		.4byte	Tx_initVar
 496 01e1 11       		.uleb128 0x11
 497 01e2 95010000 		.4byte	.LASF26
 498 01e6 95010000 		.4byte	.LASF26
 499 01ea 03       		.byte	0x3
 500 01eb 7D       		.byte	0x7d
 501 01ec 11       		.uleb128 0x11
 502 01ed CB010000 		.4byte	.LASF27
 503 01f1 CB010000 		.4byte	.LASF27
 504 01f5 03       		.byte	0x3
 505 01f6 7E       		.byte	0x7e
 506 01f7 00       		.byte	0
 507              		.section	.debug_abbrev,"",%progbits
 508              	.Ldebug_abbrev0:
 509 0000 01       		.uleb128 0x1
 510 0001 11       		.uleb128 0x11
 511 0002 01       		.byte	0x1
ARM GAS  C:\Users\Zwe\AppData\Local\Temp\ccR3KbSD.s 			page 14


 512 0003 25       		.uleb128 0x25
 513 0004 0E       		.uleb128 0xe
 514 0005 13       		.uleb128 0x13
 515 0006 0B       		.uleb128 0xb
 516 0007 03       		.uleb128 0x3
 517 0008 0E       		.uleb128 0xe
 518 0009 1B       		.uleb128 0x1b
 519 000a 0E       		.uleb128 0xe
 520 000b 55       		.uleb128 0x55
 521 000c 17       		.uleb128 0x17
 522 000d 11       		.uleb128 0x11
 523 000e 01       		.uleb128 0x1
 524 000f 10       		.uleb128 0x10
 525 0010 17       		.uleb128 0x17
 526 0011 00       		.byte	0
 527 0012 00       		.byte	0
 528 0013 02       		.uleb128 0x2
 529 0014 24       		.uleb128 0x24
 530 0015 00       		.byte	0
 531 0016 0B       		.uleb128 0xb
 532 0017 0B       		.uleb128 0xb
 533 0018 3E       		.uleb128 0x3e
 534 0019 0B       		.uleb128 0xb
 535 001a 03       		.uleb128 0x3
 536 001b 0E       		.uleb128 0xe
 537 001c 00       		.byte	0
 538 001d 00       		.byte	0
 539 001e 03       		.uleb128 0x3
 540 001f 24       		.uleb128 0x24
 541 0020 00       		.byte	0
 542 0021 0B       		.uleb128 0xb
 543 0022 0B       		.uleb128 0xb
 544 0023 3E       		.uleb128 0x3e
 545 0024 0B       		.uleb128 0xb
 546 0025 03       		.uleb128 0x3
 547 0026 08       		.uleb128 0x8
 548 0027 00       		.byte	0
 549 0028 00       		.byte	0
 550 0029 04       		.uleb128 0x4
 551 002a 16       		.uleb128 0x16
 552 002b 00       		.byte	0
 553 002c 03       		.uleb128 0x3
 554 002d 0E       		.uleb128 0xe
 555 002e 3A       		.uleb128 0x3a
 556 002f 0B       		.uleb128 0xb
 557 0030 3B       		.uleb128 0x3b
 558 0031 05       		.uleb128 0x5
 559 0032 49       		.uleb128 0x49
 560 0033 13       		.uleb128 0x13
 561 0034 00       		.byte	0
 562 0035 00       		.byte	0
 563 0036 05       		.uleb128 0x5
 564 0037 35       		.uleb128 0x35
 565 0038 00       		.byte	0
 566 0039 49       		.uleb128 0x49
 567 003a 13       		.uleb128 0x13
 568 003b 00       		.byte	0
ARM GAS  C:\Users\Zwe\AppData\Local\Temp\ccR3KbSD.s 			page 15


 569 003c 00       		.byte	0
 570 003d 06       		.uleb128 0x6
 571 003e 2E       		.uleb128 0x2e
 572 003f 00       		.byte	0
 573 0040 3F       		.uleb128 0x3f
 574 0041 19       		.uleb128 0x19
 575 0042 03       		.uleb128 0x3
 576 0043 0E       		.uleb128 0xe
 577 0044 3A       		.uleb128 0x3a
 578 0045 0B       		.uleb128 0xb
 579 0046 3B       		.uleb128 0x3b
 580 0047 0B       		.uleb128 0xb
 581 0048 27       		.uleb128 0x27
 582 0049 19       		.uleb128 0x19
 583 004a 20       		.uleb128 0x20
 584 004b 0B       		.uleb128 0xb
 585 004c 00       		.byte	0
 586 004d 00       		.byte	0
 587 004e 07       		.uleb128 0x7
 588 004f 2E       		.uleb128 0x2e
 589 0050 00       		.byte	0
 590 0051 31       		.uleb128 0x31
 591 0052 13       		.uleb128 0x13
 592 0053 11       		.uleb128 0x11
 593 0054 01       		.uleb128 0x1
 594 0055 12       		.uleb128 0x12
 595 0056 06       		.uleb128 0x6
 596 0057 40       		.uleb128 0x40
 597 0058 18       		.uleb128 0x18
 598 0059 9742     		.uleb128 0x2117
 599 005b 19       		.uleb128 0x19
 600 005c 00       		.byte	0
 601 005d 00       		.byte	0
 602 005e 08       		.uleb128 0x8
 603 005f 2E       		.uleb128 0x2e
 604 0060 01       		.byte	0x1
 605 0061 3F       		.uleb128 0x3f
 606 0062 19       		.uleb128 0x19
 607 0063 03       		.uleb128 0x3
 608 0064 0E       		.uleb128 0xe
 609 0065 3A       		.uleb128 0x3a
 610 0066 0B       		.uleb128 0xb
 611 0067 3B       		.uleb128 0x3b
 612 0068 0B       		.uleb128 0xb
 613 0069 27       		.uleb128 0x27
 614 006a 19       		.uleb128 0x19
 615 006b 11       		.uleb128 0x11
 616 006c 01       		.uleb128 0x1
 617 006d 12       		.uleb128 0x12
 618 006e 06       		.uleb128 0x6
 619 006f 40       		.uleb128 0x40
 620 0070 18       		.uleb128 0x18
 621 0071 9742     		.uleb128 0x2117
 622 0073 19       		.uleb128 0x19
 623 0074 01       		.uleb128 0x1
 624 0075 13       		.uleb128 0x13
 625 0076 00       		.byte	0
ARM GAS  C:\Users\Zwe\AppData\Local\Temp\ccR3KbSD.s 			page 16


 626 0077 00       		.byte	0
 627 0078 09       		.uleb128 0x9
 628 0079 34       		.uleb128 0x34
 629 007a 00       		.byte	0
 630 007b 03       		.uleb128 0x3
 631 007c 0E       		.uleb128 0xe
 632 007d 3A       		.uleb128 0x3a
 633 007e 0B       		.uleb128 0xb
 634 007f 3B       		.uleb128 0x3b
 635 0080 0B       		.uleb128 0xb
 636 0081 49       		.uleb128 0x49
 637 0082 13       		.uleb128 0x13
 638 0083 02       		.uleb128 0x2
 639 0084 17       		.uleb128 0x17
 640 0085 00       		.byte	0
 641 0086 00       		.byte	0
 642 0087 0A       		.uleb128 0xa
 643 0088 898201   		.uleb128 0x4109
 644 008b 00       		.byte	0
 645 008c 11       		.uleb128 0x11
 646 008d 01       		.uleb128 0x1
 647 008e 31       		.uleb128 0x31
 648 008f 13       		.uleb128 0x13
 649 0090 00       		.byte	0
 650 0091 00       		.byte	0
 651 0092 0B       		.uleb128 0xb
 652 0093 898201   		.uleb128 0x4109
 653 0096 00       		.byte	0
 654 0097 11       		.uleb128 0x11
 655 0098 01       		.uleb128 0x1
 656 0099 9542     		.uleb128 0x2115
 657 009b 19       		.uleb128 0x19
 658 009c 31       		.uleb128 0x31
 659 009d 13       		.uleb128 0x13
 660 009e 00       		.byte	0
 661 009f 00       		.byte	0
 662 00a0 0C       		.uleb128 0xc
 663 00a1 1D       		.uleb128 0x1d
 664 00a2 00       		.byte	0
 665 00a3 31       		.uleb128 0x31
 666 00a4 13       		.uleb128 0x13
 667 00a5 11       		.uleb128 0x11
 668 00a6 01       		.uleb128 0x1
 669 00a7 12       		.uleb128 0x12
 670 00a8 06       		.uleb128 0x6
 671 00a9 58       		.uleb128 0x58
 672 00aa 0B       		.uleb128 0xb
 673 00ab 59       		.uleb128 0x59
 674 00ac 0B       		.uleb128 0xb
 675 00ad 00       		.byte	0
 676 00ae 00       		.byte	0
 677 00af 0D       		.uleb128 0xd
 678 00b0 05       		.uleb128 0x5
 679 00b1 00       		.byte	0
 680 00b2 03       		.uleb128 0x3
 681 00b3 0E       		.uleb128 0xe
 682 00b4 3A       		.uleb128 0x3a
ARM GAS  C:\Users\Zwe\AppData\Local\Temp\ccR3KbSD.s 			page 17


 683 00b5 0B       		.uleb128 0xb
 684 00b6 3B       		.uleb128 0x3b
 685 00b7 0B       		.uleb128 0xb
 686 00b8 49       		.uleb128 0x49
 687 00b9 13       		.uleb128 0x13
 688 00ba 02       		.uleb128 0x2
 689 00bb 17       		.uleb128 0x17
 690 00bc 00       		.byte	0
 691 00bd 00       		.byte	0
 692 00be 0E       		.uleb128 0xe
 693 00bf 2E       		.uleb128 0x2e
 694 00c0 00       		.byte	0
 695 00c1 3F       		.uleb128 0x3f
 696 00c2 19       		.uleb128 0x19
 697 00c3 03       		.uleb128 0x3
 698 00c4 0E       		.uleb128 0xe
 699 00c5 3A       		.uleb128 0x3a
 700 00c6 0B       		.uleb128 0xb
 701 00c7 3B       		.uleb128 0x3b
 702 00c8 0B       		.uleb128 0xb
 703 00c9 27       		.uleb128 0x27
 704 00ca 19       		.uleb128 0x19
 705 00cb 49       		.uleb128 0x49
 706 00cc 13       		.uleb128 0x13
 707 00cd 11       		.uleb128 0x11
 708 00ce 01       		.uleb128 0x1
 709 00cf 12       		.uleb128 0x12
 710 00d0 06       		.uleb128 0x6
 711 00d1 40       		.uleb128 0x40
 712 00d2 18       		.uleb128 0x18
 713 00d3 9742     		.uleb128 0x2117
 714 00d5 19       		.uleb128 0x19
 715 00d6 00       		.byte	0
 716 00d7 00       		.byte	0
 717 00d8 0F       		.uleb128 0xf
 718 00d9 05       		.uleb128 0x5
 719 00da 00       		.byte	0
 720 00db 03       		.uleb128 0x3
 721 00dc 0E       		.uleb128 0xe
 722 00dd 3A       		.uleb128 0x3a
 723 00de 0B       		.uleb128 0xb
 724 00df 3B       		.uleb128 0x3b
 725 00e0 0B       		.uleb128 0xb
 726 00e1 49       		.uleb128 0x49
 727 00e2 13       		.uleb128 0x13
 728 00e3 02       		.uleb128 0x2
 729 00e4 18       		.uleb128 0x18
 730 00e5 00       		.byte	0
 731 00e6 00       		.byte	0
 732 00e7 10       		.uleb128 0x10
 733 00e8 34       		.uleb128 0x34
 734 00e9 00       		.byte	0
 735 00ea 03       		.uleb128 0x3
 736 00eb 0E       		.uleb128 0xe
 737 00ec 3A       		.uleb128 0x3a
 738 00ed 0B       		.uleb128 0xb
 739 00ee 3B       		.uleb128 0x3b
ARM GAS  C:\Users\Zwe\AppData\Local\Temp\ccR3KbSD.s 			page 18


 740 00ef 0B       		.uleb128 0xb
 741 00f0 49       		.uleb128 0x49
 742 00f1 13       		.uleb128 0x13
 743 00f2 3F       		.uleb128 0x3f
 744 00f3 19       		.uleb128 0x19
 745 00f4 02       		.uleb128 0x2
 746 00f5 18       		.uleb128 0x18
 747 00f6 00       		.byte	0
 748 00f7 00       		.byte	0
 749 00f8 11       		.uleb128 0x11
 750 00f9 2E       		.uleb128 0x2e
 751 00fa 00       		.byte	0
 752 00fb 3F       		.uleb128 0x3f
 753 00fc 19       		.uleb128 0x19
 754 00fd 3C       		.uleb128 0x3c
 755 00fe 19       		.uleb128 0x19
 756 00ff 6E       		.uleb128 0x6e
 757 0100 0E       		.uleb128 0xe
 758 0101 03       		.uleb128 0x3
 759 0102 0E       		.uleb128 0xe
 760 0103 3A       		.uleb128 0x3a
 761 0104 0B       		.uleb128 0xb
 762 0105 3B       		.uleb128 0x3b
 763 0106 0B       		.uleb128 0xb
 764 0107 00       		.byte	0
 765 0108 00       		.byte	0
 766 0109 00       		.byte	0
 767              		.section	.debug_loc,"",%progbits
 768              	.Ldebug_loc0:
 769              	.LLST0:
 770 0000 06000000 		.4byte	.LVL0
 771 0004 17000000 		.4byte	.LVL1-1
 772 0008 0100     		.2byte	0x1
 773 000a 50       		.byte	0x50
 774 000b 00000000 		.4byte	0
 775 000f 00000000 		.4byte	0
 776              	.LLST1:
 777 0013 06000000 		.4byte	.LVL3
 778 0017 17000000 		.4byte	.LVL4-1
 779 001b 0100     		.2byte	0x1
 780 001d 50       		.byte	0x50
 781 001e 00000000 		.4byte	0
 782 0022 00000000 		.4byte	0
 783              	.LLST2:
 784 0026 00000000 		.4byte	.LVL5
 785 002a 06000000 		.4byte	.LVL6
 786 002e 0100     		.2byte	0x1
 787 0030 50       		.byte	0x50
 788 0031 06000000 		.4byte	.LVL6
 789 0035 10000000 		.4byte	.LFE4
 790 0039 0400     		.2byte	0x4
 791 003b F3       		.byte	0xf3
 792 003c 01       		.uleb128 0x1
 793 003d 50       		.byte	0x50
 794 003e 9F       		.byte	0x9f
 795 003f 00000000 		.4byte	0
 796 0043 00000000 		.4byte	0
ARM GAS  C:\Users\Zwe\AppData\Local\Temp\ccR3KbSD.s 			page 19


 797              		.section	.debug_aranges,"",%progbits
 798 0000 54000000 		.4byte	0x54
 799 0004 0200     		.2byte	0x2
 800 0006 00000000 		.4byte	.Ldebug_info0
 801 000a 04       		.byte	0x4
 802 000b 00       		.byte	0
 803 000c 0000     		.2byte	0
 804 000e 0000     		.2byte	0
 805 0010 00000000 		.4byte	.LFB0
 806 0014 0C000000 		.4byte	.LFE0-.LFB0
 807 0018 00000000 		.4byte	.LFB1
 808 001c 1C000000 		.4byte	.LFE1-.LFB1
 809 0020 00000000 		.4byte	.LFB2
 810 0024 1C000000 		.4byte	.LFE2-.LFB2
 811 0028 00000000 		.4byte	.LFB3
 812 002c 1C000000 		.4byte	.LFE3-.LFB3
 813 0030 00000000 		.4byte	.LFB4
 814 0034 10000000 		.4byte	.LFE4-.LFB4
 815 0038 00000000 		.4byte	.LFB5
 816 003c 10000000 		.4byte	.LFE5-.LFB5
 817 0040 00000000 		.4byte	.LFB6
 818 0044 0C000000 		.4byte	.LFE6-.LFB6
 819 0048 00000000 		.4byte	.LFB7
 820 004c 0C000000 		.4byte	.LFE7-.LFB7
 821 0050 00000000 		.4byte	0
 822 0054 00000000 		.4byte	0
 823              		.section	.debug_ranges,"",%progbits
 824              	.Ldebug_ranges0:
 825 0000 00000000 		.4byte	.LFB0
 826 0004 0C000000 		.4byte	.LFE0
 827 0008 00000000 		.4byte	.LFB1
 828 000c 1C000000 		.4byte	.LFE1
 829 0010 00000000 		.4byte	.LFB2
 830 0014 1C000000 		.4byte	.LFE2
 831 0018 00000000 		.4byte	.LFB3
 832 001c 1C000000 		.4byte	.LFE3
 833 0020 00000000 		.4byte	.LFB4
 834 0024 10000000 		.4byte	.LFE4
 835 0028 00000000 		.4byte	.LFB5
 836 002c 10000000 		.4byte	.LFE5
 837 0030 00000000 		.4byte	.LFB6
 838 0034 0C000000 		.4byte	.LFE6
 839 0038 00000000 		.4byte	.LFB7
 840 003c 0C000000 		.4byte	.LFE7
 841 0040 00000000 		.4byte	0
 842 0044 00000000 		.4byte	0
 843              		.section	.debug_line,"",%progbits
 844              	.Ldebug_line0:
 845 0000 E7000000 		.section	.debug_str,"MS",%progbits,1
 845      02004A00 
 845      00000201 
 845      FB0E0D00 
 845      01010101 
 846              	.LASF22:
 847 0000 636F756E 		.ascii	"count\000"
 847      7400
 848              	.LASF23:
ARM GAS  C:\Users\Zwe\AppData\Local\Temp\ccR3KbSD.s 			page 20


 849 0006 70657269 		.ascii	"period\000"
 849      6F6400
 850              	.LASF16:
 851 000d 54785F45 		.ascii	"Tx_Enable\000"
 851      6E61626C 
 851      6500
 852              	.LASF24:
 853 0017 54785F52 		.ascii	"Tx_ReadCounter\000"
 853      65616443 
 853      6F756E74 
 853      657200
 854              	.LASF3:
 855 0026 73686F72 		.ascii	"short unsigned int\000"
 855      7420756E 
 855      7369676E 
 855      65642069 
 855      6E7400
 856              	.LASF30:
 857 0039 433A5C55 		.ascii	"C:\\Users\\Zwe\\Desktop\\Psoc_Backup\\WIP4-interfac"
 857      73657273 
 857      5C5A7765 
 857      5C446573 
 857      6B746F70 
 858 0067 655C4243 		.ascii	"e\\BCD\\Design01.cydsn\000"
 858      445C4465 
 858      7369676E 
 858      30312E63 
 858      7964736E 
 859              	.LASF9:
 860 007c 666C6F61 		.ascii	"float\000"
 860      7400
 861              	.LASF29:
 862 0082 47656E65 		.ascii	"Generated_Source\\PSoC5\\Tx.c\000"
 862      72617465 
 862      645F536F 
 862      75726365 
 862      5C50536F 
 863              	.LASF7:
 864 009e 6C6F6E67 		.ascii	"long long unsigned int\000"
 864      206C6F6E 
 864      6720756E 
 864      7369676E 
 864      65642069 
 865              	.LASF1:
 866 00b5 756E7369 		.ascii	"unsigned char\000"
 866      676E6564 
 866      20636861 
 866      7200
 867              	.LASF21:
 868 00c3 54785F57 		.ascii	"Tx_WritePeriod\000"
 868      72697465 
 868      50657269 
 868      6F6400
 869              	.LASF19:
 870 00d2 696E7465 		.ascii	"interruptState\000"
 870      72727570 
 870      74537461 
ARM GAS  C:\Users\Zwe\AppData\Local\Temp\ccR3KbSD.s 			page 21


 870      746500
 871              	.LASF28:
 872 00e1 474E5520 		.ascii	"GNU C11 5.4.1 20160609 (release) [ARM/embedded-5-br"
 872      43313120 
 872      352E342E 
 872      31203230 
 872      31363036 
 873 0114 616E6368 		.ascii	"anch revision 237715] -mcpu=cortex-m3 -mthumb -g -O"
 873      20726576 
 873      6973696F 
 873      6E203233 
 873      37373135 
 874 0147 73202D66 		.ascii	"s -ffunction-sections -ffat-lto-objects\000"
 874      66756E63 
 874      74696F6E 
 874      2D736563 
 874      74696F6E 
 875              	.LASF12:
 876 016f 75696E74 		.ascii	"uint8\000"
 876      3800
 877              	.LASF10:
 878 0175 646F7562 		.ascii	"double\000"
 878      6C6500
 879              	.LASF25:
 880 017c 54785F52 		.ascii	"Tx_ReadPeriod\000"
 880      65616450 
 880      6572696F 
 880      6400
 881              	.LASF32:
 882 018a 54785F69 		.ascii	"Tx_initVar\000"
 882      6E697456 
 882      617200
 883              	.LASF26:
 884 0195 4379456E 		.ascii	"CyEnterCriticalSection\000"
 884      74657243 
 884      72697469 
 884      63616C53 
 884      65637469 
 885              	.LASF5:
 886 01ac 6C6F6E67 		.ascii	"long unsigned int\000"
 886      20756E73 
 886      69676E65 
 886      6420696E 
 886      7400
 887              	.LASF8:
 888 01be 756E7369 		.ascii	"unsigned int\000"
 888      676E6564 
 888      20696E74 
 888      00
 889              	.LASF27:
 890 01cb 43794578 		.ascii	"CyExitCriticalSection\000"
 890      69744372 
 890      69746963 
 890      616C5365 
 890      6374696F 
 891              	.LASF31:
 892 01e1 54785F49 		.ascii	"Tx_Init\000"
ARM GAS  C:\Users\Zwe\AppData\Local\Temp\ccR3KbSD.s 			page 22


 892      6E697400 
 893              	.LASF20:
 894 01e9 54785F57 		.ascii	"Tx_WriteCounter\000"
 894      72697465 
 894      436F756E 
 894      74657200 
 895              	.LASF13:
 896 01f9 72656738 		.ascii	"reg8\000"
 896      00
 897              	.LASF15:
 898 01fe 73697A65 		.ascii	"sizetype\000"
 898      74797065 
 898      00
 899              	.LASF6:
 900 0207 6C6F6E67 		.ascii	"long long int\000"
 900      206C6F6E 
 900      6720696E 
 900      7400
 901              	.LASF11:
 902 0215 63686172 		.ascii	"char\000"
 902      00
 903              	.LASF17:
 904 021a 54785F53 		.ascii	"Tx_Start\000"
 904      74617274 
 904      00
 905              	.LASF2:
 906 0223 73686F72 		.ascii	"short int\000"
 906      7420696E 
 906      7400
 907              	.LASF4:
 908 022d 6C6F6E67 		.ascii	"long int\000"
 908      20696E74 
 908      00
 909              	.LASF14:
 910 0236 6C6F6E67 		.ascii	"long double\000"
 910      20646F75 
 910      626C6500 
 911              	.LASF0:
 912 0242 7369676E 		.ascii	"signed char\000"
 912      65642063 
 912      68617200 
 913              	.LASF18:
 914 024e 54785F53 		.ascii	"Tx_Stop\000"
 914      746F7000 
 915              		.ident	"GCC: (GNU Tools for ARM Embedded Processors) 5.4.1 20160609 (release) [ARM/embedded-5-bran
